Archive member included to satisfy reference by file (symbol)

c:/vsarm/armcc/bin/../lib/gcc/arm-none-eabi/10.3.1/thumb/v6-m/nofp\libgcc.a(_dvmd_tls.o)
                              CMakeFiles/ss_oled_demo.dir/C_/VSARM/sdk/pico/pico-sdk/src/rp2_common/pico_divider/divider.S.obj (__aeabi_idiv0)
c:/vsarm/armcc/bin/../lib/gcc/arm-none-eabi/10.3.1/../../../../arm-none-eabi/lib/thumb/v6-m/nofp\libg.a(lib_a-calloc.o)
                              CMakeFiles/ss_oled_demo.dir/C_/VSARM/sdk/pico/pico-sdk/src/rp2_common/pico_malloc/pico_malloc.c.obj (calloc)
c:/vsarm/armcc/bin/../lib/gcc/arm-none-eabi/10.3.1/../../../../arm-none-eabi/lib/thumb/v6-m/nofp\libg.a(lib_a-callocr.o)
                              c:/vsarm/armcc/bin/../lib/gcc/arm-none-eabi/10.3.1/../../../../arm-none-eabi/lib/thumb/v6-m/nofp\libg.a(lib_a-calloc.o) (_calloc_r)
c:/vsarm/armcc/bin/../lib/gcc/arm-none-eabi/10.3.1/../../../../arm-none-eabi/lib/thumb/v6-m/nofp\libg.a(lib_a-ctype_.o)
                              CMakeFiles/ss_oled_demo.dir/C_/VSARM/sdk/pico/pico-sdk/lib/tinyusb/src/tusb.c.obj (_ctype_)
c:/vsarm/armcc/bin/../lib/gcc/arm-none-eabi/10.3.1/../../../../arm-none-eabi/lib/thumb/v6-m/nofp\libg.a(lib_a-errno.o)
                              c:/vsarm/armcc/bin/../lib/gcc/arm-none-eabi/10.3.1/../../../../arm-none-eabi/lib/thumb/v6-m/nofp\libg.a(lib_a-callocr.o) (__errno)
c:/vsarm/armcc/bin/../lib/gcc/arm-none-eabi/10.3.1/../../../../arm-none-eabi/lib/thumb/v6-m/nofp\libg.a(lib_a-impure.o)
                              c:/vsarm/armcc/bin/../lib/gcc/arm-none-eabi/10.3.1/../../../../arm-none-eabi/lib/thumb/v6-m/nofp\libg.a(lib_a-calloc.o) (_impure_ptr)
c:/vsarm/armcc/bin/../lib/gcc/arm-none-eabi/10.3.1/../../../../arm-none-eabi/lib/thumb/v6-m/nofp\libg.a(lib_a-init.o)
                              c:/vsarm/armcc/bin/../lib/gcc/arm-none-eabi/10.3.1/../../../../arm-none-eabi/lib/thumb/v6-m/nofp/crt0.o (__libc_init_array)
c:/vsarm/armcc/bin/../lib/gcc/arm-none-eabi/10.3.1/../../../../arm-none-eabi/lib/thumb/v6-m/nofp\libg.a(lib_a-malloc.o)
                              CMakeFiles/ss_oled_demo.dir/C_/VSARM/sdk/pico/pico-sdk/src/rp2_common/pico_malloc/pico_malloc.c.obj (malloc)
c:/vsarm/armcc/bin/../lib/gcc/arm-none-eabi/10.3.1/../../../../arm-none-eabi/lib/thumb/v6-m/nofp\libg.a(lib_a-mallocr.o)
                              c:/vsarm/armcc/bin/../lib/gcc/arm-none-eabi/10.3.1/../../../../arm-none-eabi/lib/thumb/v6-m/nofp\libg.a(lib_a-callocr.o) (_malloc_r)
c:/vsarm/armcc/bin/../lib/gcc/arm-none-eabi/10.3.1/../../../../arm-none-eabi/lib/thumb/v6-m/nofp\libg.a(lib_a-memcmp.o)
                              CMakeFiles/ss_oled_demo.dir/ss_oled.c.obj (memcmp)
c:/vsarm/armcc/bin/../lib/gcc/arm-none-eabi/10.3.1/../../../../arm-none-eabi/lib/thumb/v6-m/nofp\libg.a(lib_a-mlock.o)
                              c:/vsarm/armcc/bin/../lib/gcc/arm-none-eabi/10.3.1/../../../../arm-none-eabi/lib/thumb/v6-m/nofp\libg.a(lib_a-mallocr.o) (__malloc_lock)
c:/vsarm/armcc/bin/../lib/gcc/arm-none-eabi/10.3.1/../../../../arm-none-eabi/lib/thumb/v6-m/nofp\libg.a(lib_a-realloc.o)
                              CMakeFiles/ss_oled_demo.dir/C_/VSARM/sdk/pico/pico-sdk/src/rp2_common/pico_malloc/pico_malloc.c.obj (realloc)
c:/vsarm/armcc/bin/../lib/gcc/arm-none-eabi/10.3.1/../../../../arm-none-eabi/lib/thumb/v6-m/nofp\libg.a(lib_a-reallocr.o)
                              c:/vsarm/armcc/bin/../lib/gcc/arm-none-eabi/10.3.1/../../../../arm-none-eabi/lib/thumb/v6-m/nofp\libg.a(lib_a-realloc.o) (_realloc_r)
c:/vsarm/armcc/bin/../lib/gcc/arm-none-eabi/10.3.1/../../../../arm-none-eabi/lib/thumb/v6-m/nofp\libg.a(lib_a-sbrkr.o)
                              c:/vsarm/armcc/bin/../lib/gcc/arm-none-eabi/10.3.1/../../../../arm-none-eabi/lib/thumb/v6-m/nofp\libg.a(lib_a-mallocr.o) (_sbrk_r)
c:/vsarm/armcc/bin/../lib/gcc/arm-none-eabi/10.3.1/../../../../arm-none-eabi/lib/thumb/v6-m/nofp\libg.a(lib_a-strlen-stub.o)
                              CMakeFiles/ss_oled_demo.dir/C_/VSARM/sdk/pico/pico-sdk/src/rp2_common/pico_stdio/stdio.c.obj (strlen)
c:/vsarm/armcc/bin/../lib/gcc/arm-none-eabi/10.3.1/../../../../arm-none-eabi/lib/thumb/v6-m/nofp\libg.a(lib_a-freer.o)
                              c:/vsarm/armcc/bin/../lib/gcc/arm-none-eabi/10.3.1/../../../../arm-none-eabi/lib/thumb/v6-m/nofp\libg.a(lib_a-malloc.o) (_free_r)
c:/vsarm/armcc/bin/../lib/gcc/arm-none-eabi/10.3.1/../../../../arm-none-eabi/lib/thumb/v6-m/nofp\libg.a(lib_a-lock.o)
                              c:/vsarm/armcc/bin/../lib/gcc/arm-none-eabi/10.3.1/../../../../arm-none-eabi/lib/thumb/v6-m/nofp\libg.a(lib_a-mlock.o) (__retarget_lock_acquire_recursive)
c:/vsarm/armcc/bin/../lib/gcc/arm-none-eabi/10.3.1/../../../../arm-none-eabi/lib/thumb/v6-m/nofp\libg.a(lib_a-memmove.o)
                              c:/vsarm/armcc/bin/../lib/gcc/arm-none-eabi/10.3.1/../../../../arm-none-eabi/lib/thumb/v6-m/nofp\libg.a(lib_a-reallocr.o) (memmove)
[...]
Memory Configuration

Name             Origin             Length             Attributes
FLASH            0x10000000         0x00200000         xr
RAM              0x20000000         0x00040000         xrw
SCRATCH_X        0x20040000         0x00001000         xrw
SCRATCH_Y        0x20041000         0x00001000         xrw
*default*        0x00000000         0xffffffff

Linker script and memory map

LOAD c:/vsarm/armcc/bin/../lib/gcc/arm-none-eabi/10.3.1/thumb/v6-m/nofp/crti.o
LOAD c:/vsarm/armcc/bin/../lib/gcc/arm-none-eabi/10.3.1/thumb/v6-m/nofp/crtbegin.o
LOAD c:/vsarm/armcc/bin/../lib/gcc/arm-none-eabi/10.3.1/../../../../arm-none-eabi/lib/thumb/v6-m/nofp/crt0.o

.flash_begin    0x10000000        0x0
                0x10000000                __flash_binary_start = .

.boot2          0x10000000      0x100
                0x10000000                __boot2_start__ = .
 *(.boot2)
 .boot2         0x10000000      0x100 C:\Users\acer\AppData\Local\Temp\ccgTQGUm.o
                0x10000100                __boot2_end__ = .
                0x00000001                ASSERT (((__boot2_end__ - __boot2_start__) == 0x100), ERROR: Pico second stage bootloader must be 256 bytes in size)

.text           0x10000100     0x5438
                0x10000100                __logical_binary_start = .
 *(.vectors)
 .vectors       0x10000100       0xd4 CMakeFiles/ss_oled_demo.dir/C_/VSARM/sdk/pico/pico-sdk/src/rp2_common/pico_standard_link/crt0.S.obj
                0x10000100                __VECTOR_TABLE
                0x10000100                __vectors
                0x100001c0                isr_invalid
                0x100001c0                __default_isrs_start
                0x100001c2                isr_nmi
                0x100001c4                isr_hardfault
                0x100001c6                isr_svcall
                0x100001c8                isr_pendsv
                0x100001ca                isr_systick
                0x100001cc                isr_irq23
                0x100001cc                isr_irq18
                0x100001cc                isr_irq11
                0x100001cc                isr_irq28
                0x100001cc                isr_irq19
                0x100001cc                isr_irq0
                0x100001cc                isr_irq6
                0x100001cc                isr_irq5
                0x100001cc                isr_irq12
                0x100001cc                isr_irq22
                0x100001cc                isr_irq31
                0x100001cc                isr_irq17
                0x100001cc                isr_irq27
                0x100001cc                isr_irq30
                0x100001cc                isr_irq2
                0x100001cc                isr_irq10
                0x100001cc                isr_irq8
                0x100001cc                isr_irq24
                0x100001cc                isr_irq1
                0x100001cc                isr_irq7
                0x100001cc                isr_irq21
                0x100001cc                isr_irq20
                0x100001cc                isr_irq15
                0x100001cc                isr_irq25
                0x100001cc                isr_irq13
                0x100001cc                __unhandled_user_irq
                0x100001cc                isr_irq4
                0x100001cc                isr_irq16
                0x100001cc                isr_irq29
                0x100001cc                isr_irq26
                0x100001cc                __default_isrs_end
                0x100001cc                isr_irq3
                0x100001cc                isr_irq14
                0x100001cc                isr_irq9
                0x100001d2                unhandled_user_irq_num_in_r0
 *(.binary_info_header)
 .binary_info_header
                0x100001d4       0x14 CMakeFiles/ss_oled_demo.dir/C_/VSARM/sdk/pico/pico-sdk/src/rp2_common/pico_standard_link/crt0.S.obj
                0x100001e8                __binary_info_header_end = .
 *(.reset)
 .reset         0x100001e8       0xa8 CMakeFiles/ss_oled_demo.dir/C_/VSARM/sdk/pico/pico-sdk/src/rp2_common/pico_standard_link/crt0.S.obj
                0x100001e8                _entry_point
                0x10000266                __get_current_exception
 .reset         0x10000290       0x30 CMakeFiles/ss_oled_demo.dir/C_/VSARM/sdk/pico/pico-sdk/src/rp2_common/pico_standard_link/binary_info.c.obj
 *(.init)
 .init          0x100002c0        0x4 c:/vsarm/armcc/bin/../lib/gcc/arm-none-eabi/10.3.1/thumb/v6-m/nofp/crti.o
                0x100002c0                _init
 *(EXCLUDE_FILE(*libm.a: *libc.a:*lib_a-mem*.o *libgcc.a:) .text*)
 .text          0x100002c4       0x48 c:/vsarm/armcc/bin/../lib/gcc/arm-none-eabi/10.3.1/thumb/v6-m/nofp/crtbegin.o
 .text.main     0x1000030c       0xe0 CMakeFiles/ss_oled_demo.dir/ss_oled_demo.c.obj
                0x1000030c                main
 .text.SDA_READ
                0x100003ec        0xe CMakeFiles/ss_oled_demo.dir/BitBang_I2C.c.obj
 .text.SCL_LOW  0x100003fa        0xe CMakeFiles/ss_oled_demo.dir/BitBang_I2C.c.obj
 .text.SDA_LOW  0x10000408        0xe CMakeFiles/ss_oled_demo.dir/BitBang_I2C.c.obj
 .text.SDA_HIGH
                0x10000416       0x14 CMakeFiles/ss_oled_demo.dir/BitBang_I2C.c.obj
 .text.SCL_HIGH
                0x1000042a       0x14 CMakeFiles/ss_oled_demo.dir/BitBang_I2C.c.obj
 .text.i2cByteOut
                0x1000043e       0x94 CMakeFiles/ss_oled_demo.dir/BitBang_I2C.c.obj
 .text.i2cWrite
                0x100004d2       0x34 CMakeFiles/ss_oled_demo.dir/BitBang_I2C.c.obj
 .text.i2cBegin
                0x10000506       0x30 CMakeFiles/ss_oled_demo.dir/BitBang_I2C.c.obj
 .text.i2cEnd   0x10000536       0x30 CMakeFiles/ss_oled_demo.dir/BitBang_I2C.c.obj
 .text.i2cByteIn
                0x10000566       0x7c CMakeFiles/ss_oled_demo.dir/BitBang_I2C.c.obj
 .text.i2cRead  0x100005e2       0x24 CMakeFiles/ss_oled_demo.dir/BitBang_I2C.c.obj
 *fill*         0x10000606        0x2 
 .text.I2CInit  0x10000608       0xbc CMakeFiles/ss_oled_demo.dir/BitBang_I2C.c.obj
                0x10000608                I2CInit
 .text.I2CTest  0x100006c4       0x40 CMakeFiles/ss_oled_demo.dir/BitBang_I2C.c.obj
                0x100006c4                I2CTest
 .text.I2CWrite
                0x10000704       0x54 CMakeFiles/ss_oled_demo.dir/BitBang_I2C.c.obj
                0x10000704                I2CWrite
 .text.I2CReadRegister
                0x10000758       0x90 CMakeFiles/ss_oled_demo.dir/BitBang_I2C.c.obj
                0x10000758                I2CReadRegister
 .text._I2CWrite
                0x100007e8       0x12 CMakeFiles/ss_oled_demo.dir/ss_oled.c.obj
 .text.oledWriteCommand2
                0x100007fa       0x1a CMakeFiles/ss_oled_demo.dir/ss_oled.c.obj
 .text.oledSetPosition
                0x10000814       0x6e CMakeFiles/ss_oled_demo.dir/ss_oled.c.obj
 .text.oledWriteDataBlock
                0x10000882       0x52 CMakeFiles/ss_oled_demo.dir/ss_oled.c.obj
 .text.oledInit
                0x100008d4      0x1ec CMakeFiles/ss_oled_demo.dir/ss_oled.c.obj
                0x100008d4                oledInit
 .text.oledSetContrast
                0x10000ac0        0xc CMakeFiles/ss_oled_demo.dir/ss_oled.c.obj
                0x10000ac0                oledSetContrast
 .text.InvertBytes
                0x10000acc       0x16 CMakeFiles/ss_oled_demo.dir/ss_oled.c.obj
                0x10000acc                InvertBytes
 *fill*         0x10000ae2        0x2 
 .text.oledWriteString
                0x10000ae4      0x800 CMakeFiles/ss_oled_demo.dir/ss_oled.c.obj
                0x10000ae4                oledWriteString
 .text.oledFill
                0x100012e4       0x92 CMakeFiles/ss_oled_demo.dir/ss_oled.c.obj
                0x100012e4                oledFill
 *fill*         0x10001376        0x2 
 .text.gpio_set_function
                0x10001378       0x30 CMakeFiles/ss_oled_demo.dir/C_/VSARM/sdk/pico/pico-sdk/src/rp2_common/hardware_gpio/gpio.c.obj
                0x10001378                gpio_set_function
 .text.gpio_set_pulls
                0x100013a8       0x34 CMakeFiles/ss_oled_demo.dir/C_/VSARM/sdk/pico/pico-sdk/src/rp2_common/hardware_gpio/gpio.c.obj
                0x100013a8                gpio_set_pulls
 .text.gpio_init
                0x100013dc       0x16 CMakeFiles/ss_oled_demo.dir/C_/VSARM/sdk/pico/pico-sdk/src/rp2_common/hardware_gpio/gpio.c.obj
                0x100013dc                gpio_init
 *fill*         0x100013f2        0x2 
 .text.hw_claim_lock
                0x100013f4       0x18 CMakeFiles/ss_oled_demo.dir/C_/VSARM/sdk/pico/pico-sdk/src/rp2_common/hardware_claim/claim.c.obj
                0x100013f4                hw_claim_lock
 .text.hw_claim_unlock
                0x1000140c       0x14 CMakeFiles/ss_oled_demo.dir/C_/VSARM/sdk/pico/pico-sdk/src/rp2_common/hardware_claim/claim.c.obj
                0x1000140c                hw_claim_unlock
 .text.hw_claim_or_assert
                0x10001420       0x32 CMakeFiles/ss_oled_demo.dir/C_/VSARM/sdk/pico/pico-sdk/src/rp2_common/hardware_claim/claim.c.obj
                0x10001420                hw_claim_or_assert
 *fill*         0x10001452        0x2 
 .text.running_on_fpga
                0x10001454       0x14 CMakeFiles/ss_oled_demo.dir/C_/VSARM/sdk/pico/pico-sdk/src/rp2_common/pico_platform/platform.c.obj
                0x10001454                running_on_fpga
 .text.spin_locks_reset
                0x10001468       0x20 CMakeFiles/ss_oled_demo.dir/C_/VSARM/sdk/pico/pico-sdk/src/rp2_common/hardware_sync/sync.c.obj
                0x10001468                spin_locks_reset
 .text.next_striped_spin_lock_num
                0x10001488       0x1c CMakeFiles/ss_oled_demo.dir/C_/VSARM/sdk/pico/pico-sdk/src/rp2_common/hardware_sync/sync.c.obj
                0x10001488                next_striped_spin_lock_num
 .text.set_raw_irq_handler_and_unlock
                0x100014a4       0x28 CMakeFiles/ss_oled_demo.dir/C_/VSARM/sdk/pico/pico-sdk/src/rp2_common/hardware_irq/irq.c.obj
 .text.make_branch
                0x100014cc       0x48 CMakeFiles/ss_oled_demo.dir/C_/VSARM/sdk/pico/pico-sdk/src/rp2_common/hardware_irq/irq.c.obj
 .text.insert_branch_and_link
                0x10001514       0x40 CMakeFiles/ss_oled_demo.dir/C_/VSARM/sdk/pico/pico-sdk/src/rp2_common/hardware_irq/irq.c.obj
 .text.irq_is_enabled
                0x10001554       0x18 CMakeFiles/ss_oled_demo.dir/C_/VSARM/sdk/pico/pico-sdk/src/rp2_common/hardware_irq/irq.c.obj
                0x10001554                irq_is_enabled
 .text.irq_set_mask_enabled
                0x1000156c       0x20 CMakeFiles/ss_oled_demo.dir/C_/VSARM/sdk/pico/pico-sdk/src/rp2_common/hardware_irq/irq.c.obj
                0x1000156c                irq_set_mask_enabled
 .text.irq_set_enabled
                0x1000158c        0xe CMakeFiles/ss_oled_demo.dir/C_/VSARM/sdk/pico/pico-sdk/src/rp2_common/hardware_irq/irq.c.obj
                0x1000158c                irq_set_enabled
 *fill*         0x1000159a        0x2 
 .text.irq_get_vtable_handler
                0x1000159c       0x10 CMakeFiles/ss_oled_demo.dir/C_/VSARM/sdk/pico/pico-sdk/src/rp2_common/hardware_irq/irq.c.obj
                0x1000159c                irq_get_vtable_handler
 .text.irq_set_exclusive_handler
                0x100015ac       0x54 CMakeFiles/ss_oled_demo.dir/C_/VSARM/sdk/pico/pico-sdk/src/rp2_common/hardware_irq/irq.c.obj
                0x100015ac                irq_set_exclusive_handler
 .text.irq_remove_handler
                0x10001600      0x1a8 CMakeFiles/ss_oled_demo.dir/C_/VSARM/sdk/pico/pico-sdk/src/rp2_common/hardware_irq/irq.c.obj
                0x10001600                irq_remove_handler
 .text.irq_add_tail_to_free_list
                0x100017a8       0xf0 CMakeFiles/ss_oled_demo.dir/C_/VSARM/sdk/pico/pico-sdk/src/rp2_common/hardware_irq/irq.c.obj
                0x100017a8                irq_add_tail_to_free_list
 .text.irq_init_priorities
                0x10001898       0x1c CMakeFiles/ss_oled_demo.dir/C_/VSARM/sdk/pico/pico-sdk/src/rp2_common/hardware_irq/irq.c.obj
                0x10001898                irq_init_priorities
 .text.lock_init
                0x100018b4       0x10 CMakeFiles/ss_oled_demo.dir/C_/VSARM/sdk/pico/pico-sdk/src/common/pico_sync/lock_core.c.obj
                0x100018b4                lock_init
 .text.alarm_pool_post_alloc_init
                0x100018c4       0x40 CMakeFiles/ss_oled_demo.dir/C_/VSARM/sdk/pico/pico-sdk/src/common/pico_time/time.c.obj
 .text.sleep_until_callback
                0x10001904       0x30 CMakeFiles/ss_oled_demo.dir/C_/VSARM/sdk/pico/pico-sdk/src/common/pico_time/time.c.obj
 .text.timer_pool_entry_comparator
                0x10001934       0x7c CMakeFiles/ss_oled_demo.dir/C_/VSARM/sdk/pico/pico-sdk/src/common/pico_time/time.c.obj
                0x10001934                timer_pool_entry_comparator
 .text.ph_add_child_node
                0x100019b0       0xa4 CMakeFiles/ss_oled_demo.dir/C_/VSARM/sdk/pico/pico-sdk/src/common/pico_time/time.c.obj
 .text.ph_merge_nodes
                0x10001a54       0x3e CMakeFiles/ss_oled_demo.dir/C_/VSARM/sdk/pico/pico-sdk/src/common/pico_time/time.c.obj
 *fill*         0x10001a92        0x2 
 .text.add_alarm_under_lock
                0x10001a94      0x174 CMakeFiles/ss_oled_demo.dir/C_/VSARM/sdk/pico/pico-sdk/src/common/pico_time/time.c.obj
 .text.alarm_pool_alarm_callback
                0x10001c08      0x328 CMakeFiles/ss_oled_demo.dir/C_/VSARM/sdk/pico/pico-sdk/src/common/pico_time/time.c.obj
 .text.alarm_pool_init_default
                0x10001f30       0x38 CMakeFiles/ss_oled_demo.dir/C_/VSARM/sdk/pico/pico-sdk/src/common/pico_time/time.c.obj
                0x10001f30                alarm_pool_init_default
 .text.alarm_pool_get_default
                0x10001f68       0x2c CMakeFiles/ss_oled_demo.dir/C_/VSARM/sdk/pico/pico-sdk/src/common/pico_time/time.c.obj
                0x10001f68                alarm_pool_get_default
 .text.alarm_pool_add_alarm_at
                0x10001f94      0x170 CMakeFiles/ss_oled_demo.dir/C_/VSARM/sdk/pico/pico-sdk/src/common/pico_time/time.c.obj
                0x10001f94                alarm_pool_add_alarm_at
 .text.sleep_until
                0x10002104       0xfc CMakeFiles/ss_oled_demo.dir/C_/VSARM/sdk/pico/pico-sdk/src/common/pico_time/time.c.obj
                0x10002104                sleep_until
 .text.sleep_us
                0x10002200       0x58 CMakeFiles/ss_oled_demo.dir/C_/VSARM/sdk/pico/pico-sdk/src/common/pico_time/time.c.obj
                0x10002200                sleep_us
 .text.hardware_alarm_irq_handler
                0x10002258       0x8c CMakeFiles/ss_oled_demo.dir/C_/VSARM/sdk/pico/pico-sdk/src/rp2_common/hardware_timer/timer.c.obj
 .text.hardware_alarm_claim
                0x100022e4       0x18 CMakeFiles/ss_oled_demo.dir/C_/VSARM/sdk/pico/pico-sdk/src/rp2_common/hardware_timer/timer.c.obj
                0x100022e4                hardware_alarm_claim
 .text.time_us_64
                0x100022fc       0x18 CMakeFiles/ss_oled_demo.dir/C_/VSARM/sdk/pico/pico-sdk/src/rp2_common/hardware_timer/timer.c.obj
                0x100022fc                time_us_64
 .text.busy_wait_until
                0x10002314       0x28 CMakeFiles/ss_oled_demo.dir/C_/VSARM/sdk/pico/pico-sdk/src/rp2_common/hardware_timer/timer.c.obj
                0x10002314                busy_wait_until
 .text.hardware_alarm_set_callback
                0x1000233c       0x90 CMakeFiles/ss_oled_demo.dir/C_/VSARM/sdk/pico/pico-sdk/src/rp2_common/hardware_timer/timer.c.obj
                0x1000233c                hardware_alarm_set_callback
 .text.hardware_alarm_set_target
                0x100023cc       0xe8 CMakeFiles/ss_oled_demo.dir/C_/VSARM/sdk/pico/pico-sdk/src/rp2_common/hardware_timer/timer.c.obj
                0x100023cc                hardware_alarm_set_target
 .text.hardware_alarm_cancel
                0x100024b4       0x40 CMakeFiles/ss_oled_demo.dir/C_/VSARM/sdk/pico/pico-sdk/src/rp2_common/hardware_timer/timer.c.obj
                0x100024b4                hardware_alarm_cancel
 .text.ph_add_child_node
                0x100024f4       0xa4 CMakeFiles/ss_oled_demo.dir/C_/VSARM/sdk/pico/pico-sdk/src/common/pico_util/pheap.c.obj
 .text.ph_merge_nodes
                0x10002598       0x3e CMakeFiles/ss_oled_demo.dir/C_/VSARM/sdk/pico/pico-sdk/src/common/pico_util/pheap.c.obj
 *fill*         0x100025d6        0x2 
 .text.ph_clear
                0x100025d8       0x70 CMakeFiles/ss_oled_demo.dir/C_/VSARM/sdk/pico/pico-sdk/src/common/pico_util/pheap.c.obj
                0x100025d8                ph_clear
 .text.ph_post_alloc_init
                0x10002648        0xe CMakeFiles/ss_oled_demo.dir/C_/VSARM/sdk/pico/pico-sdk/src/common/pico_util/pheap.c.obj
                0x10002648                ph_post_alloc_init
 *fill*         0x10002656        0x2 
 .text.ph_merge_two_pass
                0x10002658       0xa8 CMakeFiles/ss_oled_demo.dir/C_/VSARM/sdk/pico/pico-sdk/src/common/pico_util/pheap.c.obj
                0x10002658                ph_merge_two_pass
 .text.ph_remove_any_head
                0x10002700      0x108 CMakeFiles/ss_oled_demo.dir/C_/VSARM/sdk/pico/pico-sdk/src/common/pico_util/pheap.c.obj
 .text.ph_remove_head
                0x10002808       0x14 CMakeFiles/ss_oled_demo.dir/C_/VSARM/sdk/pico/pico-sdk/src/common/pico_util/pheap.c.obj
                0x10002808                ph_remove_head
 .text.ph_remove_and_free_node
                0x1000281c       0xf8 CMakeFiles/ss_oled_demo.dir/C_/VSARM/sdk/pico/pico-sdk/src/common/pico_util/pheap.c.obj
                0x1000281c                ph_remove_and_free_node
 .text.mutex_init
                0x10002914       0x1a CMakeFiles/ss_oled_demo.dir/C_/VSARM/sdk/pico/pico-sdk/src/common/pico_sync/mutex.c.obj
                0x10002914                mutex_init
 .text.recursive_mutex_init
                0x1000292e       0x1e CMakeFiles/ss_oled_demo.dir/C_/VSARM/sdk/pico/pico-sdk/src/common/pico_sync/mutex.c.obj
                0x1000292e                recursive_mutex_init
 .text._exit    0x1000294c        0x4 CMakeFiles/ss_oled_demo.dir/C_/VSARM/sdk/pico/pico-sdk/src/rp2_common/pico_runtime/runtime.c.obj
                0x1000294c                _exit
 .text.exit     0x10002950        0x6 CMakeFiles/ss_oled_demo.dir/C_/VSARM/sdk/pico/pico-sdk/src/rp2_common/pico_runtime/runtime.c.obj
                0x10002950                exit
 *fill*         0x10002956        0x2 
 .text.__assert_func
                0x10002958       0x3c CMakeFiles/ss_oled_demo.dir/C_/VSARM/sdk/pico/pico-sdk/src/rp2_common/pico_runtime/runtime.c.obj
                0x10002958                __assert_func
 .text.runtime_init
                0x10002994       0xf8 CMakeFiles/ss_oled_demo.dir/C_/VSARM/sdk/pico/pico-sdk/src/rp2_common/pico_runtime/runtime.c.obj
                0x10002994                runtime_init
 .text.panic    0x10002a8c       0x30 CMakeFiles/ss_oled_demo.dir/C_/VSARM/sdk/pico/pico-sdk/src/rp2_common/pico_runtime/runtime.c.obj
                0x10002a8c                panic
 .text.clock_configure
                0x10002abc      0x104 CMakeFiles/ss_oled_demo.dir/C_/VSARM/sdk/pico/pico-sdk/src/rp2_common/hardware_clocks/clocks.c.obj
                0x10002abc                clock_configure
 .text.clocks_init
                0x10002bc0      0x100 CMakeFiles/ss_oled_demo.dir/C_/VSARM/sdk/pico/pico-sdk/src/rp2_common/hardware_clocks/clocks.c.obj
                0x10002bc0                clocks_init
 .text.clock_get_hz
                0x10002cc0        0xc CMakeFiles/ss_oled_demo.dir/C_/VSARM/sdk/pico/pico-sdk/src/rp2_common/hardware_clocks/clocks.c.obj
                0x10002cc0                clock_get_hz
 .text.pll_init
                0x10002ccc      0x140 CMakeFiles/ss_oled_demo.dir/C_/VSARM/sdk/pico/pico-sdk/src/rp2_common/hardware_pll/pll.c.obj
                0x10002ccc                pll_init
 .text.watchdog_start_tick
                0x10002e0c       0x10 CMakeFiles/ss_oled_demo.dir/C_/VSARM/sdk/pico/pico-sdk/src/rp2_common/hardware_watchdog/watchdog.c.obj
                0x10002e0c                watchdog_start_tick
 .text.xosc_init
                0x10002e1c       0x28 CMakeFiles/ss_oled_demo.dir/C_/VSARM/sdk/pico/pico-sdk/src/rp2_common/hardware_xosc/xosc.c.obj
                0x10002e1c                xosc_init
 .text._out_null
                0x10002e44        0x2 CMakeFiles/ss_oled_demo.dir/C_/VSARM/sdk/pico/pico-sdk/src/rp2_common/pico_printf/printf.c.obj
 .text._out_fct
                0x10002e46        0xe CMakeFiles/ss_oled_demo.dir/C_/VSARM/sdk/pico/pico-sdk/src/rp2_common/pico_printf/printf.c.obj
 .text._atoi    0x10002e54       0x24 CMakeFiles/ss_oled_demo.dir/C_/VSARM/sdk/pico/pico-sdk/src/rp2_common/pico_printf/printf.c.obj
 .text._out_rev
                0x10002e78       0xae CMakeFiles/ss_oled_demo.dir/C_/VSARM/sdk/pico/pico-sdk/src/rp2_common/pico_printf/printf.c.obj
 .text._ntoa_format
                0x10002f26      0x112 CMakeFiles/ss_oled_demo.dir/C_/VSARM/sdk/pico/pico-sdk/src/rp2_common/pico_printf/printf.c.obj
 .text._ntoa_long
                0x10003038       0xbc CMakeFiles/ss_oled_demo.dir/C_/VSARM/sdk/pico/pico-sdk/src/rp2_common/pico_printf/printf.c.obj
 .text._ntoa_long_long
                0x100030f4       0xe2 CMakeFiles/ss_oled_demo.dir/C_/VSARM/sdk/pico/pico-sdk/src/rp2_common/pico_printf/printf.c.obj
 *fill*         0x100031d6        0x2 
 .text._etoa    0x100031d8      0x414 CMakeFiles/ss_oled_demo.dir/C_/VSARM/sdk/pico/pico-sdk/src/rp2_common/pico_printf/printf.c.obj
 .text._ftoa    0x100035ec      0x354 CMakeFiles/ss_oled_demo.dir/C_/VSARM/sdk/pico/pico-sdk/src/rp2_common/pico_printf/printf.c.obj
 .text._vsnprintf
                0x10003940      0x624 CMakeFiles/ss_oled_demo.dir/C_/VSARM/sdk/pico/pico-sdk/src/rp2_common/pico_printf/printf.c.obj
 .text.vfctprintf
                0x10003f64       0x20 CMakeFiles/ss_oled_demo.dir/C_/VSARM/sdk/pico/pico-sdk/src/rp2_common/pico_printf/printf.c.obj
                0x10003f64                vfctprintf
 .text          0x10003f84       0x10 CMakeFiles/ss_oled_demo.dir/C_/VSARM/sdk/pico/pico-sdk/src/rp2_common/pico_bit_ops/bit_ops_aeabi.S.obj
 .text.rom_func_lookup
                0x10003f94       0x10 CMakeFiles/ss_oled_demo.dir/C_/VSARM/sdk/pico/pico-sdk/src/rp2_common/pico_bootrom/bootrom.c.obj
                0x10003f94                rom_func_lookup
 .text.rom_data_lookup
                0x10003fa4       0x10 CMakeFiles/ss_oled_demo.dir/C_/VSARM/sdk/pico/pico-sdk/src/rp2_common/pico_bootrom/bootrom.c.obj
                0x10003fa4                rom_data_lookup
 .text.rom_funcs_lookup
                0x10003fb4       0x36 CMakeFiles/ss_oled_demo.dir/C_/VSARM/sdk/pico/pico-sdk/src/rp2_common/pico_bootrom/bootrom.c.obj
                0x10003fb4                rom_funcs_lookup
 *fill*         0x10003fea        0x2 
 .text.__wrap___aeabi_idiv
                0x10003fec       0x50 CMakeFiles/ss_oled_demo.dir/C_/VSARM/sdk/pico/pico-sdk/src/rp2_common/pico_divider/divider.S.obj
                0x10003fec                __wrap___aeabi_idivmod
                0x10003fec                divmod_s32s32
                0x10003fec                div_s32s32
                0x10003fec                __wrap___aeabi_idiv
                0x10003ff4                divmod_s32s32_unsafe
                0x10004020                divmod_s32s32_savestate
 .text.__wrap___aeabi_uidiv
                0x1000403c       0x4c CMakeFiles/ss_oled_demo.dir/C_/VSARM/sdk/pico/pico-sdk/src/rp2_common/pico_divider/divider.S.obj
                0x1000403c                __wrap___aeabi_uidiv
                0x1000403c                __wrap___aeabi_uidivmod
                0x1000403c                div_u32u32
                0x1000403c                divmod_u32u32
                0x10004044                divmod_u32u32_unsafe
                0x1000406c                divmod_u32u32_savestate
 .text.__wrap___aeabi_ldiv
                0x10004088      0x434 CMakeFiles/ss_oled_demo.dir/C_/VSARM/sdk/pico/pico-sdk/src/rp2_common/pico_divider/divider.S.obj
                0x10004088                div_s64s64
                0x10004088                divmod_s64s64
                0x10004088                __wrap___aeabi_ldivmod
                0x100040c0                divmod_u64u64
                0x100040c0                div_u64u64
                0x100040c0                __wrap___aeabi_uldivmod
                0x100040d0                divmod_u64u64_savestate
                0x100040f8                divmod_s64s64_unsafe
                0x10004180                divmod_u64u64_unsafe
 .text.__wrap___aeabi_darithmetic
                0x100044bc       0x80 CMakeFiles/ss_oled_demo.dir/C_/VSARM/sdk/pico/pico-sdk/src/rp2_common/pico_double/double_aeabi.S.obj
                0x100044bc                __wrap___aeabi_drsub
                0x100044c2                __wrap___aeabi_dsub
                0x100044d4                __wrap___aeabi_dadd
                0x100044e6                __wrap___aeabi_ddiv
                0x10004522                __wrap___aeabi_dmul
 .text.__wrap___aeabi_cdcmple
                0x1000453c       0x6c CMakeFiles/ss_oled_demo.dir/C_/VSARM/sdk/pico/pico-sdk/src/rp2_common/pico_double/double_aeabi.S.obj
                0x1000453c                __wrap___aeabi_cdrcmple
                0x1000454c                __wrap___aeabi_cdcmpeq
                0x1000454c                __wrap___aeabi_cdcmple
 .text.__wrap___aeabi_dcmplt
                0x100045a8        0xc CMakeFiles/ss_oled_demo.dir/C_/VSARM/sdk/pico/pico-sdk/src/rp2_common/pico_double/double_aeabi.S.obj
                0x100045a8                __wrap___aeabi_dcmplt
 .text.__wrap___aeabi_dcmple
                0x100045b4       0x10 CMakeFiles/ss_oled_demo.dir/C_/VSARM/sdk/pico/pico-sdk/src/rp2_common/pico_double/double_aeabi.S.obj
                0x100045b4                __wrap___aeabi_dcmple
 .text.__wrap___aeabi_dcmpge
                0x100045c4       0x10 CMakeFiles/ss_oled_demo.dir/C_/VSARM/sdk/pico/pico-sdk/src/rp2_common/pico_double/double_aeabi.S.obj
                0x100045c4                __wrap___aeabi_dcmpge
 .text.__wrap___aeabi_dcmpgt
                0x100045d4        0xa CMakeFiles/ss_oled_demo.dir/C_/VSARM/sdk/pico/pico-sdk/src/rp2_common/pico_double/double_aeabi.S.obj
                0x100045d4                __wrap___aeabi_dcmpgt
 .text.__wrap___aeabi_dcmpun
                0x100045de       0x1c CMakeFiles/ss_oled_demo.dir/C_/VSARM/sdk/pico/pico-sdk/src/rp2_common/pico_double/double_aeabi.S.obj
                0x100045de                __wrap___aeabi_dcmpun
 *fill*         0x100045fa        0x2 
 .text.__wrap___aeabi_i2d
                0x100045fc       0x38 CMakeFiles/ss_oled_demo.dir/C_/VSARM/sdk/pico/pico-sdk/src/rp2_common/pico_double/double_aeabi.S.obj
                0x100045fc                __wrap___aeabi_ui2d
                0x10004604                __wrap___aeabi_i2d
 .text.__wrap___aeabi_d2iz
                0x10004634       0x48 CMakeFiles/ss_oled_demo.dir/C_/VSARM/sdk/pico/pico-sdk/src/rp2_common/pico_double/double_aeabi.S.obj
                0x10004634                double2int_z
                0x10004634                __wrap___aeabi_d2iz
 .text.__wrap___aeabi_d2uiz
                0x1000467c       0x18 CMakeFiles/ss_oled_demo.dir/C_/VSARM/sdk/pico/pico-sdk/src/rp2_common/pico_double/double_aeabi.S.obj
                0x1000467c                __wrap___aeabi_d2uiz
                0x1000467c                double2uint
 .text.__aeabi_double_init
                0x10004694       0xc8 CMakeFiles/ss_oled_demo.dir/C_/VSARM/sdk/pico/pico-sdk/src/rp2_common/pico_double/double_init_rom.c.obj
                0x10004694                __aeabi_double_init
 .text.double_table_shim_on_use_helper
                0x1000475c       0x34 CMakeFiles/ss_oled_demo.dir/C_/VSARM/sdk/pico/pico-sdk/src/rp2_common/pico_double/double_v1_rom_shim.S.obj
                0x1000475c                double_table_shim_on_use_helper
 .text.__wrap___aeabi_dsub
                0x10004790       0x10 CMakeFiles/ss_oled_demo.dir/C_/VSARM/sdk/pico/pico-sdk/src/rp2_common/pico_double/double_v1_rom_shim.S.obj
                0x10004790                drsub_shim
                0x10004796                dsub_shim
 .text.dadd_shim
                0x100047a0      0x15c CMakeFiles/ss_oled_demo.dir/C_/VSARM/sdk/pico/pico-sdk/src/rp2_common/pico_double/double_v1_rom_shim.S.obj
                0x100047a0                dadd_shim
 .text.dmul_shim
                0x100048fc      0x15c CMakeFiles/ss_oled_demo.dir/C_/VSARM/sdk/pico/pico-sdk/src/rp2_common/pico_double/double_v1_rom_shim.S.obj
                0x100048fc                dmul_shim
 .text.ddiv_shim
                0x10004a58      0x1b0 CMakeFiles/ss_oled_demo.dir/C_/VSARM/sdk/pico/pico-sdk/src/rp2_common/pico_double/double_v1_rom_shim.S.obj
                0x10004a58                ddiv_shim
 .text.double2uint_shim
                0x10004c08        0xe CMakeFiles/ss_oled_demo.dir/C_/VSARM/sdk/pico/pico-sdk/src/rp2_common/pico_double/double_v1_rom_shim.S.obj
                0x10004c08                double2uint_shim
                0x10004c0a                double2ufix_shim
 *fill*         0x10004c16        0x2 
 .text.double2uint64_shim
                0x10004c18       0x70 CMakeFiles/ss_oled_demo.dir/C_/VSARM/sdk/pico/pico-sdk/src/rp2_common/pico_double/double_v1_rom_shim.S.obj
                0x10004c18                double2uint64_shim
                0x10004c1a                double2ufix64_shim
                0x10004c3a                d2fix_a
 .text.dunpacks
                0x10004c88       0x3c CMakeFiles/ss_oled_demo.dir/C_/VSARM/sdk/pico/pico-sdk/src/rp2_common/pico_double/double_v1_rom_shim.S.obj
                0x10004c88                dunpacks
 .text.__aeabi_float_init
                0x10004cc4       0xfc CMakeFiles/ss_oled_demo.dir/C_/VSARM/sdk/pico/pico-sdk/src/rp2_common/pico_float/float_init_rom.c.obj
                0x10004cc4                __aeabi_float_init
 .text.float_table_shim_on_use_helper
                0x10004dc0       0x34 CMakeFiles/ss_oled_demo.dir/C_/VSARM/sdk/pico/pico-sdk/src/rp2_common/pico_float/float_v1_rom_shim.S.obj
                0x10004dc0                float_table_shim_on_use_helper
 .text          0x10004df4       0x10 CMakeFiles/ss_oled_demo.dir/C_/VSARM/sdk/pico/pico-sdk/src/rp2_common/pico_mem_ops/mem_ops_aeabi.S.obj
                0x10004df4                __aeabi_mem_init
 .text.memset   0x10004e04        0xc CMakeFiles/ss_oled_demo.dir/C_/VSARM/sdk/pico/pico-sdk/src/rp2_common/pico_mem_ops/mem_ops_aeabi.S.obj
                0x10004e04                __wrap_memset
 .text.memcpy   0x10004e10        0xc CMakeFiles/ss_oled_demo.dir/C_/VSARM/sdk/pico/pico-sdk/src/rp2_common/pico_mem_ops/mem_ops_aeabi.S.obj
                0x10004e10                __wrap_memcpy
                0x10004e10                __wrap___aeabi_memcpy
 .text.stdio_out_chars_no_crlf
                0x10004e1c        0xe CMakeFiles/ss_oled_demo.dir/C_/VSARM/sdk/pico/pico-sdk/src/rp2_common/pico_stdio/stdio.c.obj
 *fill*         0x10004e2a        0x2 
 .text.stdio_out_chars_crlf
                0x10004e2c       0x80 CMakeFiles/ss_oled_demo.dir/C_/VSARM/sdk/pico/pico-sdk/src/rp2_common/pico_stdio/stdio.c.obj
 .text.stdio_stack_buffer_flush
                0x10004eac       0x44 CMakeFiles/ss_oled_demo.dir/C_/VSARM/sdk/pico/pico-sdk/src/rp2_common/pico_stdio/stdio.c.obj
 .text.stdio_buffered_printer
                0x10004ef0       0x20 CMakeFiles/ss_oled_demo.dir/C_/VSARM/sdk/pico/pico-sdk/src/rp2_common/pico_stdio/stdio.c.obj
 .text.stdout_serialize_begin
                0x10004f10       0x30 CMakeFiles/ss_oled_demo.dir/C_/VSARM/sdk/pico/pico-sdk/src/rp2_common/pico_stdio/stdio.c.obj
                0x10004f10                stdout_serialize_begin
 .text.stdout_serialize_end
                0x10004f40       0x10 CMakeFiles/ss_oled_demo.dir/C_/VSARM/sdk/pico/pico-sdk/src/rp2_common/pico_stdio/stdio.c.obj
                0x10004f40                stdout_serialize_end
 .text.stdio_put_string
                0x10004f50       0x98 CMakeFiles/ss_oled_demo.dir/C_/VSARM/sdk/pico/pico-sdk/src/rp2_common/pico_stdio/stdio.c.obj
 .text.stdio_flush
                0x10004fe8       0x20 CMakeFiles/ss_oled_demo.dir/C_/VSARM/sdk/pico/pico-sdk/src/rp2_common/pico_stdio/stdio.c.obj
                0x10004fe8                stdio_flush
 .text.__wrap_puts
                0x10005008       0x1e CMakeFiles/ss_oled_demo.dir/C_/VSARM/sdk/pico/pico-sdk/src/rp2_common/pico_stdio/stdio.c.obj
                0x10005008                __wrap_puts
 *fill*         0x10005026        0x2 
 .text.__wrap_vprintf
                0x10005028       0x44 CMakeFiles/ss_oled_demo.dir/C_/VSARM/sdk/pico/pico-sdk/src/rp2_common/pico_stdio/stdio.c.obj
                0x10005028                __wrap_vprintf
 .text.__wrap_printf
                0x1000506c       0x18 CMakeFiles/ss_oled_demo.dir/C_/VSARM/sdk/pico/pico-sdk/src/rp2_common/pico_stdio/stdio.c.obj
                0x1000506c                __wrap_printf
 .text._retrieve_unique_id_on_boot
                0x10005084       0x10 CMakeFiles/ss_oled_demo.dir/C_/VSARM/sdk/pico/pico-sdk/src/rp2_common/pico_unique_id/unique_id.c.obj
 .text.flash_get_unique_id
                0x10005094       0x46 CMakeFiles/ss_oled_demo.dir/C_/VSARM/sdk/pico/pico-sdk/src/rp2_common/hardware_flash/flash.c.obj
                0x10005094                flash_get_unique_id
 .text.i2c_write_blocking_internal
                0x100050da      0x140 CMakeFiles/ss_oled_demo.dir/C_/VSARM/sdk/pico/pico-sdk/src/rp2_common/hardware_i2c/i2c.c.obj
 .text.i2c_read_blocking_internal
                0x1000521a       0xe6 CMakeFiles/ss_oled_demo.dir/C_/VSARM/sdk/pico/pico-sdk/src/rp2_common/hardware_i2c/i2c.c.obj
 .text.i2c_set_baudrate
                0x10005300       0xf0 CMakeFiles/ss_oled_demo.dir/C_/VSARM/sdk/pico/pico-sdk/src/rp2_common/hardware_i2c/i2c.c.obj
                0x10005300                i2c_set_baudrate
 .text.i2c_init
                0x100053f0       0x58 CMakeFiles/ss_oled_demo.dir/C_/VSARM/sdk/pico/pico-sdk/src/rp2_common/hardware_i2c/i2c.c.obj
                0x100053f0                i2c_init
 .text.i2c_write_blocking
                0x10005448       0x18 CMakeFiles/ss_oled_demo.dir/C_/VSARM/sdk/pico/pico-sdk/src/rp2_common/hardware_i2c/i2c.c.obj
                0x10005448                i2c_write_blocking
 .text.i2c_read_blocking
                0x10005460       0x18 CMakeFiles/ss_oled_demo.dir/C_/VSARM/sdk/pico/pico-sdk/src/rp2_common/hardware_i2c/i2c.c.obj
                0x10005460                i2c_read_blocking
 .text.strlen   0x10005478       0x5c c:/vsarm/armcc/bin/../lib/gcc/arm-none-eabi/10.3.1/../../../../arm-none-eabi/lib/thumb/v6-m/nofp\libg.a(lib_a-strlen-stub.o)
                0x10005478                strlen
 *(.fini)
 .fini          0x100054d4        0x4 c:/vsarm/armcc/bin/../lib/gcc/arm-none-eabi/10.3.1/thumb/v6-m/nofp/crti.o
                0x100054d4                _fini
 .fini.__stub   0x100054d8       0x60 linker stubs
 *crtbegin.o(.ctors)
 *crtbegin?.o(.ctors)
 *(EXCLUDE_FILE(*crtend.o *crtend?.o) .ctors)
 *(SORT_BY_NAME(.ctors.*))
 *(.ctors)
 *crtbegin.o(.dtors)
 *crtbegin?.o(.dtors)
 *(EXCLUDE_FILE(*crtend.o *crtend?.o) .dtors)
 *(SORT_BY_NAME(.dtors.*))
 *(.dtors)
 *(.eh_frame*)
 .eh_frame      0x10005538        0x0 c:/vsarm/armcc/bin/../lib/gcc/arm-none-eabi/10.3.1/thumb/v6-m/nofp/crtbegin.o
                0x10005538                . = ALIGN (0x4)

.glue_7         0x10005538        0x0
 .glue_7        0x10005538        0x0 linker stubs

.glue_7t        0x10005538        0x0
 .glue_7t       0x10005538        0x0 linker stubs

.vfp11_veneer   0x10005538        0x0
 .vfp11_veneer  0x10005538        0x0 linker stubs

.v4_bx          0x10005538        0x0
 .v4_bx         0x10005538        0x0 linker stubs

.iplt           0x10005538        0x0
 .iplt          0x10005538        0x0 c:/vsarm/armcc/bin/../lib/gcc/arm-none-eabi/10.3.1/thumb/v6-m/nofp/crtbegin.o

.rodata         0x10005538     0x2d90
 *(EXCLUDE_FILE(*libm.a: *libc.a:*lib_a-mem*.o *libgcc.a:) .rodata*)
 .rodata.main.str1.4
                0x10005538       0x3f CMakeFiles/ss_oled_demo.dir/ss_oled_demo.c.obj
 *fill*         0x10005577        0x1 
 .rodata.oled128_initbuf
                0x10005578       0x16 CMakeFiles/ss_oled_demo.dir/ss_oled.c.obj
                0x10005578                oled128_initbuf
 *fill*         0x1000558e        0x2 
 .rodata.oled32_initbuf
                0x10005590       0x18 CMakeFiles/ss_oled_demo.dir/ss_oled.c.obj
                0x10005590                oled32_initbuf
 .rodata.oled64_initbuf
                0x100055a8       0x16 CMakeFiles/ss_oled_demo.dir/ss_oled.c.obj
                0x100055a8                oled64_initbuf
 *fill*         0x100055be        0x2 
 .rodata.oled72_initbuf
                0x100055c0       0x1a CMakeFiles/ss_oled_demo.dir/ss_oled.c.obj
                0x100055c0                oled72_initbuf
 *fill*         0x100055da        0x2 
 .rodata.ucBigFont
                0x100055dc     0x1800 CMakeFiles/ss_oled_demo.dir/ss_oled.c.obj
                0x100055dc                ucBigFont
 .rodata.ucFont
                0x10006ddc      0x2a0 CMakeFiles/ss_oled_demo.dir/ss_oled.c.obj
                0x10006ddc                ucFont
 .rodata.ucSmallFont
                0x1000707c      0x1e0 CMakeFiles/ss_oled_demo.dir/ss_oled.c.obj
                0x1000707c                ucSmallFont
 .rodata.make_branch.str1.4
                0x1000725c       0x6d CMakeFiles/ss_oled_demo.dir/C_/VSARM/sdk/pico/pico-sdk/src/rp2_common/hardware_irq/irq.c.obj
 *fill*         0x100072c9        0x3 
 .rodata.insert_branch_and_link.str1.4
                0x100072cc       0x10 CMakeFiles/ss_oled_demo.dir/C_/VSARM/sdk/pico/pico-sdk/src/rp2_common/hardware_irq/irq.c.obj
 .rodata.irq_set_exclusive_handler.str1.4
                0x100072dc       0x36 CMakeFiles/ss_oled_demo.dir/C_/VSARM/sdk/pico/pico-sdk/src/rp2_common/hardware_irq/irq.c.obj
 *fill*         0x10007312        0x2 
 .rodata.irq_add_shared_handler.str1.4
                0x10007314       0xd9 CMakeFiles/ss_oled_demo.dir/C_/VSARM/sdk/pico/pico-sdk/src/rp2_common/hardware_irq/irq.c.obj
 *fill*         0x100073ed        0x3 
 .rodata.irq_remove_handler.str1.4
                0x100073f0       0x2a CMakeFiles/ss_oled_demo.dir/C_/VSARM/sdk/pico/pico-sdk/src/rp2_common/hardware_irq/irq.c.obj
 *fill*         0x1000741a        0x2 
 .rodata.irq_add_tail_to_free_list.str1.4
                0x1000741c       0x3a CMakeFiles/ss_oled_demo.dir/C_/VSARM/sdk/pico/pico-sdk/src/rp2_common/hardware_irq/irq.c.obj
 *fill*         0x10007456        0x2 
 .rodata.__func__.0
                0x10007458       0x1a CMakeFiles/ss_oled_demo.dir/C_/VSARM/sdk/pico/pico-sdk/src/rp2_common/hardware_irq/irq.c.obj
 *fill*         0x10007472        0x2 
 .rodata.__func__.1
                0x10007474       0x17 CMakeFiles/ss_oled_demo.dir/C_/VSARM/sdk/pico/pico-sdk/src/rp2_common/hardware_irq/irq.c.obj
 *fill*         0x1000748b        0x1 
 .rodata.__func__.2
                0x1000748c       0x13 CMakeFiles/ss_oled_demo.dir/C_/VSARM/sdk/pico/pico-sdk/src/rp2_common/hardware_irq/irq.c.obj
 *fill*         0x1000749f        0x1 
 .rodata.__func__.3
                0x100074a0        0xc CMakeFiles/ss_oled_demo.dir/C_/VSARM/sdk/pico/pico-sdk/src/rp2_common/hardware_irq/irq.c.obj
 .rodata.__func__.4
                0x100074ac        0xf CMakeFiles/ss_oled_demo.dir/C_/VSARM/sdk/pico/pico-sdk/src/rp2_common/hardware_irq/irq.c.obj
 *fill*         0x100074bb        0x1 
 .rodata.__func__.6
                0x100074bc       0x1a CMakeFiles/ss_oled_demo.dir/C_/VSARM/sdk/pico/pico-sdk/src/rp2_common/hardware_irq/irq.c.obj
 *fill*         0x100074d6        0x2 
 .rodata.repeating_timer_callback.str1.4
                0x100074d8       0x4b CMakeFiles/ss_oled_demo.dir/C_/VSARM/sdk/pico/pico-sdk/src/common/pico_time/time.c.obj
 *fill*         0x10007523        0x1 
 .rodata.alarm_pool_dump_key.str1.4
                0x10007524       0x33 CMakeFiles/ss_oled_demo.dir/C_/VSARM/sdk/pico/pico-sdk/src/common/pico_time/time.c.obj
 *fill*         0x10007557        0x1 
 .rodata.ph_add_child_node.str1.4
                0x10007558       0x96 CMakeFiles/ss_oled_demo.dir/C_/VSARM/sdk/pico/pico-sdk/src/common/pico_time/time.c.obj
 *fill*         0x100075ee        0x2 
 .rodata.add_alarm_under_lock.str1.4
                0x100075f0       0x28 CMakeFiles/ss_oled_demo.dir/C_/VSARM/sdk/pico/pico-sdk/src/common/pico_time/time.c.obj
                                 0x2b (size before relaxing)
 .rodata.alarm_pool_alarm_callback.str1.4
                0x10007618       0xe6 CMakeFiles/ss_oled_demo.dir/C_/VSARM/sdk/pico/pico-sdk/src/common/pico_time/time.c.obj
 *fill*         0x100076fe        0x2 
 .rodata.alarm_pool_get_default.str1.4
                0x10007700       0x21 CMakeFiles/ss_oled_demo.dir/C_/VSARM/sdk/pico/pico-sdk/src/common/pico_time/time.c.obj
 *fill*         0x10007721        0x3 
 .rodata.sleep_until.str1.4
                0x10007724       0x4d CMakeFiles/ss_oled_demo.dir/C_/VSARM/sdk/pico/pico-sdk/src/common/pico_time/time.c.obj
 *fill*         0x10007771        0x3 
 .rodata.__func__.10
                0x10007774       0x15 CMakeFiles/ss_oled_demo.dir/C_/VSARM/sdk/pico/pico-sdk/src/common/pico_time/time.c.obj
 *fill*         0x10007789        0x3 
 .rodata.__func__.11
                0x1000778c       0x1a CMakeFiles/ss_oled_demo.dir/C_/VSARM/sdk/pico/pico-sdk/src/common/pico_time/time.c.obj
 *fill*         0x100077a6        0x2 
 .rodata.__func__.12
                0x100077a8        0xa CMakeFiles/ss_oled_demo.dir/C_/VSARM/sdk/pico/pico-sdk/src/common/pico_time/time.c.obj
 *fill*         0x100077b2        0x2 
 .rodata.__func__.3
                0x100077b4       0x17 CMakeFiles/ss_oled_demo.dir/C_/VSARM/sdk/pico/pico-sdk/src/common/pico_time/time.c.obj
 *fill*         0x100077cb        0x1 
 .rodata.__func__.4
                0x100077cc       0x12 CMakeFiles/ss_oled_demo.dir/C_/VSARM/sdk/pico/pico-sdk/src/common/pico_time/time.c.obj
 *fill*         0x100077de        0x2 
 .rodata.__func__.5
                0x100077e0        0xd CMakeFiles/ss_oled_demo.dir/C_/VSARM/sdk/pico/pico-sdk/src/common/pico_time/time.c.obj
 *fill*         0x100077ed        0x3 
 .rodata.__func__.6
                0x100077f0       0x12 CMakeFiles/ss_oled_demo.dir/C_/VSARM/sdk/pico/pico-sdk/src/common/pico_time/time.c.obj
 *fill*         0x10007802        0x2 
 .rodata.__func__.7
                0x10007804        0xf CMakeFiles/ss_oled_demo.dir/C_/VSARM/sdk/pico/pico-sdk/src/common/pico_time/time.c.obj
 *fill*         0x10007813        0x1 
 .rodata.__func__.8
                0x10007814        0xc CMakeFiles/ss_oled_demo.dir/C_/VSARM/sdk/pico/pico-sdk/src/common/pico_time/time.c.obj
 .rodata.__func__.9
                0x10007820       0x15 CMakeFiles/ss_oled_demo.dir/C_/VSARM/sdk/pico/pico-sdk/src/common/pico_time/time.c.obj
 *fill*         0x10007835        0x3 
 .rodata.hardware_alarm_claim.str1.4
                0x10007838       0x22 CMakeFiles/ss_oled_demo.dir/C_/VSARM/sdk/pico/pico-sdk/src/rp2_common/hardware_timer/timer.c.obj
 *fill*         0x1000785a        0x2 
 .rodata.hardware_alarm_set_target.str1.4
                0x1000785c       0x65 CMakeFiles/ss_oled_demo.dir/C_/VSARM/sdk/pico/pico-sdk/src/rp2_common/hardware_timer/timer.c.obj
 *fill*         0x100078c1        0x3 
 .rodata.__func__.0
                0x100078c4       0x1a CMakeFiles/ss_oled_demo.dir/C_/VSARM/sdk/pico/pico-sdk/src/rp2_common/hardware_timer/timer.c.obj
 .rodata.ph_add_child_node.str1.4
                0x100078de       0x96 CMakeFiles/ss_oled_demo.dir/C_/VSARM/sdk/pico/pico-sdk/src/common/pico_util/pheap.c.obj
 *fill*         0x100078de        0x2 
 .rodata.ph_remove_any_head.str1.4
                0x100078e0       0x8c CMakeFiles/ss_oled_demo.dir/C_/VSARM/sdk/pico/pico-sdk/src/common/pico_util/pheap.c.obj
 .rodata.ph_remove_and_free_node.str1.4
                0x1000796c       0x1e CMakeFiles/ss_oled_demo.dir/C_/VSARM/sdk/pico/pico-sdk/src/common/pico_util/pheap.c.obj
                                 0x26 (size before relaxing)
 *fill*         0x1000798a        0x2 
 .rodata.__func__.0
                0x1000798c       0x18 CMakeFiles/ss_oled_demo.dir/C_/VSARM/sdk/pico/pico-sdk/src/common/pico_util/pheap.c.obj
 .rodata.__func__.1
                0x100079a4       0x13 CMakeFiles/ss_oled_demo.dir/C_/VSARM/sdk/pico/pico-sdk/src/common/pico_util/pheap.c.obj
 *fill*         0x100079b7        0x1 
 .rodata.__func__.2
                0x100079b8       0x12 CMakeFiles/ss_oled_demo.dir/C_/VSARM/sdk/pico/pico-sdk/src/common/pico_util/pheap.c.obj
 *fill*         0x100079ca        0x2 
 .rodata.__func__.3
                0x100079cc        0xc CMakeFiles/ss_oled_demo.dir/C_/VSARM/sdk/pico/pico-sdk/src/common/pico_util/pheap.c.obj
 .rodata.str1.4
                0x100079d8       0x89 CMakeFiles/ss_oled_demo.dir/C_/VSARM/sdk/pico/pico-sdk/src/common/pico_sync/mutex.c.obj
                                 0xed (size before relaxing)
 *fill*         0x10007a61        0x3 
 .rodata.__func__.1
                0x10007a64        0xb CMakeFiles/ss_oled_demo.dir/C_/VSARM/sdk/pico/pico-sdk/src/common/pico_sync/mutex.c.obj
 *fill*         0x10007a6f        0x1 
 .rodata.__assert_func.str1.4
                0x10007a70       0x3f CMakeFiles/ss_oled_demo.dir/C_/VSARM/sdk/pico/pico-sdk/src/rp2_common/pico_runtime/runtime.c.obj
                                 0x43 (size before relaxing)
 *fill*         0x10007aaf        0x1 
 .rodata.runtime_init.str1.4
                0x10007ab0       0x61 CMakeFiles/ss_oled_demo.dir/C_/VSARM/sdk/pico/pico-sdk/src/rp2_common/pico_runtime/runtime.c.obj
 *fill*         0x10007b11        0x3 
 .rodata.panic.str1.4
                0x10007b14       0x12 CMakeFiles/ss_oled_demo.dir/C_/VSARM/sdk/pico/pico-sdk/src/rp2_common/pico_runtime/runtime.c.obj
 *fill*         0x10007b26        0x2 
 .rodata.__func__.1
                0x10007b28        0xd CMakeFiles/ss_oled_demo.dir/C_/VSARM/sdk/pico/pico-sdk/src/rp2_common/pico_runtime/runtime.c.obj
 *fill*         0x10007b35        0x3 
 .rodata.clock_configure.str1.4
                0x10007b38       0x57 CMakeFiles/ss_oled_demo.dir/C_/VSARM/sdk/pico/pico-sdk/src/rp2_common/hardware_clocks/clocks.c.obj
 *fill*         0x10007b8f        0x1 
 .rodata.__func__.1
                0x10007b90       0x10 CMakeFiles/ss_oled_demo.dir/C_/VSARM/sdk/pico/pico-sdk/src/rp2_common/hardware_clocks/clocks.c.obj
 .rodata.pll_init.str1.4
                0x10007ba0      0x13b CMakeFiles/ss_oled_demo.dir/C_/VSARM/sdk/pico/pico-sdk/src/rp2_common/hardware_pll/pll.c.obj
 *fill*         0x10007cdb        0x1 
 .rodata.__func__.0
                0x10007cdc        0x9 CMakeFiles/ss_oled_demo.dir/C_/VSARM/sdk/pico/pico-sdk/src/rp2_common/hardware_pll/pll.c.obj
 *fill*         0x10007ce5        0x3 
 .rodata._ftoa.str1.4
                0x10007ce8       0x15 CMakeFiles/ss_oled_demo.dir/C_/VSARM/sdk/pico/pico-sdk/src/rp2_common/pico_printf/printf.c.obj
 *fill*         0x10007cfd        0x3 
 .rodata._vsnprintf
                0x10007d00      0x1e0 CMakeFiles/ss_oled_demo.dir/C_/VSARM/sdk/pico/pico-sdk/src/rp2_common/pico_printf/printf.c.obj
 .rodata.pow10.0
                0x10007ee0       0x50 CMakeFiles/ss_oled_demo.dir/C_/VSARM/sdk/pico/pico-sdk/src/rp2_common/pico_printf/printf.c.obj
 .rodata.__aeabi_double_init.str1.4
                0x10007f30       0xa8 CMakeFiles/ss_oled_demo.dir/C_/VSARM/sdk/pico/pico-sdk/src/rp2_common/pico_double/double_init_rom.c.obj
 .rodata.__func__.0
                0x10007fd8       0x14 CMakeFiles/ss_oled_demo.dir/C_/VSARM/sdk/pico/pico-sdk/src/rp2_common/pico_double/double_init_rom.c.obj
 .rodata.__aeabi_float_init.str1.4
                0x10007fec       0x7a CMakeFiles/ss_oled_demo.dir/C_/VSARM/sdk/pico/pico-sdk/src/rp2_common/pico_float/float_init_rom.c.obj
                                 0x7e (size before relaxing)
 *fill*         0x10008066        0x2 
 .rodata.__func__.0
                0x10008068       0x13 CMakeFiles/ss_oled_demo.dir/C_/VSARM/sdk/pico/pico-sdk/src/rp2_common/pico_float/float_init_rom.c.obj
 *fill*         0x1000807b        0x1 
 .rodata.str1.4
                0x1000807c       0x44 CMakeFiles/ss_oled_demo.dir/C_/VSARM/sdk/pico/pico-sdk/src/rp2_common/pico_standard_link/binary_info.c.obj
 .rodata.__bi_44
                0x100080c0        0xc CMakeFiles/ss_oled_demo.dir/C_/VSARM/sdk/pico/pico-sdk/src/rp2_common/pico_standard_link/binary_info.c.obj
 .rodata.__bi_75
                0x100080cc        0xc CMakeFiles/ss_oled_demo.dir/C_/VSARM/sdk/pico/pico-sdk/src/rp2_common/pico_standard_link/binary_info.c.obj
 .rodata.__bi_81
                0x100080d8        0xc CMakeFiles/ss_oled_demo.dir/C_/VSARM/sdk/pico/pico-sdk/src/rp2_common/pico_standard_link/binary_info.c.obj
 .rodata.crlf_str.3
                0x100080e4        0x2 CMakeFiles/ss_oled_demo.dir/C_/VSARM/sdk/pico/pico-sdk/src/rp2_common/pico_stdio/stdio.c.obj
 *fill*         0x100080e6        0x2 
 .rodata.str1.4
                0x100080e8      0x15a CMakeFiles/ss_oled_demo.dir/C_/VSARM/sdk/pico/pico-sdk/src/rp2_common/hardware_flash/flash.c.obj
 *fill*         0x10008242        0x2 
 .rodata.__func__.0
                0x10008244        0xd CMakeFiles/ss_oled_demo.dir/C_/VSARM/sdk/pico/pico-sdk/src/rp2_common/hardware_flash/flash.c.obj
 *fill*         0x10008251        0x3 
 .rodata.i2c_set_baudrate.str1.4
                0x10008254       0x5d CMakeFiles/ss_oled_demo.dir/C_/VSARM/sdk/pico/pico-sdk/src/rp2_common/hardware_i2c/i2c.c.obj
 *fill*         0x100082b1        0x3 
 .rodata.__func__.0
                0x100082b4       0x11 CMakeFiles/ss_oled_demo.dir/C_/VSARM/sdk/pico/pico-sdk/src/rp2_common/hardware_i2c/i2c.c.obj
                0x100082c8                . = ALIGN (0x4)
 *fill*         0x100082c5        0x3 
 *(SORT_BY_ALIGNMENT(SORT_BY_NAME(.flashdata*)))
                0x100082c8                . = ALIGN (0x4)

.rel.dyn        0x100082c8        0x0
 .rel.iplt      0x100082c8        0x0 c:/vsarm/armcc/bin/../lib/gcc/arm-none-eabi/10.3.1/thumb/v6-m/nofp/crtbegin.o

.ARM.extab
 *(.ARM.extab* .gnu.linkonce.armextab.*)
                0x100082c8                __exidx_start = .

.ARM.exidx
 *(.ARM.exidx* .gnu.linkonce.armexidx.*)
                0x100082c8                __exidx_end = .
                0x100082c8                . = ALIGN (0x4)
                0x100082c8                __binary_info_start = .

.binary_info    0x100082c8       0x1c
 *(.binary_info.keep.*)
 .binary_info.keep.__bi_ptr22
                0x100082c8        0x4 CMakeFiles/ss_oled_demo.dir/C_/VSARM/sdk/pico/pico-sdk/src/rp2_common/pico_standard_link/binary_info.c.obj
 .binary_info.keep.__bi_ptr30
                0x100082cc        0x4 CMakeFiles/ss_oled_demo.dir/C_/VSARM/sdk/pico/pico-sdk/src/rp2_common/pico_standard_link/binary_info.c.obj
 .binary_info.keep.__bi_ptr38
                0x100082d0        0x4 CMakeFiles/ss_oled_demo.dir/C_/VSARM/sdk/pico/pico-sdk/src/rp2_common/pico_standard_link/binary_info.c.obj
 .binary_info.keep.__bi_ptr44
                0x100082d4        0x4 CMakeFiles/ss_oled_demo.dir/C_/VSARM/sdk/pico/pico-sdk/src/rp2_common/pico_standard_link/binary_info.c.obj
 .binary_info.keep.__bi_ptr50
                0x100082d8        0x4 CMakeFiles/ss_oled_demo.dir/C_/VSARM/sdk/pico/pico-sdk/src/rp2_common/pico_standard_link/binary_info.c.obj
 .binary_info.keep.__bi_ptr75
                0x100082dc        0x4 CMakeFiles/ss_oled_demo.dir/C_/VSARM/sdk/pico/pico-sdk/src/rp2_common/pico_standard_link/binary_info.c.obj
 .binary_info.keep.__bi_ptr81
                0x100082e0        0x4 CMakeFiles/ss_oled_demo.dir/C_/VSARM/sdk/pico/pico-sdk/src/rp2_common/pico_standard_link/binary_info.c.obj
 *(.binary_info.*)
                0x100082e4                __binary_info_end = .
                0x100082e4                . = ALIGN (0x4)
                0x100082e4                __etext = .

.ram_vector_table
                0x20000000       0xc0
 *(.ram_vector_table)
 .ram_vector_table
                0x20000000       0xc0 CMakeFiles/ss_oled_demo.dir/C_/VSARM/sdk/pico/pico-sdk/src/rp2_common/pico_runtime/runtime.c.obj
                0x20000000                ram_vector_table

.data           0x200000c0      0x2f8 load address 0x100082e4
                0x200000c0                __data_start__ = .
 *(vtable)
 *(.time_critical*)
 .time_critical.mutex_enter_blocking
                0x200000c0       0x48 CMakeFiles/ss_oled_demo.dir/C_/VSARM/sdk/pico/pico-sdk/src/common/pico_sync/mutex.c.obj
                0x200000c0                mutex_enter_blocking
 .time_critical.mutex_try_enter
                0x20000108       0x46 CMakeFiles/ss_oled_demo.dir/C_/VSARM/sdk/pico/pico-sdk/src/common/pico_sync/mutex.c.obj
                0x20000108                mutex_try_enter
 *fill*         0x2000014e        0x2 
 .time_critical.mutex_exit
                0x20000150       0x4c CMakeFiles/ss_oled_demo.dir/C_/VSARM/sdk/pico/pico-sdk/src/common/pico_sync/mutex.c.obj
                0x20000150                mutex_exit
 .time_critical.flash_init_boot2_copyout
                0x2000019c       0x30 CMakeFiles/ss_oled_demo.dir/C_/VSARM/sdk/pico/pico-sdk/src/rp2_common/hardware_flash/flash.c.obj
 .time_critical.flash_enable_xip_via_boot2
                0x200001cc       0x10 CMakeFiles/ss_oled_demo.dir/C_/VSARM/sdk/pico/pico-sdk/src/rp2_common/hardware_flash/flash.c.obj
 .time_critical.flash_cs_force
                0x200001dc       0x28 CMakeFiles/ss_oled_demo.dir/C_/VSARM/sdk/pico/pico-sdk/src/rp2_common/hardware_flash/flash.c.obj
 .time_critical.flash_do_cmd
                0x20000204       0xd8 CMakeFiles/ss_oled_demo.dir/C_/VSARM/sdk/pico/pico-sdk/src/rp2_common/hardware_flash/flash.c.obj
                0x20000204                flash_do_cmd
 *(.text*)
 .text          0x200002dc        0x4 c:/vsarm/armcc/bin/../lib/gcc/arm-none-eabi/10.3.1/thumb/v6-m/nofp\libgcc.a(_dvmd_tls.o)
                0x200002dc                __aeabi_idiv0
                0x200002dc                __aeabi_ldiv0
 .text.__stub   0x200002e0       0x10 linker stubs
                0x200002f0                . = ALIGN (0x4)
 *(.rodata*)
                0x200002f0                . = ALIGN (0x4)
 *(.data*)
 .data.striped_spin_lock_num
                0x200002f0        0x1 CMakeFiles/ss_oled_demo.dir/C_/VSARM/sdk/pico/pico-sdk/src/rp2_common/hardware_sync/sync.c.obj
 *fill*         0x200002f1        0x3 
 .data          0x200002f4       0x48 CMakeFiles/ss_oled_demo.dir/C_/VSARM/sdk/pico/pico-sdk/src/rp2_common/hardware_irq/irq_handler_chain.S.obj
                0x200002f4                irq_handler_chain_slots
                0x20000324                irq_handler_chain_first_slot
                0x2000032e                irq_handler_chain_remove_tail
 .data.default_alarm_pool
                0x2000033c       0x18 CMakeFiles/ss_oled_demo.dir/C_/VSARM/sdk/pico/pico-sdk/src/common/pico_time/time.c.obj
 .data.default_alarm_pool_heap
                0x20000354       0x10 CMakeFiles/ss_oled_demo.dir/C_/VSARM/sdk/pico/pico-sdk/src/common/pico_time/time.c.obj
 *fill*         0x20000364        0xc 
 .data.aeabi_bits_funcs
                0x20000370       0x10 CMakeFiles/ss_oled_demo.dir/C_/VSARM/sdk/pico/pico-sdk/src/rp2_common/pico_bit_ops/bit_ops_aeabi.S.obj
                0x20000370                aeabi_bits_funcs
                0x20000380                aeabi_bits_funcs_end
 .data.aeabi_mem_funcs
                0x20000380       0x10 CMakeFiles/ss_oled_demo.dir/C_/VSARM/sdk/pico/pico-sdk/src/rp2_common/pico_mem_ops/mem_ops_aeabi.S.obj
                0x20000380                aeabi_mem_funcs
                0x20000390                aeabi_mem_funcs_end
 .data.i2c0_inst
                0x20000390        0x8 CMakeFiles/ss_oled_demo.dir/C_/VSARM/sdk/pico/pico-sdk/src/rp2_common/hardware_i2c/i2c.c.obj
                0x20000390                i2c0_inst
                0x20000398                . = ALIGN (0x4)
 *(.after_data.*)
                0x20000398                . = ALIGN (0x4)
                0x20000398                PROVIDE (__mutex_array_start = .)
 *(SORT_BY_NAME(.mutex_array.*))
 *(.mutex_array)
 .mutex_array   0x20000398        0x8 CMakeFiles/ss_oled_demo.dir/C_/VSARM/sdk/pico/pico-sdk/src/rp2_common/pico_stdio/stdio.c.obj
                0x200003a0                PROVIDE (__mutex_array_end = .)
                0x200003a0                . = ALIGN (0x4)
                0x200003a0                PROVIDE (__preinit_array_start = .)
 *(SORT_BY_NAME(.preinit_array.*))
 .preinit_array.00001
                0x200003a0        0x4 CMakeFiles/ss_oled_demo.dir/C_/VSARM/sdk/pico/pico-sdk/src/rp2_common/pico_mem_ops/mem_ops_aeabi.S.obj
 .preinit_array.00010
                0x200003a4        0x4 CMakeFiles/ss_oled_demo.dir/C_/VSARM/sdk/pico/pico-sdk/src/rp2_common/pico_bit_ops/bit_ops_aeabi.S.obj
 .preinit_array.00020
                0x200003a8        0x4 CMakeFiles/ss_oled_demo.dir/C_/VSARM/sdk/pico/pico-sdk/src/rp2_common/pico_double/double_aeabi.S.obj
 .preinit_array.00020
                0x200003ac        0x4 CMakeFiles/ss_oled_demo.dir/C_/VSARM/sdk/pico/pico-sdk/src/rp2_common/pico_float/float_aeabi.S.obj
 *(.preinit_array)
                0x200003b0                PROVIDE (__preinit_array_end = .)
                0x200003b0                . = ALIGN (0x4)
                0x200003b0                PROVIDE (__init_array_start = .)
 *(SORT_BY_NAME(.init_array.*))
 *(.init_array)
 .init_array    0x200003b0        0x4 c:/vsarm/armcc/bin/../lib/gcc/arm-none-eabi/10.3.1/thumb/v6-m/nofp/crtbegin.o
 .init_array    0x200003b4        0x4 CMakeFiles/ss_oled_demo.dir/C_/VSARM/sdk/pico/pico-sdk/src/rp2_common/pico_unique_id/unique_id.c.obj
                0x200003b8                PROVIDE (__init_array_end = .)
                0x200003b8                . = ALIGN (0x4)
                [!provide]                PROVIDE (__fini_array_start = .)
 *(SORT_BY_NAME(.fini_array.*))
 *(.fini_array)
                [!provide]                PROVIDE (__fini_array_end = .)
 *(.jcr)
                0x200003b8                . = ALIGN (0x4)
                0x200003b8                __data_end__ = .

.igot.plt       0x200003b8        0x0 load address 0x100085dc
 .igot.plt      0x200003b8        0x0 c:/vsarm/armcc/bin/../lib/gcc/arm-none-eabi/10.3.1/thumb/v6-m/nofp/crtbegin.o

.uninitialized_data
                0x200003b8        0x0 load address 0x100085dc
                0x200003b8                . = ALIGN (0x4)
 *(.uninitialized_data*)

.scratch_x      0x20040000        0x0 load address 0x100085dc
                0x20040000                __scratch_x_start__ = .
 *(.scratch_x.*)
                0x20040000                . = ALIGN (0x4)
                0x20040000                __scratch_x_end__ = .
                0x100085dc                __scratch_x_source__ = LOADADDR (.scratch_x)

.scratch_y      0x20041000        0x0 load address 0x100085dc
                0x20041000                __scratch_y_start__ = .
 *(.scratch_y.*)
                0x20041000                . = ALIGN (0x4)
                0x20041000                __scratch_y_end__ = .
                0x100085dc                __scratch_y_source__ = LOADADDR (.scratch_y)

.bss            0x200003b8      0x4fc
                0x200003b8                . = ALIGN (0x4)
                0x200003b8                __bss_start__ = .
 *(SORT_BY_ALIGNMENT(SORT_BY_NAME(.bss*)))
 .bss.default_alarm_pool_entries
                0x200003b8      0x100 CMakeFiles/ss_oled_demo.dir/C_/VSARM/sdk/pico/pico-sdk/src/common/pico_time/time.c.obj
 .bss           0x200004b8       0x1c c:/vsarm/armcc/bin/../lib/gcc/arm-none-eabi/10.3.1/thumb/v6-m/nofp/crtbegin.o
 .bss.alarm_callbacks
                0x200004d4       0x10 CMakeFiles/ss_oled_demo.dir/C_/VSARM/sdk/pico/pico-sdk/src/rp2_common/hardware_timer/timer.c.obj
 .bss.boot2_copyout
                0x200004e4      0x100 CMakeFiles/ss_oled_demo.dir/C_/VSARM/sdk/pico/pico-sdk/src/rp2_common/hardware_flash/flash.c.obj
 .bss.configured_freq
                0x200005e4       0x28 CMakeFiles/ss_oled_demo.dir/C_/VSARM/sdk/pico/pico-sdk/src/rp2_common/hardware_clocks/clocks.c.obj
 .bss.default_alarm_pool_entry_ids_high
                0x2000060c       0x10 CMakeFiles/ss_oled_demo.dir/C_/VSARM/sdk/pico/pico-sdk/src/common/pico_time/time.c.obj
 .bss.default_alarm_pool_heap_nodes
                0x2000061c       0x30 CMakeFiles/ss_oled_demo.dir/C_/VSARM/sdk/pico/pico-sdk/src/common/pico_time/time.c.obj
 .bss.drivers   0x2000064c        0x4 CMakeFiles/ss_oled_demo.dir/C_/VSARM/sdk/pico/pico-sdk/src/rp2_common/pico_stdio/stdio.c.obj
 .bss.filter    0x20000650        0x4 CMakeFiles/ss_oled_demo.dir/C_/VSARM/sdk/pico/pico-sdk/src/rp2_common/pico_stdio/stdio.c.obj
 .bss.iCSPin    0x20000654        0x4 CMakeFiles/ss_oled_demo.dir/ss_oled.c.obj
 .bss.iDCPin    0x20000658        0x4 CMakeFiles/ss_oled_demo.dir/ss_oled.c.obj
 .bss.iResetPin
                0x2000065c        0x4 CMakeFiles/ss_oled_demo.dir/ss_oled.c.obj
 .bss.oled      0x20000660       0x1c CMakeFiles/ss_oled_demo.dir/ss_oled_demo.c.obj
                0x20000660                oled
 .bss.pools     0x2000067c       0x10 CMakeFiles/ss_oled_demo.dir/C_/VSARM/sdk/pico/pico-sdk/src/common/pico_time/time.c.obj
 .bss.rc        0x2000068c        0x4 CMakeFiles/ss_oled_demo.dir/ss_oled_demo.c.obj
                0x2000068c                rc
 .bss.retrieved_id
                0x20000690        0x8 CMakeFiles/ss_oled_demo.dir/C_/VSARM/sdk/pico/pico-sdk/src/rp2_common/pico_unique_id/unique_id.c.obj
 .bss.sd_table  0x20000698      0x100 CMakeFiles/ss_oled_demo.dir/C_/VSARM/sdk/pico/pico-sdk/src/rp2_common/pico_double/double_init_rom.c.obj
                0x20000698                sd_table
 .bss.sf_clz_func
                0x20000798        0x4 CMakeFiles/ss_oled_demo.dir/C_/VSARM/sdk/pico/pico-sdk/src/rp2_common/pico_double/double_init_rom.c.obj
                0x20000798                sf_clz_func
 .bss.sf_table  0x2000079c      0x100 CMakeFiles/ss_oled_demo.dir/C_/VSARM/sdk/pico/pico-sdk/src/rp2_common/pico_float/float_init_rom.c.obj
                0x2000079c                sf_table
 .bss.sleep_notifier
                0x2000089c        0x4 CMakeFiles/ss_oled_demo.dir/C_/VSARM/sdk/pico/pico-sdk/src/common/pico_time/time.c.obj
 .bss.target_hi
                0x200008a0       0x10 CMakeFiles/ss_oled_demo.dir/C_/VSARM/sdk/pico/pico-sdk/src/rp2_common/hardware_timer/timer.c.obj
 .bss.boot2_copyout_valid
                0x200008b0        0x1 CMakeFiles/ss_oled_demo.dir/C_/VSARM/sdk/pico/pico-sdk/src/rp2_common/hardware_flash/flash.c.obj
 .bss.claimed   0x200008b1        0x1 CMakeFiles/ss_oled_demo.dir/C_/VSARM/sdk/pico/pico-sdk/src/rp2_common/hardware_timer/timer.c.obj
 .bss.irq_hander_chain_free_slot_head
                0x200008b2        0x1 CMakeFiles/ss_oled_demo.dir/C_/VSARM/sdk/pico/pico-sdk/src/rp2_common/hardware_irq/irq.c.obj
 .bss.timer_callbacks_pending
                0x200008b3        0x1 CMakeFiles/ss_oled_demo.dir/C_/VSARM/sdk/pico/pico-sdk/src/rp2_common/hardware_timer/timer.c.obj
 *(COMMON)
                0x200008b4                . = ALIGN (0x4)
                0x200008b4                __bss_end__ = .

.heap           0x200008b4      0x800
                0x200008b4                __end__ = .
                0x200008b4                end = __end__
 *(.heap*)
 .heap          0x200008b4      0x800 CMakeFiles/ss_oled_demo.dir/C_/VSARM/sdk/pico/pico-sdk/src/rp2_common/pico_standard_link/crt0.S.obj
                0x200010b4                __HeapLimit = .

.stack1_dummy   0x20040000        0x0
 *(.stack1*)

.stack_dummy    0x20041000      0x800
 *(.stack*)
 .stack         0x20041000      0x800 CMakeFiles/ss_oled_demo.dir/C_/VSARM/sdk/pico/pico-sdk/src/rp2_common/pico_standard_link/crt0.S.obj

.flash_end      0x100085dc        0x0
                0x100085dc                __flash_binary_end = .
                0x20040000                __StackLimit = (ORIGIN (RAM) + LENGTH (RAM))
                0x20041000                __StackOneTop = (ORIGIN (SCRATCH_X) + LENGTH (SCRATCH_X))
                0x20042000                __StackTop = (ORIGIN (SCRATCH_Y) + LENGTH (SCRATCH_Y))
                0x20041000                __StackOneBottom = (__StackOneTop - SIZEOF (.stack1_dummy))
                0x20041800                __StackBottom = (__StackTop - SIZEOF (.stack_dummy))
                0x20042000                PROVIDE (__stack = __StackTop)
                0x00000001                ASSERT ((__StackLimit >= __HeapLimit), region RAM overflowed)
                0x00000001                ASSERT (((__binary_info_header_end - __logical_binary_start) <= 0x100), Binary info must be in first 256 bytes of the binary)
LOAD CMakeFiles/ss_oled_demo.dir/ss_oled_demo.c.obj
LOAD CMakeFiles/ss_oled_demo.dir/BitBang_I2C.c.obj
LOAD CMakeFiles/ss_oled_demo.dir/ss_oled.c.obj
LOAD CMakeFiles/ss_oled_demo.dir/C_/VSARM/sdk/pico/pico-sdk/src/rp2_common/pico_stdlib/stdlib.c.obj
LOAD CMakeFiles/ss_oled_demo.dir/C_/VSARM/sdk/pico/pico-sdk/src/rp2_common/hardware_gpio/gpio.c.obj
LOAD CMakeFiles/ss_oled_demo.dir/C_/VSARM/sdk/pico/pico-sdk/src/rp2_common/hardware_claim/claim.c.obj
LOAD CMakeFiles/ss_oled_demo.dir/C_/VSARM/sdk/pico/pico-sdk/src/rp2_common/pico_platform/platform.c.obj
LOAD CMakeFiles/ss_oled_demo.dir/C_/VSARM/sdk/pico/pico-sdk/src/rp2_common/hardware_sync/sync.c.obj
LOAD CMakeFiles/ss_oled_demo.dir/C_/VSARM/sdk/pico/pico-sdk/src/rp2_common/hardware_irq/irq.c.obj
LOAD CMakeFiles/ss_oled_demo.dir/C_/VSARM/sdk/pico/pico-sdk/src/rp2_common/hardware_irq/irq_handler_chain.S.obj
LOAD CMakeFiles/ss_oled_demo.dir/C_/VSARM/sdk/pico/pico-sdk/src/common/pico_sync/sem.c.obj
LOAD CMakeFiles/ss_oled_demo.dir/C_/VSARM/sdk/pico/pico-sdk/src/common/pico_sync/lock_core.c.obj
LOAD CMakeFiles/ss_oled_demo.dir/C_/VSARM/sdk/pico/pico-sdk/src/common/pico_time/time.c.obj
LOAD CMakeFiles/ss_oled_demo.dir/C_/VSARM/sdk/pico/pico-sdk/src/common/pico_time/timeout_helper.c.obj
LOAD CMakeFiles/ss_oled_demo.dir/C_/VSARM/sdk/pico/pico-sdk/src/rp2_common/hardware_timer/timer.c.obj
LOAD CMakeFiles/ss_oled_demo.dir/C_/VSARM/sdk/pico/pico-sdk/src/common/pico_util/datetime.c.obj
LOAD CMakeFiles/ss_oled_demo.dir/C_/VSARM/sdk/pico/pico-sdk/src/common/pico_util/pheap.c.obj
LOAD CMakeFiles/ss_oled_demo.dir/C_/VSARM/sdk/pico/pico-sdk/src/common/pico_util/queue.c.obj
LOAD CMakeFiles/ss_oled_demo.dir/C_/VSARM/sdk/pico/pico-sdk/src/common/pico_sync/mutex.c.obj
LOAD CMakeFiles/ss_oled_demo.dir/C_/VSARM/sdk/pico/pico-sdk/src/common/pico_sync/critical_section.c.obj
LOAD CMakeFiles/ss_oled_demo.dir/C_/VSARM/sdk/pico/pico-sdk/src/rp2_common/hardware_uart/uart.c.obj
LOAD CMakeFiles/ss_oled_demo.dir/C_/VSARM/sdk/pico/pico-sdk/src/rp2_common/hardware_divider/divider.S.obj
LOAD CMakeFiles/ss_oled_demo.dir/C_/VSARM/sdk/pico/pico-sdk/src/rp2_common/pico_runtime/runtime.c.obj
LOAD CMakeFiles/ss_oled_demo.dir/C_/VSARM/sdk/pico/pico-sdk/src/rp2_common/hardware_clocks/clocks.c.obj
LOAD CMakeFiles/ss_oled_demo.dir/C_/VSARM/sdk/pico/pico-sdk/src/rp2_common/hardware_pll/pll.c.obj
LOAD CMakeFiles/ss_oled_demo.dir/C_/VSARM/sdk/pico/pico-sdk/src/rp2_common/hardware_vreg/vreg.c.obj
LOAD CMakeFiles/ss_oled_demo.dir/C_/VSARM/sdk/pico/pico-sdk/src/rp2_common/hardware_watchdog/watchdog.c.obj
LOAD CMakeFiles/ss_oled_demo.dir/C_/VSARM/sdk/pico/pico-sdk/src/rp2_common/hardware_xosc/xosc.c.obj
LOAD CMakeFiles/ss_oled_demo.dir/C_/VSARM/sdk/pico/pico-sdk/src/rp2_common/pico_printf/printf.c.obj
LOAD CMakeFiles/ss_oled_demo.dir/C_/VSARM/sdk/pico/pico-sdk/src/rp2_common/pico_bit_ops/bit_ops_aeabi.S.obj
LOAD CMakeFiles/ss_oled_demo.dir/C_/VSARM/sdk/pico/pico-sdk/src/rp2_common/pico_bootrom/bootrom.c.obj
LOAD CMakeFiles/ss_oled_demo.dir/C_/VSARM/sdk/pico/pico-sdk/src/rp2_common/pico_divider/divider.S.obj
LOAD CMakeFiles/ss_oled_demo.dir/C_/VSARM/sdk/pico/pico-sdk/src/rp2_common/pico_double/double_aeabi.S.obj
LOAD CMakeFiles/ss_oled_demo.dir/C_/VSARM/sdk/pico/pico-sdk/src/rp2_common/pico_double/double_init_rom.c.obj
LOAD CMakeFiles/ss_oled_demo.dir/C_/VSARM/sdk/pico/pico-sdk/src/rp2_common/pico_double/double_math.c.obj
LOAD CMakeFiles/ss_oled_demo.dir/C_/VSARM/sdk/pico/pico-sdk/src/rp2_common/pico_double/double_v1_rom_shim.S.obj
LOAD CMakeFiles/ss_oled_demo.dir/C_/VSARM/sdk/pico/pico-sdk/src/rp2_common/pico_int64_ops/pico_int64_ops_aeabi.S.obj
LOAD CMakeFiles/ss_oled_demo.dir/C_/VSARM/sdk/pico/pico-sdk/src/rp2_common/pico_float/float_aeabi.S.obj
LOAD CMakeFiles/ss_oled_demo.dir/C_/VSARM/sdk/pico/pico-sdk/src/rp2_common/pico_float/float_init_rom.c.obj
LOAD CMakeFiles/ss_oled_demo.dir/C_/VSARM/sdk/pico/pico-sdk/src/rp2_common/pico_float/float_math.c.obj
LOAD CMakeFiles/ss_oled_demo.dir/C_/VSARM/sdk/pico/pico-sdk/src/rp2_common/pico_float/float_v1_rom_shim.S.obj
LOAD CMakeFiles/ss_oled_demo.dir/C_/VSARM/sdk/pico/pico-sdk/src/rp2_common/pico_malloc/pico_malloc.c.obj
LOAD CMakeFiles/ss_oled_demo.dir/C_/VSARM/sdk/pico/pico-sdk/src/rp2_common/pico_mem_ops/mem_ops_aeabi.S.obj
LOAD CMakeFiles/ss_oled_demo.dir/C_/VSARM/sdk/pico/pico-sdk/src/rp2_common/pico_standard_link/crt0.S.obj
LOAD CMakeFiles/ss_oled_demo.dir/C_/VSARM/sdk/pico/pico-sdk/src/rp2_common/pico_standard_link/new_delete.cpp.obj
LOAD CMakeFiles/ss_oled_demo.dir/C_/VSARM/sdk/pico/pico-sdk/src/rp2_common/pico_standard_link/binary_info.c.obj
LOAD CMakeFiles/ss_oled_demo.dir/C_/VSARM/sdk/pico/pico-sdk/src/rp2_common/pico_stdio/stdio.c.obj
LOAD CMakeFiles/ss_oled_demo.dir/C_/VSARM/sdk/pico/pico-sdk/src/rp2_common/pico_stdio_uart/stdio_uart.c.obj
LOAD CMakeFiles/ss_oled_demo.dir/C_/VSARM/sdk/pico/pico-sdk/src/rp2_common/pico_stdio_usb/reset_interface.c.obj
LOAD CMakeFiles/ss_oled_demo.dir/C_/VSARM/sdk/pico/pico-sdk/src/rp2_common/pico_stdio_usb/stdio_usb.c.obj
LOAD CMakeFiles/ss_oled_demo.dir/C_/VSARM/sdk/pico/pico-sdk/src/rp2_common/pico_stdio_usb/stdio_usb_descriptors.c.obj
LOAD CMakeFiles/ss_oled_demo.dir/C_/VSARM/sdk/pico/pico-sdk/lib/tinyusb/src/portable/raspberrypi/rp2040/dcd_rp2040.c.obj
LOAD CMakeFiles/ss_oled_demo.dir/C_/VSARM/sdk/pico/pico-sdk/lib/tinyusb/src/portable/raspberrypi/rp2040/rp2040_usb.c.obj
LOAD CMakeFiles/ss_oled_demo.dir/C_/VSARM/sdk/pico/pico-sdk/lib/tinyusb/src/device/usbd.c.obj
LOAD CMakeFiles/ss_oled_demo.dir/C_/VSARM/sdk/pico/pico-sdk/lib/tinyusb/src/device/usbd_control.c.obj
LOAD CMakeFiles/ss_oled_demo.dir/C_/VSARM/sdk/pico/pico-sdk/lib/tinyusb/src/class/audio/audio_device.c.obj
LOAD CMakeFiles/ss_oled_demo.dir/C_/VSARM/sdk/pico/pico-sdk/lib/tinyusb/src/class/cdc/cdc_device.c.obj
LOAD CMakeFiles/ss_oled_demo.dir/C_/VSARM/sdk/pico/pico-sdk/lib/tinyusb/src/class/dfu/dfu_device.c.obj
LOAD CMakeFiles/ss_oled_demo.dir/C_/VSARM/sdk/pico/pico-sdk/lib/tinyusb/src/class/dfu/dfu_rt_device.c.obj
LOAD CMakeFiles/ss_oled_demo.dir/C_/VSARM/sdk/pico/pico-sdk/lib/tinyusb/src/class/hid/hid_device.c.obj
LOAD CMakeFiles/ss_oled_demo.dir/C_/VSARM/sdk/pico/pico-sdk/lib/tinyusb/src/class/midi/midi_device.c.obj
LOAD CMakeFiles/ss_oled_demo.dir/C_/VSARM/sdk/pico/pico-sdk/lib/tinyusb/src/class/msc/msc_device.c.obj
LOAD CMakeFiles/ss_oled_demo.dir/C_/VSARM/sdk/pico/pico-sdk/lib/tinyusb/src/class/net/ecm_rndis_device.c.obj
LOAD CMakeFiles/ss_oled_demo.dir/C_/VSARM/sdk/pico/pico-sdk/lib/tinyusb/src/class/net/ncm_device.c.obj
LOAD CMakeFiles/ss_oled_demo.dir/C_/VSARM/sdk/pico/pico-sdk/lib/tinyusb/src/class/usbtmc/usbtmc_device.c.obj
LOAD CMakeFiles/ss_oled_demo.dir/C_/VSARM/sdk/pico/pico-sdk/lib/tinyusb/src/class/vendor/vendor_device.c.obj
LOAD CMakeFiles/ss_oled_demo.dir/C_/VSARM/sdk/pico/pico-sdk/lib/tinyusb/src/class/video/video_device.c.obj
LOAD CMakeFiles/ss_oled_demo.dir/C_/VSARM/sdk/pico/pico-sdk/lib/tinyusb/src/tusb.c.obj
LOAD CMakeFiles/ss_oled_demo.dir/C_/VSARM/sdk/pico/pico-sdk/lib/tinyusb/src/common/tusb_fifo.c.obj
LOAD CMakeFiles/ss_oled_demo.dir/C_/VSARM/sdk/pico/pico-sdk/src/rp2_common/pico_fix/rp2040_usb_device_enumeration/rp2040_usb_device_enumeration.c.obj
LOAD CMakeFiles/ss_oled_demo.dir/C_/VSARM/sdk/pico/pico-sdk/src/rp2_common/pico_unique_id/unique_id.c.obj
LOAD CMakeFiles/ss_oled_demo.dir/C_/VSARM/sdk/pico/pico-sdk/src/rp2_common/hardware_flash/flash.c.obj
LOAD CMakeFiles/ss_oled_demo.dir/C_/VSARM/sdk/pico/pico-sdk/src/rp2_common/hardware_i2c/i2c.c.obj
LOAD C:\Users\acer\AppData\Local\Temp\ccgTQGUm.o
LOAD c:/vsarm/armcc/bin/../lib/gcc/arm-none-eabi/10.3.1/../../../../arm-none-eabi/lib/thumb/v6-m/nofp\libstdc++.a
LOAD c:/vsarm/armcc/bin/../lib/gcc/arm-none-eabi/10.3.1/../../../../arm-none-eabi/lib/thumb/v6-m/nofp\libm.a
START GROUP
LOAD c:/vsarm/armcc/bin/../lib/gcc/arm-none-eabi/10.3.1/thumb/v6-m/nofp\libgcc.a
LOAD c:/vsarm/armcc/bin/../lib/gcc/arm-none-eabi/10.3.1/../../../../arm-none-eabi/lib/thumb/v6-m/nofp\libg.a
LOAD c:/vsarm/armcc/bin/../lib/gcc/arm-none-eabi/10.3.1/../../../../arm-none-eabi/lib/thumb/v6-m/nofp\libc.a
END GROUP
START GROUP
LOAD c:/vsarm/armcc/bin/../lib/gcc/arm-none-eabi/10.3.1/thumb/v6-m/nofp\libgcc.a
LOAD c:/vsarm/armcc/bin/../lib/gcc/arm-none-eabi/10.3.1/../../../../arm-none-eabi/lib/thumb/v6-m/nofp\libc.a
LOAD c:/vsarm/armcc/bin/../lib/gcc/arm-none-eabi/10.3.1/../../../../arm-none-eabi/lib/thumb/v6-m/nofp\libnosys.a
END GROUP
LOAD c:/vsarm/armcc/bin/../lib/gcc/arm-none-eabi/10.3.1/thumb/v6-m/nofp/crtend.o
LOAD c:/vsarm/armcc/bin/../lib/gcc/arm-none-eabi/10.3.1/thumb/v6-m/nofp/crtn.o
OUTPUT(ss_oled_demo.elf elf32-littlearm)
LOAD linker stubs

.ARM.attributes
                0x00000000       0x28
 .ARM.attributes
                0x00000000       0x1e c:/vsarm/armcc/bin/../lib/gcc/arm-none-eabi/10.3.1/thumb/v6-m/nofp/crti.o
 .ARM.attributes
                0x0000001e       0x2c c:/vsarm/armcc/bin/../lib/gcc/arm-none-eabi/10.3.1/thumb/v6-m/nofp/crtbegin.o
 .ARM.attributes
                0x0000004a       0x2c CMakeFiles/ss_oled_demo.dir/ss_oled_demo.c.obj
 .ARM.attributes
                0x00000076       0x2c CMakeFiles/ss_oled_demo.dir/BitBang_I2C.c.obj
 .ARM.attributes
                0x000000a2       0x2c CMakeFiles/ss_oled_demo.dir/ss_oled.c.obj
 .ARM.attributes
                0x000000ce       0x2c CMakeFiles/ss_oled_demo.dir/C_/VSARM/sdk/pico/pico-sdk/src/rp2_common/hardware_gpio/gpio.c.obj
 .ARM.attributes
                0x000000fa       0x2c CMakeFiles/ss_oled_demo.dir/C_/VSARM/sdk/pico/pico-sdk/src/rp2_common/hardware_claim/claim.c.obj
 .ARM.attributes
                0x00000126       0x2c CMakeFiles/ss_oled_demo.dir/C_/VSARM/sdk/pico/pico-sdk/src/rp2_common/pico_platform/platform.c.obj
 .ARM.attributes
                0x00000152       0x2c CMakeFiles/ss_oled_demo.dir/C_/VSARM/sdk/pico/pico-sdk/src/rp2_common/hardware_sync/sync.c.obj
 .ARM.attributes
                0x0000017e       0x2c CMakeFiles/ss_oled_demo.dir/C_/VSARM/sdk/pico/pico-sdk/src/rp2_common/hardware_irq/irq.c.obj
 .ARM.attributes
                0x000001aa       0x22 CMakeFiles/ss_oled_demo.dir/C_/VSARM/sdk/pico/pico-sdk/src/rp2_common/hardware_irq/irq_handler_chain.S.obj
 .ARM.attributes
                0x000001cc       0x2c CMakeFiles/ss_oled_demo.dir/C_/VSARM/sdk/pico/pico-sdk/src/common/pico_sync/lock_core.c.obj
 .ARM.attributes
                0x000001f8       0x2c CMakeFiles/ss_oled_demo.dir/C_/VSARM/sdk/pico/pico-sdk/src/common/pico_time/time.c.obj
 .ARM.attributes
                0x00000224       0x2c CMakeFiles/ss_oled_demo.dir/C_/VSARM/sdk/pico/pico-sdk/src/rp2_common/hardware_timer/timer.c.obj
 .ARM.attributes
                0x00000250       0x2c CMakeFiles/ss_oled_demo.dir/C_/VSARM/sdk/pico/pico-sdk/src/common/pico_util/pheap.c.obj
 .ARM.attributes
                0x0000027c       0x2c CMakeFiles/ss_oled_demo.dir/C_/VSARM/sdk/pico/pico-sdk/src/common/pico_sync/mutex.c.obj
 .ARM.attributes
                0x000002a8       0x2c CMakeFiles/ss_oled_demo.dir/C_/VSARM/sdk/pico/pico-sdk/src/rp2_common/pico_runtime/runtime.c.obj
 .ARM.attributes
                0x000002d4       0x2c CMakeFiles/ss_oled_demo.dir/C_/VSARM/sdk/pico/pico-sdk/src/rp2_common/hardware_clocks/clocks.c.obj
 .ARM.attributes
                0x00000300       0x2c CMakeFiles/ss_oled_demo.dir/C_/VSARM/sdk/pico/pico-sdk/src/rp2_common/hardware_pll/pll.c.obj
 .ARM.attributes
                0x0000032c       0x2c CMakeFiles/ss_oled_demo.dir/C_/VSARM/sdk/pico/pico-sdk/src/rp2_common/hardware_watchdog/watchdog.c.obj
 .ARM.attributes
                0x00000358       0x2c CMakeFiles/ss_oled_demo.dir/C_/VSARM/sdk/pico/pico-sdk/src/rp2_common/hardware_xosc/xosc.c.obj
 .ARM.attributes
                0x00000384       0x2c CMakeFiles/ss_oled_demo.dir/C_/VSARM/sdk/pico/pico-sdk/src/rp2_common/pico_printf/printf.c.obj
 .ARM.attributes
                0x000003b0       0x22 CMakeFiles/ss_oled_demo.dir/C_/VSARM/sdk/pico/pico-sdk/src/rp2_common/pico_bit_ops/bit_ops_aeabi.S.obj
 .ARM.attributes
                0x000003d2       0x2c CMakeFiles/ss_oled_demo.dir/C_/VSARM/sdk/pico/pico-sdk/src/rp2_common/pico_bootrom/bootrom.c.obj
 .ARM.attributes
                0x000003fe       0x22 CMakeFiles/ss_oled_demo.dir/C_/VSARM/sdk/pico/pico-sdk/src/rp2_common/pico_divider/divider.S.obj
 .ARM.attributes
                0x00000420       0x22 CMakeFiles/ss_oled_demo.dir/C_/VSARM/sdk/pico/pico-sdk/src/rp2_common/pico_double/double_aeabi.S.obj
 .ARM.attributes
                0x00000442       0x2c CMakeFiles/ss_oled_demo.dir/C_/VSARM/sdk/pico/pico-sdk/src/rp2_common/pico_double/double_init_rom.c.obj
 .ARM.attributes
                0x0000046e       0x22 CMakeFiles/ss_oled_demo.dir/C_/VSARM/sdk/pico/pico-sdk/src/rp2_common/pico_double/double_v1_rom_shim.S.obj
 .ARM.attributes
                0x00000490       0x22 CMakeFiles/ss_oled_demo.dir/C_/VSARM/sdk/pico/pico-sdk/src/rp2_common/pico_float/float_aeabi.S.obj
 .ARM.attributes
                0x000004b2       0x2c CMakeFiles/ss_oled_demo.dir/C_/VSARM/sdk/pico/pico-sdk/src/rp2_common/pico_float/float_init_rom.c.obj
 .ARM.attributes
                0x000004de       0x22 CMakeFiles/ss_oled_demo.dir/C_/VSARM/sdk/pico/pico-sdk/src/rp2_common/pico_float/float_v1_rom_shim.S.obj
 .ARM.attributes
                0x00000500       0x22 CMakeFiles/ss_oled_demo.dir/C_/VSARM/sdk/pico/pico-sdk/src/rp2_common/pico_mem_ops/mem_ops_aeabi.S.obj
 .ARM.attributes
                0x00000522       0x22 CMakeFiles/ss_oled_demo.dir/C_/VSARM/sdk/pico/pico-sdk/src/rp2_common/pico_standard_link/crt0.S.obj
 .ARM.attributes
                0x00000544       0x2c CMakeFiles/ss_oled_demo.dir/C_/VSARM/sdk/pico/pico-sdk/src/rp2_common/pico_standard_link/binary_info.c.obj
 .ARM.attributes
                0x00000570       0x2c CMakeFiles/ss_oled_demo.dir/C_/VSARM/sdk/pico/pico-sdk/src/rp2_common/pico_stdio/stdio.c.obj
 .ARM.attributes
                0x0000059c       0x2c CMakeFiles/ss_oled_demo.dir/C_/VSARM/sdk/pico/pico-sdk/src/rp2_common/pico_unique_id/unique_id.c.obj
 .ARM.attributes
                0x000005c8       0x2c CMakeFiles/ss_oled_demo.dir/C_/VSARM/sdk/pico/pico-sdk/src/rp2_common/hardware_flash/flash.c.obj
 .ARM.attributes
                0x000005f4       0x2c CMakeFiles/ss_oled_demo.dir/C_/VSARM/sdk/pico/pico-sdk/src/rp2_common/hardware_i2c/i2c.c.obj
 .ARM.attributes
                0x00000620       0x22 C:\Users\acer\AppData\Local\Temp\ccgTQGUm.o
 .ARM.attributes
                0x00000642       0x1e c:/vsarm/armcc/bin/../lib/gcc/arm-none-eabi/10.3.1/thumb/v6-m/nofp\libgcc.a(_dvmd_tls.o)
 .ARM.attributes
                0x00000660       0x2c c:/vsarm/armcc/bin/../lib/gcc/arm-none-eabi/10.3.1/../../../../arm-none-eabi/lib/thumb/v6-m/nofp\libg.a(lib_a-strlen-stub.o)

.comment        0x00000000       0x49
 .comment       0x00000000       0x49 CMakeFiles/ss_oled_demo.dir/ss_oled_demo.c.obj
                                 0x4a (size before relaxing)
 .comment       0x00000049       0x4a CMakeFiles/ss_oled_demo.dir/BitBang_I2C.c.obj
 .comment       0x00000049       0x4a CMakeFiles/ss_oled_demo.dir/ss_oled.c.obj
 .comment       0x00000049       0x4a CMakeFiles/ss_oled_demo.dir/C_/VSARM/sdk/pico/pico-sdk/src/rp2_common/hardware_gpio/gpio.c.obj
 .comment       0x00000049       0x4a CMakeFiles/ss_oled_demo.dir/C_/VSARM/sdk/pico/pico-sdk/src/rp2_common/hardware_claim/claim.c.obj
 .comment       0x00000049       0x4a CMakeFiles/ss_oled_demo.dir/C_/VSARM/sdk/pico/pico-sdk/src/rp2_common/pico_platform/platform.c.obj
 .comment       0x00000049       0x4a CMakeFiles/ss_oled_demo.dir/C_/VSARM/sdk/pico/pico-sdk/src/rp2_common/hardware_sync/sync.c.obj
 .comment       0x00000049       0x4a CMakeFiles/ss_oled_demo.dir/C_/VSARM/sdk/pico/pico-sdk/src/rp2_common/hardware_irq/irq.c.obj
 .comment       0x00000049       0x4a CMakeFiles/ss_oled_demo.dir/C_/VSARM/sdk/pico/pico-sdk/src/common/pico_sync/lock_core.c.obj
 .comment       0x00000049       0x4a CMakeFiles/ss_oled_demo.dir/C_/VSARM/sdk/pico/pico-sdk/src/common/pico_time/time.c.obj
 .comment       0x00000049       0x4a CMakeFiles/ss_oled_demo.dir/C_/VSARM/sdk/pico/pico-sdk/src/rp2_common/hardware_timer/timer.c.obj
 .comment       0x00000049       0x4a CMakeFiles/ss_oled_demo.dir/C_/VSARM/sdk/pico/pico-sdk/src/common/pico_util/pheap.c.obj
 .comment       0x00000049       0x4a CMakeFiles/ss_oled_demo.dir/C_/VSARM/sdk/pico/pico-sdk/src/common/pico_sync/mutex.c.obj
 .comment       0x00000049       0x4a CMakeFiles/ss_oled_demo.dir/C_/VSARM/sdk/pico/pico-sdk/src/rp2_common/pico_runtime/runtime.c.obj
 .comment       0x00000049       0x4a CMakeFiles/ss_oled_demo.dir/C_/VSARM/sdk/pico/pico-sdk/src/rp2_common/hardware_clocks/clocks.c.obj
 .comment       0x00000049       0x4a CMakeFiles/ss_oled_demo.dir/C_/VSARM/sdk/pico/pico-sdk/src/rp2_common/hardware_pll/pll.c.obj
 .comment       0x00000049       0x4a CMakeFiles/ss_oled_demo.dir/C_/VSARM/sdk/pico/pico-sdk/src/rp2_common/hardware_watchdog/watchdog.c.obj
 .comment       0x00000049       0x4a CMakeFiles/ss_oled_demo.dir/C_/VSARM/sdk/pico/pico-sdk/src/rp2_common/hardware_xosc/xosc.c.obj
 .comment       0x00000049       0x4a CMakeFiles/ss_oled_demo.dir/C_/VSARM/sdk/pico/pico-sdk/src/rp2_common/pico_printf/printf.c.obj
 .comment       0x00000049       0x4a CMakeFiles/ss_oled_demo.dir/C_/VSARM/sdk/pico/pico-sdk/src/rp2_common/pico_bootrom/bootrom.c.obj
 .comment       0x00000049       0x4a CMakeFiles/ss_oled_demo.dir/C_/VSARM/sdk/pico/pico-sdk/src/rp2_common/pico_double/double_init_rom.c.obj
 .comment       0x00000049       0x4a CMakeFiles/ss_oled_demo.dir/C_/VSARM/sdk/pico/pico-sdk/src/rp2_common/pico_float/float_init_rom.c.obj
 .comment       0x00000049       0x4a CMakeFiles/ss_oled_demo.dir/C_/VSARM/sdk/pico/pico-sdk/src/rp2_common/pico_standard_link/binary_info.c.obj
 .comment       0x00000049       0x4a CMakeFiles/ss_oled_demo.dir/C_/VSARM/sdk/pico/pico-sdk/src/rp2_common/pico_stdio/stdio.c.obj
 .comment       0x00000049       0x4a CMakeFiles/ss_oled_demo.dir/C_/VSARM/sdk/pico/pico-sdk/src/rp2_common/pico_unique_id/unique_id.c.obj
 .comment       0x00000049       0x4a CMakeFiles/ss_oled_demo.dir/C_/VSARM/sdk/pico/pico-sdk/src/rp2_common/hardware_flash/flash.c.obj
 .comment       0x00000049       0x4a CMakeFiles/ss_oled_demo.dir/C_/VSARM/sdk/pico/pico-sdk/src/rp2_common/hardware_i2c/i2c.c.obj

.debug_info     0x00000000    0x19c14
 .debug_info    0x00000000      0x511 CMakeFiles/ss_oled_demo.dir/ss_oled_demo.c.obj
 .debug_info    0x00000511     0x1c79 CMakeFiles/ss_oled_demo.dir/BitBang_I2C.c.obj
 .debug_info    0x0000218a     0x31f6 CMakeFiles/ss_oled_demo.dir/ss_oled.c.obj
 .debug_info    0x00005380     0x16d7 CMakeFiles/ss_oled_demo.dir/C_/VSARM/sdk/pico/pico-sdk/src/rp2_common/hardware_gpio/gpio.c.obj
 .debug_info    0x00006a57      0x6bb CMakeFiles/ss_oled_demo.dir/C_/VSARM/sdk/pico/pico-sdk/src/rp2_common/hardware_claim/claim.c.obj
 .debug_info    0x00007112      0x1e3 CMakeFiles/ss_oled_demo.dir/C_/VSARM/sdk/pico/pico-sdk/src/rp2_common/pico_platform/platform.c.obj
 .debug_info    0x000072f5      0x58e CMakeFiles/ss_oled_demo.dir/C_/VSARM/sdk/pico/pico-sdk/src/rp2_common/hardware_sync/sync.c.obj
 .debug_info    0x00007883     0x1c49 CMakeFiles/ss_oled_demo.dir/C_/VSARM/sdk/pico/pico-sdk/src/rp2_common/hardware_irq/irq.c.obj
 .debug_info    0x000094cc      0x1a4 CMakeFiles/ss_oled_demo.dir/C_/VSARM/sdk/pico/pico-sdk/src/common/pico_sync/lock_core.c.obj
 .debug_info    0x00009670     0x3b3b CMakeFiles/ss_oled_demo.dir/C_/VSARM/sdk/pico/pico-sdk/src/common/pico_time/time.c.obj
 .debug_info    0x0000d1ab     0x1134 CMakeFiles/ss_oled_demo.dir/C_/VSARM/sdk/pico/pico-sdk/src/rp2_common/hardware_timer/timer.c.obj
 .debug_info    0x0000e2df     0x120c CMakeFiles/ss_oled_demo.dir/C_/VSARM/sdk/pico/pico-sdk/src/common/pico_util/pheap.c.obj
 .debug_info    0x0000f4eb     0x2022 CMakeFiles/ss_oled_demo.dir/C_/VSARM/sdk/pico/pico-sdk/src/common/pico_sync/mutex.c.obj
 .debug_info    0x0001150d      0xa87 CMakeFiles/ss_oled_demo.dir/C_/VSARM/sdk/pico/pico-sdk/src/rp2_common/pico_runtime/runtime.c.obj
 .debug_info    0x00011f94      0xf63 CMakeFiles/ss_oled_demo.dir/C_/VSARM/sdk/pico/pico-sdk/src/rp2_common/hardware_clocks/clocks.c.obj
 .debug_info    0x00012ef7      0x54a CMakeFiles/ss_oled_demo.dir/C_/VSARM/sdk/pico/pico-sdk/src/rp2_common/hardware_pll/pll.c.obj
 .debug_info    0x00013441      0x4ee CMakeFiles/ss_oled_demo.dir/C_/VSARM/sdk/pico/pico-sdk/src/rp2_common/hardware_watchdog/watchdog.c.obj
 .debug_info    0x0001392f      0x1d8 CMakeFiles/ss_oled_demo.dir/C_/VSARM/sdk/pico/pico-sdk/src/rp2_common/hardware_xosc/xosc.c.obj
 .debug_info    0x00013b07     0x1a5f CMakeFiles/ss_oled_demo.dir/C_/VSARM/sdk/pico/pico-sdk/src/rp2_common/pico_printf/printf.c.obj
 .debug_info    0x00015566       0x22 CMakeFiles/ss_oled_demo.dir/C_/VSARM/sdk/pico/pico-sdk/src/rp2_common/pico_bit_ops/bit_ops_aeabi.S.obj
 .debug_info    0x00015588      0x27c CMakeFiles/ss_oled_demo.dir/C_/VSARM/sdk/pico/pico-sdk/src/rp2_common/pico_bootrom/bootrom.c.obj
 .debug_info    0x00015804       0x22 CMakeFiles/ss_oled_demo.dir/C_/VSARM/sdk/pico/pico-sdk/src/rp2_common/pico_divider/divider.S.obj
 .debug_info    0x00015826       0x22 CMakeFiles/ss_oled_demo.dir/C_/VSARM/sdk/pico/pico-sdk/src/rp2_common/pico_double/double_aeabi.S.obj
 .debug_info    0x00015848      0x2d1 CMakeFiles/ss_oled_demo.dir/C_/VSARM/sdk/pico/pico-sdk/src/rp2_common/pico_double/double_init_rom.c.obj
 .debug_info    0x00015b19       0x22 CMakeFiles/ss_oled_demo.dir/C_/VSARM/sdk/pico/pico-sdk/src/rp2_common/pico_double/double_v1_rom_shim.S.obj
 .debug_info    0x00015b3b       0x22 CMakeFiles/ss_oled_demo.dir/C_/VSARM/sdk/pico/pico-sdk/src/rp2_common/pico_float/float_aeabi.S.obj
 .debug_info    0x00015b5d      0x2eb CMakeFiles/ss_oled_demo.dir/C_/VSARM/sdk/pico/pico-sdk/src/rp2_common/pico_float/float_init_rom.c.obj
 .debug_info    0x00015e48       0x22 CMakeFiles/ss_oled_demo.dir/C_/VSARM/sdk/pico/pico-sdk/src/rp2_common/pico_float/float_v1_rom_shim.S.obj
 .debug_info    0x00015e6a       0x22 CMakeFiles/ss_oled_demo.dir/C_/VSARM/sdk/pico/pico-sdk/src/rp2_common/pico_mem_ops/mem_ops_aeabi.S.obj
 .debug_info    0x00015e8c       0x22 CMakeFiles/ss_oled_demo.dir/C_/VSARM/sdk/pico/pico-sdk/src/rp2_common/pico_standard_link/crt0.S.obj
 .debug_info    0x00015eae      0x2f6 CMakeFiles/ss_oled_demo.dir/C_/VSARM/sdk/pico/pico-sdk/src/rp2_common/pico_standard_link/binary_info.c.obj
 .debug_info    0x000161a4     0x1303 CMakeFiles/ss_oled_demo.dir/C_/VSARM/sdk/pico/pico-sdk/src/rp2_common/pico_stdio/stdio.c.obj
 .debug_info    0x000174a7      0x257 CMakeFiles/ss_oled_demo.dir/C_/VSARM/sdk/pico/pico-sdk/src/rp2_common/pico_unique_id/unique_id.c.obj
 .debug_info    0x000176fe      0xf22 CMakeFiles/ss_oled_demo.dir/C_/VSARM/sdk/pico/pico-sdk/src/rp2_common/hardware_flash/flash.c.obj
 .debug_info    0x00018620     0x15f4 CMakeFiles/ss_oled_demo.dir/C_/VSARM/sdk/pico/pico-sdk/src/rp2_common/hardware_i2c/i2c.c.obj

.debug_abbrev   0x00000000     0x47d6
 .debug_abbrev  0x00000000      0x13b CMakeFiles/ss_oled_demo.dir/ss_oled_demo.c.obj
 .debug_abbrev  0x0000013b      0x3dd CMakeFiles/ss_oled_demo.dir/BitBang_I2C.c.obj
 .debug_abbrev  0x00000518      0x268 CMakeFiles/ss_oled_demo.dir/ss_oled.c.obj
 .debug_abbrev  0x00000780      0x326 CMakeFiles/ss_oled_demo.dir/C_/VSARM/sdk/pico/pico-sdk/src/rp2_common/hardware_gpio/gpio.c.obj
 .debug_abbrev  0x00000aa6      0x2e9 CMakeFiles/ss_oled_demo.dir/C_/VSARM/sdk/pico/pico-sdk/src/rp2_common/hardware_claim/claim.c.obj
 .debug_abbrev  0x00000d8f       0xeb CMakeFiles/ss_oled_demo.dir/C_/VSARM/sdk/pico/pico-sdk/src/rp2_common/pico_platform/platform.c.obj
 .debug_abbrev  0x00000e7a      0x21b CMakeFiles/ss_oled_demo.dir/C_/VSARM/sdk/pico/pico-sdk/src/rp2_common/hardware_sync/sync.c.obj
 .debug_abbrev  0x00001095      0x4fc CMakeFiles/ss_oled_demo.dir/C_/VSARM/sdk/pico/pico-sdk/src/rp2_common/hardware_irq/irq.c.obj
 .debug_abbrev  0x00001591      0x116 CMakeFiles/ss_oled_demo.dir/C_/VSARM/sdk/pico/pico-sdk/src/common/pico_sync/lock_core.c.obj
 .debug_abbrev  0x000016a7      0x54d CMakeFiles/ss_oled_demo.dir/C_/VSARM/sdk/pico/pico-sdk/src/common/pico_time/time.c.obj
 .debug_abbrev  0x00001bf4      0x3a2 CMakeFiles/ss_oled_demo.dir/C_/VSARM/sdk/pico/pico-sdk/src/rp2_common/hardware_timer/timer.c.obj
 .debug_abbrev  0x00001f96      0x297 CMakeFiles/ss_oled_demo.dir/C_/VSARM/sdk/pico/pico-sdk/src/common/pico_util/pheap.c.obj
 .debug_abbrev  0x0000222d      0x386 CMakeFiles/ss_oled_demo.dir/C_/VSARM/sdk/pico/pico-sdk/src/common/pico_sync/mutex.c.obj
 .debug_abbrev  0x000025b3      0x3aa CMakeFiles/ss_oled_demo.dir/C_/VSARM/sdk/pico/pico-sdk/src/rp2_common/pico_runtime/runtime.c.obj
 .debug_abbrev  0x0000295d      0x3a5 CMakeFiles/ss_oled_demo.dir/C_/VSARM/sdk/pico/pico-sdk/src/rp2_common/hardware_clocks/clocks.c.obj
 .debug_abbrev  0x00002d02      0x1ea CMakeFiles/ss_oled_demo.dir/C_/VSARM/sdk/pico/pico-sdk/src/rp2_common/hardware_pll/pll.c.obj
 .debug_abbrev  0x00002eec      0x1a8 CMakeFiles/ss_oled_demo.dir/C_/VSARM/sdk/pico/pico-sdk/src/rp2_common/hardware_watchdog/watchdog.c.obj
 .debug_abbrev  0x00003094      0x109 CMakeFiles/ss_oled_demo.dir/C_/VSARM/sdk/pico/pico-sdk/src/rp2_common/hardware_xosc/xosc.c.obj
 .debug_abbrev  0x0000319d      0x384 CMakeFiles/ss_oled_demo.dir/C_/VSARM/sdk/pico/pico-sdk/src/rp2_common/pico_printf/printf.c.obj
 .debug_abbrev  0x00003521       0x12 CMakeFiles/ss_oled_demo.dir/C_/VSARM/sdk/pico/pico-sdk/src/rp2_common/pico_bit_ops/bit_ops_aeabi.S.obj
 .debug_abbrev  0x00003533      0x13b CMakeFiles/ss_oled_demo.dir/C_/VSARM/sdk/pico/pico-sdk/src/rp2_common/pico_bootrom/bootrom.c.obj
 .debug_abbrev  0x0000366e       0x12 CMakeFiles/ss_oled_demo.dir/C_/VSARM/sdk/pico/pico-sdk/src/rp2_common/pico_divider/divider.S.obj
 .debug_abbrev  0x00003680       0x12 CMakeFiles/ss_oled_demo.dir/C_/VSARM/sdk/pico/pico-sdk/src/rp2_common/pico_double/double_aeabi.S.obj
 .debug_abbrev  0x00003692      0x179 CMakeFiles/ss_oled_demo.dir/C_/VSARM/sdk/pico/pico-sdk/src/rp2_common/pico_double/double_init_rom.c.obj
 .debug_abbrev  0x0000380b       0x12 CMakeFiles/ss_oled_demo.dir/C_/VSARM/sdk/pico/pico-sdk/src/rp2_common/pico_double/double_v1_rom_shim.S.obj
 .debug_abbrev  0x0000381d       0x12 CMakeFiles/ss_oled_demo.dir/C_/VSARM/sdk/pico/pico-sdk/src/rp2_common/pico_float/float_aeabi.S.obj
 .debug_abbrev  0x0000382f      0x18c CMakeFiles/ss_oled_demo.dir/C_/VSARM/sdk/pico/pico-sdk/src/rp2_common/pico_float/float_init_rom.c.obj
 .debug_abbrev  0x000039bb       0x12 CMakeFiles/ss_oled_demo.dir/C_/VSARM/sdk/pico/pico-sdk/src/rp2_common/pico_float/float_v1_rom_shim.S.obj
 .debug_abbrev  0x000039cd       0x12 CMakeFiles/ss_oled_demo.dir/C_/VSARM/sdk/pico/pico-sdk/src/rp2_common/pico_mem_ops/mem_ops_aeabi.S.obj
 .debug_abbrev  0x000039df       0x12 CMakeFiles/ss_oled_demo.dir/C_/VSARM/sdk/pico/pico-sdk/src/rp2_common/pico_standard_link/crt0.S.obj
 .debug_abbrev  0x000039f1       0xad CMakeFiles/ss_oled_demo.dir/C_/VSARM/sdk/pico/pico-sdk/src/rp2_common/pico_standard_link/binary_info.c.obj
 .debug_abbrev  0x00003a9e      0x4a9 CMakeFiles/ss_oled_demo.dir/C_/VSARM/sdk/pico/pico-sdk/src/rp2_common/pico_stdio/stdio.c.obj
 .debug_abbrev  0x00003f47      0x163 CMakeFiles/ss_oled_demo.dir/C_/VSARM/sdk/pico/pico-sdk/src/rp2_common/pico_unique_id/unique_id.c.obj
 .debug_abbrev  0x000040aa      0x2b6 CMakeFiles/ss_oled_demo.dir/C_/VSARM/sdk/pico/pico-sdk/src/rp2_common/hardware_flash/flash.c.obj
 .debug_abbrev  0x00004360      0x476 CMakeFiles/ss_oled_demo.dir/C_/VSARM/sdk/pico/pico-sdk/src/rp2_common/hardware_i2c/i2c.c.obj

.debug_aranges  0x00000000      0xfc8
 .debug_aranges
                0x00000000       0x20 CMakeFiles/ss_oled_demo.dir/ss_oled_demo.c.obj
 .debug_aranges
                0x00000020       0xa8 CMakeFiles/ss_oled_demo.dir/BitBang_I2C.c.obj
 .debug_aranges
                0x000000c8      0x118 CMakeFiles/ss_oled_demo.dir/ss_oled.c.obj
 .debug_aranges
                0x000001e0      0x100 CMakeFiles/ss_oled_demo.dir/C_/VSARM/sdk/pico/pico-sdk/src/rp2_common/hardware_gpio/gpio.c.obj
 .debug_aranges
                0x000002e0       0x48 CMakeFiles/ss_oled_demo.dir/C_/VSARM/sdk/pico/pico-sdk/src/rp2_common/hardware_claim/claim.c.obj
 .debug_aranges
                0x00000328       0x28 CMakeFiles/ss_oled_demo.dir/C_/VSARM/sdk/pico/pico-sdk/src/rp2_common/pico_platform/platform.c.obj
 .debug_aranges
                0x00000350       0x58 CMakeFiles/ss_oled_demo.dir/C_/VSARM/sdk/pico/pico-sdk/src/rp2_common/hardware_sync/sync.c.obj
 .debug_aranges
                0x000003a8       0xc8 CMakeFiles/ss_oled_demo.dir/C_/VSARM/sdk/pico/pico-sdk/src/rp2_common/hardware_irq/irq.c.obj
 .debug_aranges
                0x00000470       0x20 CMakeFiles/ss_oled_demo.dir/C_/VSARM/sdk/pico/pico-sdk/src/common/pico_sync/lock_core.c.obj