Archive member included to satisfy reference by file (symbol)

c:/vsarm/armcc/bin/../lib/gcc/arm-none-eabi/10.3.1/thumb/v6-m/nofp\libgcc.a(_dvmd_tls.o)
                              CMakeFiles/sht30a_i2c.dir/C_/VSARM/sdk/pico/pico-sdk/src/rp2_common/pico_divider/divider.S.obj (__aeabi_idiv0)
c:/vsarm/armcc/bin/../lib/gcc/arm-none-eabi/10.3.1/../../../../arm-none-eabi/lib/thumb/v6-m/nofp\libg.a(lib_a-calloc.o)
                              CMakeFiles/sht30a_i2c.dir/C_/VSARM/sdk/pico/pico-sdk/src/rp2_common/pico_malloc/pico_malloc.c.obj (calloc)
c:/vsarm/armcc/bin/../lib/gcc/arm-none-eabi/10.3.1/../../../../arm-none-eabi/lib/thumb/v6-m/nofp\libg.a(lib_a-callocr.o)
                              c:/vsarm/armcc/bin/../lib/gcc/arm-none-eabi/10.3.1/../../../../arm-none-eabi/lib/thumb/v6-m/nofp\libg.a(lib_a-calloc.o) (_calloc_r)
c:/vsarm/armcc/bin/../lib/gcc/arm-none-eabi/10.3.1/../../../../arm-none-eabi/lib/thumb/v6-m/nofp\libg.a(lib_a-ctype_.o)
                              CMakeFiles/sht30a_i2c.dir/C_/VSARM/sdk/pico/pico-sdk/lib/tinyusb/src/tusb.c.obj (_ctype_)
c:/vsarm/armcc/bin/../lib/gcc/arm-none-eabi/10.3.1/../../../../arm-none-eabi/lib/thumb/v6-m/nofp\libg.a(lib_a-errno.o)
                              c:/vsarm/armcc/bin/../lib/gcc/arm-none-eabi/10.3.1/../../../../arm-none-eabi/lib/thumb/v6-m/nofp\libg.a(lib_a-callocr.o) (__errno)
c:/vsarm/armcc/bin/../lib/gcc/arm-none-eabi/10.3.1/../../../../arm-none-eabi/lib/thumb/v6-m/nofp\libg.a(lib_a-impure.o)
                              c:/vsarm/armcc/bin/../lib/gcc/arm-none-eabi/10.3.1/../../../../arm-none-eabi/lib/thumb/v6-m/nofp\libg.a(lib_a-calloc.o) (_impure_ptr)
c:/vsarm/armcc/bin/../lib/gcc/arm-none-eabi/10.3.1/../../../../arm-none-eabi/lib/thumb/v6-m/nofp\libg.a(lib_a-init.o)
                              c:/vsarm/armcc/bin/../lib/gcc/arm-none-eabi/10.3.1/../../../../arm-none-eabi/lib/thumb/v6-m/nofp/crt0.o (__libc_init_array)
c:/vsarm/armcc/bin/../lib/gcc/arm-none-eabi/10.3.1/../../../../arm-none-eabi/lib/thumb/v6-m/nofp\libg.a(lib_a-malloc.o)
                              CMakeFiles/sht30a_i2c.dir/C_/VSARM/sdk/pico/pico-sdk/src/rp2_common/pico_malloc/pico_malloc.c.obj (malloc)
c:/vsarm/armcc/bin/../lib/gcc/arm-none-eabi/10.3.1/../../../../arm-none-eabi/lib/thumb/v6-m/nofp\libg.a(lib_a-mallocr.o)
                              c:/vsarm/armcc/bin/../lib/gcc/arm-none-eabi/10.3.1/../../../../arm-none-eabi/lib/thumb/v6-m/nofp\libg.a(lib_a-callocr.o) (_malloc_r)
c:/vsarm/armcc/bin/../lib/gcc/arm-none-eabi/10.3.1/../../../../arm-none-eabi/lib/thumb/v6-m/nofp\libg.a(lib_a-mlock.o)
                              c:/vsarm/armcc/bin/../lib/gcc/arm-none-eabi/10.3.1/../../../../arm-none-eabi/lib/thumb/v6-m/nofp\libg.a(lib_a-mallocr.o) (__malloc_lock)
c:/vsarm/armcc/bin/../lib/gcc/arm-none-eabi/10.3.1/../../../../arm-none-eabi/lib/thumb/v6-m/nofp\libg.a(lib_a-realloc.o)
                              CMakeFiles/sht30a_i2c.dir/C_/VSARM/sdk/pico/pico-sdk/src/rp2_common/pico_malloc/pico_malloc.c.obj (realloc)
c:/vsarm/armcc/bin/../lib/gcc/arm-none-eabi/10.3.1/../../../../arm-none-eabi/lib/thumb/v6-m/nofp\libg.a(lib_a-reallocr.o)
                              c:/vsarm/armcc/bin/../lib/gcc/arm-none-eabi/10.3.1/../../../../arm-none-eabi/lib/thumb/v6-m/nofp\libg.a(lib_a-realloc.o) (_realloc_r)
c:/vsarm/armcc/bin/../lib/gcc/arm-none-eabi/10.3.1/../../../../arm-none-eabi/lib/thumb/v6-m/nofp\libg.a(lib_a-sbrkr.o)
                              c:/vsarm/armcc/bin/../lib/gcc/arm-none-eabi/10.3.1/../../../../arm-none-eabi/lib/thumb/v6-m/nofp\libg.a(lib_a-mallocr.o) (_sbrk_r)
c:/vsarm/armcc/bin/../lib/gcc/arm-none-eabi/10.3.1/../../../../arm-none-eabi/lib/thumb/v6-m/nofp\libg.a(lib_a-strlen-stub.o)
                              CMakeFiles/sht30a_i2c.dir/C_/VSARM/sdk/pico/pico-sdk/src/rp2_common/pico_stdio/stdio.c.obj (strlen)
c:/vsarm/armcc/bin/../lib/gcc/arm-none-eabi/10.3.1/../../../../arm-none-eabi/lib/thumb/v6-m/nofp\libg.a(lib_a-freer.o)
                              c:/vsarm/armcc/bin/../lib/gcc/arm-none-eabi/10.3.1/../../../../arm-none-eabi/lib/thumb/v6-m/nofp\libg.a(lib_a-malloc.o) (_free_r)
c:/vsarm/armcc/bin/../lib/gcc/arm-none-eabi/10.3.1/../../../../arm-none-eabi/lib/thumb/v6-m/nofp\libg.a(lib_a-lock.o)
                              c:/vsarm/armcc/bin/../lib/gcc/arm-none-eabi/10.3.1/../../../../arm-none-eabi/lib/thumb/v6-m/nofp\libg.a(lib_a-mlock.o) (__retarget_lock_acquire_recursive)
c:/vsarm/armcc/bin/../lib/gcc/arm-none-eabi/10.3.1/../../../../arm-none-eabi/lib/thumb/v6-m/nofp\libg.a(lib_a-memmove.o)
                              c:/vsarm/armcc/bin/../lib/gcc/arm-none-eabi/10.3.1/../../../../arm-none-eabi/lib/thumb/v6-m/nofp\libg.a(lib_a-reallocr.o) (memmove)
c:/vsarm/armcc/bin/../lib/gcc/arm-none-eabi/10.3.1/../../../../arm-none-eabi/lib/thumb/v6-m/nofp\libg.a(lib_a-reent.o)
                              c:/vsarm/armcc/bin/../lib/gcc/arm-none-eabi/10.3.1/../../../../arm-none-eabi/lib/thumb/v6-m/nofp\libg.a(lib_a-sbrkr.o) (errno)

[...]
Memory Configuration

Name             Origin             Length             Attributes
FLASH            0x10000000         0x00200000         xr
RAM              0x20000000         0x00040000         xrw
SCRATCH_X        0x20040000         0x00001000         xrw
SCRATCH_Y        0x20041000         0x00001000         xrw
*default*        0x00000000         0xffffffff

Linker script and memory map

LOAD c:/vsarm/armcc/bin/../lib/gcc/arm-none-eabi/10.3.1/thumb/v6-m/nofp/crti.o
LOAD c:/vsarm/armcc/bin/../lib/gcc/arm-none-eabi/10.3.1/thumb/v6-m/nofp/crtbegin.o
LOAD c:/vsarm/armcc/bin/../lib/gcc/arm-none-eabi/10.3.1/../../../../arm-none-eabi/lib/thumb/v6-m/nofp/crt0.o

.flash_begin    0x10000000        0x0
                0x10000000                __flash_binary_start = .

.boot2          0x10000000      0x100
                0x10000000                __boot2_start__ = .
 *(.boot2)
 .boot2         0x10000000      0x100 C:\Users\acer\AppData\Local\Temp\ccCkdb4b.o
                0x10000100                __boot2_end__ = .
                0x00000001                ASSERT (((__boot2_end__ - __boot2_start__) == 0x100), ERROR: Pico second stage bootloader must be 256 bytes in size)

.text           0x10000100     0x7728
                0x10000100                __logical_binary_start = .
 *(.vectors)
 .vectors       0x10000100       0xd4 CMakeFiles/sht30a_i2c.dir/C_/VSARM/sdk/pico/pico-sdk/src/rp2_common/pico_standard_link/crt0.S.obj
                0x10000100                __VECTOR_TABLE
                0x10000100                __vectors
                0x100001c0                isr_invalid
                0x100001c0                __default_isrs_start
                0x100001c2                isr_nmi
                0x100001c4                isr_hardfault
                0x100001c6                isr_svcall
                0x100001c8                isr_pendsv
                0x100001ca                isr_systick
                0x100001cc                isr_irq23
                0x100001cc                isr_irq18
                0x100001cc                isr_irq11
                0x100001cc                isr_irq28
                0x100001cc                isr_irq19
                0x100001cc                isr_irq0
                0x100001cc                isr_irq6
                0x100001cc                isr_irq5
                0x100001cc                isr_irq12
                0x100001cc                isr_irq22
                0x100001cc                isr_irq31
                0x100001cc                isr_irq17
                0x100001cc                isr_irq27
                0x100001cc                isr_irq30
                0x100001cc                isr_irq2
                0x100001cc                isr_irq10
                0x100001cc                isr_irq8
                0x100001cc                isr_irq24
                0x100001cc                isr_irq1
                0x100001cc                isr_irq7
                0x100001cc                isr_irq21
                0x100001cc                isr_irq20
                0x100001cc                isr_irq15
                0x100001cc                isr_irq25
                0x100001cc                isr_irq13
                0x100001cc                __unhandled_user_irq
                0x100001cc                isr_irq4
                0x100001cc                isr_irq16
                0x100001cc                isr_irq29
                0x100001cc                isr_irq26
                0x100001cc                __default_isrs_end
                0x100001cc                isr_irq3
                0x100001cc                isr_irq14
                0x100001cc                isr_irq9
                0x100001d2                unhandled_user_irq_num_in_r0
 *(.binary_info_header)
 .binary_info_header
                0x100001d4       0x14 CMakeFiles/sht30a_i2c.dir/C_/VSARM/sdk/pico/pico-sdk/src/rp2_common/pico_standard_link/crt0.S.obj
                0x100001e8                __binary_info_header_end = .
 *(.reset)
 .reset         0x100001e8       0xa8 CMakeFiles/sht30a_i2c.dir/C_/VSARM/sdk/pico/pico-sdk/src/rp2_common/pico_standard_link/crt0.S.obj
                0x100001e8                _entry_point
                0x10000266                __get_current_exception
 .reset         0x10000290       0x30 CMakeFiles/sht30a_i2c.dir/C_/VSARM/sdk/pico/pico-sdk/src/rp2_common/pico_standard_link/binary_info.c.obj
 *(.init)
 .init          0x100002c0        0x4 c:/vsarm/armcc/bin/../lib/gcc/arm-none-eabi/10.3.1/thumb/v6-m/nofp/crti.o
                0x100002c0                _init
 *(EXCLUDE_FILE(*libm.a: *libc.a:*lib_a-mem*.o *libgcc.a:) .text*)
 .text          0x100002c4       0x48 c:/vsarm/armcc/bin/../lib/gcc/arm-none-eabi/10.3.1/thumb/v6-m/nofp/crtbegin.o
 .text.main     0x1000030c       0xec CMakeFiles/sht30a_i2c.dir/main.c.obj
                0x1000030c                main
 .text.gpio_set_function
                0x100003f8       0x30 CMakeFiles/sht30a_i2c.dir/C_/VSARM/sdk/pico/pico-sdk/src/rp2_common/hardware_gpio/gpio.c.obj
                0x100003f8                gpio_set_function
 .text.gpio_set_pulls
                0x10000428       0x34 CMakeFiles/sht30a_i2c.dir/C_/VSARM/sdk/pico/pico-sdk/src/rp2_common/hardware_gpio/gpio.c.obj
                0x10000428                gpio_set_pulls
 .text.hw_claim_lock
                0x1000045c       0x18 CMakeFiles/sht30a_i2c.dir/C_/VSARM/sdk/pico/pico-sdk/src/rp2_common/hardware_claim/claim.c.obj
                0x1000045c                hw_claim_lock
 .text.hw_claim_unlock
                0x10000474       0x14 CMakeFiles/sht30a_i2c.dir/C_/VSARM/sdk/pico/pico-sdk/src/rp2_common/hardware_claim/claim.c.obj
                0x10000474                hw_claim_unlock
 .text.hw_claim_or_assert
                0x10000488       0x32 CMakeFiles/sht30a_i2c.dir/C_/VSARM/sdk/pico/pico-sdk/src/rp2_common/hardware_claim/claim.c.obj
                0x10000488                hw_claim_or_assert
 .text.hw_claim_unused_from_range
                0x100004ba       0x50 CMakeFiles/sht30a_i2c.dir/C_/VSARM/sdk/pico/pico-sdk/src/rp2_common/hardware_claim/claim.c.obj
                0x100004ba                hw_claim_unused_from_range
 *fill*         0x1000050a        0x2 
 .text.running_on_fpga
                0x1000050c       0x14 CMakeFiles/sht30a_i2c.dir/C_/VSARM/sdk/pico/pico-sdk/src/rp2_common/pico_platform/platform.c.obj
                0x1000050c                running_on_fpga
 .text.spin_locks_reset
                0x10000520       0x20 CMakeFiles/sht30a_i2c.dir/C_/VSARM/sdk/pico/pico-sdk/src/rp2_common/hardware_sync/sync.c.obj
                0x10000520                spin_locks_reset
 .text.next_striped_spin_lock_num
                0x10000540       0x1c CMakeFiles/sht30a_i2c.dir/C_/VSARM/sdk/pico/pico-sdk/src/rp2_common/hardware_sync/sync.c.obj
                0x10000540                next_striped_spin_lock_num
 .text.spin_lock_claim_unused
                0x1000055c       0x20 CMakeFiles/sht30a_i2c.dir/C_/VSARM/sdk/pico/pico-sdk/src/rp2_common/hardware_sync/sync.c.obj
                0x1000055c                spin_lock_claim_unused
 .text.set_raw_irq_handler_and_unlock
                0x1000057c       0x28 CMakeFiles/sht30a_i2c.dir/C_/VSARM/sdk/pico/pico-sdk/src/rp2_common/hardware_irq/irq.c.obj
 .text.make_branch
                0x100005a4       0x48 CMakeFiles/sht30a_i2c.dir/C_/VSARM/sdk/pico/pico-sdk/src/rp2_common/hardware_irq/irq.c.obj
 .text.insert_branch_and_link
                0x100005ec       0x40 CMakeFiles/sht30a_i2c.dir/C_/VSARM/sdk/pico/pico-sdk/src/rp2_common/hardware_irq/irq.c.obj
 .text.irq_is_enabled
                0x1000062c       0x18 CMakeFiles/sht30a_i2c.dir/C_/VSARM/sdk/pico/pico-sdk/src/rp2_common/hardware_irq/irq.c.obj
                0x1000062c                irq_is_enabled
 .text.irq_set_mask_enabled
                0x10000644       0x20 CMakeFiles/sht30a_i2c.dir/C_/VSARM/sdk/pico/pico-sdk/src/rp2_common/hardware_irq/irq.c.obj
                0x10000644                irq_set_mask_enabled
 .text.irq_set_enabled
                0x10000664        0xe CMakeFiles/sht30a_i2c.dir/C_/VSARM/sdk/pico/pico-sdk/src/rp2_common/hardware_irq/irq.c.obj
                0x10000664                irq_set_enabled
 *fill*         0x10000672        0x2 
 .text.irq_set_pending
                0x10000674       0x10 CMakeFiles/sht30a_i2c.dir/C_/VSARM/sdk/pico/pico-sdk/src/rp2_common/hardware_irq/irq.c.obj
                0x10000674                irq_set_pending
 .text.irq_get_vtable_handler
                0x10000684       0x10 CMakeFiles/sht30a_i2c.dir/C_/VSARM/sdk/pico/pico-sdk/src/rp2_common/hardware_irq/irq.c.obj
                0x10000684                irq_get_vtable_handler
 .text.irq_has_shared_handler
                0x10000694       0x24 CMakeFiles/sht30a_i2c.dir/C_/VSARM/sdk/pico/pico-sdk/src/rp2_common/hardware_irq/irq.c.obj
                0x10000694                irq_has_shared_handler
 .text.irq_set_exclusive_handler
                0x100006b8       0x54 CMakeFiles/sht30a_i2c.dir/C_/VSARM/sdk/pico/pico-sdk/src/rp2_common/hardware_irq/irq.c.obj
                0x100006b8                irq_set_exclusive_handler
 .text.irq_add_shared_handler
                0x1000070c      0x230 CMakeFiles/sht30a_i2c.dir/C_/VSARM/sdk/pico/pico-sdk/src/rp2_common/hardware_irq/irq.c.obj
                0x1000070c                irq_add_shared_handler
 .text.irq_remove_handler
                0x1000093c      0x1a8 CMakeFiles/sht30a_i2c.dir/C_/VSARM/sdk/pico/pico-sdk/src/rp2_common/hardware_irq/irq.c.obj
                0x1000093c                irq_remove_handler
 .text.irq_add_tail_to_free_list
                0x10000ae4       0xf0 CMakeFiles/sht30a_i2c.dir/C_/VSARM/sdk/pico/pico-sdk/src/rp2_common/hardware_irq/irq.c.obj
                0x10000ae4                irq_add_tail_to_free_list
 .text.irq_init_priorities
                0x10000bd4       0x1c CMakeFiles/sht30a_i2c.dir/C_/VSARM/sdk/pico/pico-sdk/src/rp2_common/hardware_irq/irq.c.obj
                0x10000bd4                irq_init_priorities
 .text.user_irq_claim_unused
                0x10000bf0       0x30 CMakeFiles/sht30a_i2c.dir/C_/VSARM/sdk/pico/pico-sdk/src/rp2_common/hardware_irq/irq.c.obj
                0x10000bf0                user_irq_claim_unused
 .text.lock_init
                0x10000c20       0x10 CMakeFiles/sht30a_i2c.dir/C_/VSARM/sdk/pico/pico-sdk/src/common/pico_sync/lock_core.c.obj
                0x10000c20                lock_init
 .text.alarm_pool_post_alloc_init
                0x10000c30       0x40 CMakeFiles/sht30a_i2c.dir/C_/VSARM/sdk/pico/pico-sdk/src/common/pico_time/time.c.obj
 .text.sleep_until_callback
                0x10000c70       0x30 CMakeFiles/sht30a_i2c.dir/C_/VSARM/sdk/pico/pico-sdk/src/common/pico_time/time.c.obj
 .text.timer_pool_entry_comparator
                0x10000ca0       0x7c CMakeFiles/sht30a_i2c.dir/C_/VSARM/sdk/pico/pico-sdk/src/common/pico_time/time.c.obj
                0x10000ca0                timer_pool_entry_comparator
 .text.ph_add_child_node
                0x10000d1c       0xa4 CMakeFiles/sht30a_i2c.dir/C_/VSARM/sdk/pico/pico-sdk/src/common/pico_time/time.c.obj
 .text.ph_merge_nodes
                0x10000dc0       0x3e CMakeFiles/sht30a_i2c.dir/C_/VSARM/sdk/pico/pico-sdk/src/common/pico_time/time.c.obj
 *fill*         0x10000dfe        0x2 
 .text.add_alarm_under_lock
                0x10000e00      0x174 CMakeFiles/sht30a_i2c.dir/C_/VSARM/sdk/pico/pico-sdk/src/common/pico_time/time.c.obj
 .text.alarm_pool_alarm_callback
                0x10000f74      0x328 CMakeFiles/sht30a_i2c.dir/C_/VSARM/sdk/pico/pico-sdk/src/common/pico_time/time.c.obj
 .text.alarm_pool_init_default
                0x1000129c       0x38 CMakeFiles/sht30a_i2c.dir/C_/VSARM/sdk/pico/pico-sdk/src/common/pico_time/time.c.obj
                0x1000129c                alarm_pool_init_default
 .text.alarm_pool_get_default
                0x100012d4       0x2c CMakeFiles/sht30a_i2c.dir/C_/VSARM/sdk/pico/pico-sdk/src/common/pico_time/time.c.obj
                0x100012d4                alarm_pool_get_default
 .text.alarm_pool_add_alarm_at
                0x10001300      0x170 CMakeFiles/sht30a_i2c.dir/C_/VSARM/sdk/pico/pico-sdk/src/common/pico_time/time.c.obj
                0x10001300                alarm_pool_add_alarm_at
 .text.alarm_pool_cancel_alarm
                0x10001470       0xf0 CMakeFiles/sht30a_i2c.dir/C_/VSARM/sdk/pico/pico-sdk/src/common/pico_time/time.c.obj
                0x10001470                alarm_pool_cancel_alarm
 .text.sleep_until
                0x10001560       0xfc CMakeFiles/sht30a_i2c.dir/C_/VSARM/sdk/pico/pico-sdk/src/common/pico_time/time.c.obj
                0x10001560                sleep_until
 .text.sleep_us
                0x1000165c       0x58 CMakeFiles/sht30a_i2c.dir/C_/VSARM/sdk/pico/pico-sdk/src/common/pico_time/time.c.obj
                0x1000165c                sleep_us
 .text.sleep_ms
                0x100016b4       0x14 CMakeFiles/sht30a_i2c.dir/C_/VSARM/sdk/pico/pico-sdk/src/common/pico_time/time.c.obj
                0x100016b4                sleep_ms
 .text.best_effort_wfe_or_timeout
                0x100016c8       0x80 CMakeFiles/sht30a_i2c.dir/C_/VSARM/sdk/pico/pico-sdk/src/common/pico_time/time.c.obj
                0x100016c8                best_effort_wfe_or_timeout
 .text.hardware_alarm_irq_handler
                0x10001748       0x8c CMakeFiles/sht30a_i2c.dir/C_/VSARM/sdk/pico/pico-sdk/src/rp2_common/hardware_timer/timer.c.obj
 .text.hardware_alarm_claim
                0x100017d4       0x18 CMakeFiles/sht30a_i2c.dir/C_/VSARM/sdk/pico/pico-sdk/src/rp2_common/hardware_timer/timer.c.obj
                0x100017d4                hardware_alarm_claim
 .text.time_us_64
                0x100017ec       0x18 CMakeFiles/sht30a_i2c.dir/C_/VSARM/sdk/pico/pico-sdk/src/rp2_common/hardware_timer/timer.c.obj
                0x100017ec                time_us_64
 .text.busy_wait_until
                0x10001804       0x28 CMakeFiles/sht30a_i2c.dir/C_/VSARM/sdk/pico/pico-sdk/src/rp2_common/hardware_timer/timer.c.obj
                0x10001804                busy_wait_until
 .text.hardware_alarm_set_callback
                0x1000182c       0x90 CMakeFiles/sht30a_i2c.dir/C_/VSARM/sdk/pico/pico-sdk/src/rp2_common/hardware_timer/timer.c.obj
                0x1000182c                hardware_alarm_set_callback
 .text.hardware_alarm_set_target
                0x100018bc       0xe8 CMakeFiles/sht30a_i2c.dir/C_/VSARM/sdk/pico/pico-sdk/src/rp2_common/hardware_timer/timer.c.obj
                0x100018bc                hardware_alarm_set_target
 .text.hardware_alarm_cancel
                0x100019a4       0x40 CMakeFiles/sht30a_i2c.dir/C_/VSARM/sdk/pico/pico-sdk/src/rp2_common/hardware_timer/timer.c.obj
                0x100019a4                hardware_alarm_cancel
 .text.ph_add_child_node
                0x100019e4       0xa4 CMakeFiles/sht30a_i2c.dir/C_/VSARM/sdk/pico/pico-sdk/src/common/pico_util/pheap.c.obj
 .text.ph_merge_nodes
                0x10001a88       0x3e CMakeFiles/sht30a_i2c.dir/C_/VSARM/sdk/pico/pico-sdk/src/common/pico_util/pheap.c.obj
 *fill*         0x10001ac6        0x2 
 .text.ph_clear
                0x10001ac8       0x70 CMakeFiles/sht30a_i2c.dir/C_/VSARM/sdk/pico/pico-sdk/src/common/pico_util/pheap.c.obj
                0x10001ac8                ph_clear
 .text.ph_post_alloc_init
                0x10001b38        0xe CMakeFiles/sht30a_i2c.dir/C_/VSARM/sdk/pico/pico-sdk/src/common/pico_util/pheap.c.obj
                0x10001b38                ph_post_alloc_init
 *fill*         0x10001b46        0x2 
 .text.ph_merge_two_pass
                0x10001b48       0xa8 CMakeFiles/sht30a_i2c.dir/C_/VSARM/sdk/pico/pico-sdk/src/common/pico_util/pheap.c.obj
                0x10001b48                ph_merge_two_pass
 .text.ph_remove_any_head
                0x10001bf0      0x108 CMakeFiles/sht30a_i2c.dir/C_/VSARM/sdk/pico/pico-sdk/src/common/pico_util/pheap.c.obj
 .text.ph_remove_head
                0x10001cf8       0x14 CMakeFiles/sht30a_i2c.dir/C_/VSARM/sdk/pico/pico-sdk/src/common/pico_util/pheap.c.obj
                0x10001cf8                ph_remove_head
 .text.ph_remove_and_free_node
                0x10001d0c       0xf8 CMakeFiles/sht30a_i2c.dir/C_/VSARM/sdk/pico/pico-sdk/src/common/pico_util/pheap.c.obj
                0x10001d0c                ph_remove_and_free_node
 .text.mutex_init
                0x10001e04       0x1a CMakeFiles/sht30a_i2c.dir/C_/VSARM/sdk/pico/pico-sdk/src/common/pico_sync/mutex.c.obj
                0x10001e04                mutex_init
 .text.recursive_mutex_init
                0x10001e1e       0x1e CMakeFiles/sht30a_i2c.dir/C_/VSARM/sdk/pico/pico-sdk/src/common/pico_sync/mutex.c.obj
                0x10001e1e                recursive_mutex_init
 .text.critical_section_init_with_lock_num
                0x10001e3c       0x14 CMakeFiles/sht30a_i2c.dir/C_/VSARM/sdk/pico/pico-sdk/src/common/pico_sync/critical_section.c.obj
                0x10001e3c                critical_section_init_with_lock_num
 .text.critical_section_init
                0x10001e50       0x14 CMakeFiles/sht30a_i2c.dir/C_/VSARM/sdk/pico/pico-sdk/src/common/pico_sync/critical_section.c.obj
                0x10001e50                critical_section_init
 .text._exit    0x10001e64        0x4 CMakeFiles/sht30a_i2c.dir/C_/VSARM/sdk/pico/pico-sdk/src/rp2_common/pico_runtime/runtime.c.obj
                0x10001e64                _exit
 .text.exit     0x10001e68        0x6 CMakeFiles/sht30a_i2c.dir/C_/VSARM/sdk/pico/pico-sdk/src/rp2_common/pico_runtime/runtime.c.obj
                0x10001e68                exit
 *fill*         0x10001e6e        0x2 
 .text.__assert_func
                0x10001e70       0x3c CMakeFiles/sht30a_i2c.dir/C_/VSARM/sdk/pico/pico-sdk/src/rp2_common/pico_runtime/runtime.c.obj
                0x10001e70                __assert_func
 .text.runtime_init
                0x10001eac       0xf8 CMakeFiles/sht30a_i2c.dir/C_/VSARM/sdk/pico/pico-sdk/src/rp2_common/pico_runtime/runtime.c.obj
                0x10001eac                runtime_init
 .text.panic    0x10001fa4       0x30 CMakeFiles/sht30a_i2c.dir/C_/VSARM/sdk/pico/pico-sdk/src/rp2_common/pico_runtime/runtime.c.obj
                0x10001fa4                panic
 .text.clock_configure
                0x10001fd4      0x104 CMakeFiles/sht30a_i2c.dir/C_/VSARM/sdk/pico/pico-sdk/src/rp2_common/hardware_clocks/clocks.c.obj
                0x10001fd4                clock_configure
 .text.clocks_init
                0x100020d8      0x100 CMakeFiles/sht30a_i2c.dir/C_/VSARM/sdk/pico/pico-sdk/src/rp2_common/hardware_clocks/clocks.c.obj
                0x100020d8                clocks_init
 .text.clock_get_hz
                0x100021d8        0xc CMakeFiles/sht30a_i2c.dir/C_/VSARM/sdk/pico/pico-sdk/src/rp2_common/hardware_clocks/clocks.c.obj
                0x100021d8                clock_get_hz
 .text.pll_init
                0x100021e4      0x140 CMakeFiles/sht30a_i2c.dir/C_/VSARM/sdk/pico/pico-sdk/src/rp2_common/hardware_pll/pll.c.obj
                0x100021e4                pll_init
 .text.watchdog_start_tick
                0x10002324       0x10 CMakeFiles/sht30a_i2c.dir/C_/VSARM/sdk/pico/pico-sdk/src/rp2_common/hardware_watchdog/watchdog.c.obj
                0x10002324                watchdog_start_tick
 .text.watchdog_update
                0x10002334       0x14 CMakeFiles/sht30a_i2c.dir/C_/VSARM/sdk/pico/pico-sdk/src/rp2_common/hardware_watchdog/watchdog.c.obj
                0x10002334                watchdog_update
 .text._watchdog_enable
                0x10002348       0x78 CMakeFiles/sht30a_i2c.dir/C_/VSARM/sdk/pico/pico-sdk/src/rp2_common/hardware_watchdog/watchdog.c.obj
                0x10002348                _watchdog_enable
 .text.watchdog_reboot
                0x100023c0       0x48 CMakeFiles/sht30a_i2c.dir/C_/VSARM/sdk/pico/pico-sdk/src/rp2_common/hardware_watchdog/watchdog.c.obj
                0x100023c0                watchdog_reboot
 .text.xosc_init
                0x10002408       0x28 CMakeFiles/sht30a_i2c.dir/C_/VSARM/sdk/pico/pico-sdk/src/rp2_common/hardware_xosc/xosc.c.obj
                0x10002408                xosc_init
 .text._out_null
                0x10002430        0x2 CMakeFiles/sht30a_i2c.dir/C_/VSARM/sdk/pico/pico-sdk/src/rp2_common/pico_printf/printf.c.obj
 .text._out_fct
                0x10002432        0xe CMakeFiles/sht30a_i2c.dir/C_/VSARM/sdk/pico/pico-sdk/src/rp2_common/pico_printf/printf.c.obj
 .text._atoi    0x10002440       0x24 CMakeFiles/sht30a_i2c.dir/C_/VSARM/sdk/pico/pico-sdk/src/rp2_common/pico_printf/printf.c.obj
 .text._out_rev
                0x10002464       0xae CMakeFiles/sht30a_i2c.dir/C_/VSARM/sdk/pico/pico-sdk/src/rp2_common/pico_printf/printf.c.obj
 .text._ntoa_format
                0x10002512      0x112 CMakeFiles/sht30a_i2c.dir/C_/VSARM/sdk/pico/pico-sdk/src/rp2_common/pico_printf/printf.c.obj
 .text._ntoa_long
                0x10002624       0xbc CMakeFiles/sht30a_i2c.dir/C_/VSARM/sdk/pico/pico-sdk/src/rp2_common/pico_printf/printf.c.obj
 .text._ntoa_long_long
                0x100026e0       0xe2 CMakeFiles/sht30a_i2c.dir/C_/VSARM/sdk/pico/pico-sdk/src/rp2_common/pico_printf/printf.c.obj
 *fill*         0x100027c2        0x2 
 .text._etoa    0x100027c4      0x414 CMakeFiles/sht30a_i2c.dir/C_/VSARM/sdk/pico/pico-sdk/src/rp2_common/pico_printf/printf.c.obj
 .text._ftoa    0x10002bd8      0x354 CMakeFiles/sht30a_i2c.dir/C_/VSARM/sdk/pico/pico-sdk/src/rp2_common/pico_printf/printf.c.obj
 .text._vsnprintf
                0x10002f2c      0x624 CMakeFiles/sht30a_i2c.dir/C_/VSARM/sdk/pico/pico-sdk/src/rp2_common/pico_printf/printf.c.obj
 .text.vfctprintf
                0x10003550       0x20 CMakeFiles/sht30a_i2c.dir/C_/VSARM/sdk/pico/pico-sdk/src/rp2_common/pico_printf/printf.c.obj
                0x10003550                vfctprintf
 .text          0x10003570       0x10 CMakeFiles/sht30a_i2c.dir/C_/VSARM/sdk/pico/pico-sdk/src/rp2_common/pico_bit_ops/bit_ops_aeabi.S.obj
 .text.rom_func_lookup
                0x10003580       0x10 CMakeFiles/sht30a_i2c.dir/C_/VSARM/sdk/pico/pico-sdk/src/rp2_common/pico_bootrom/bootrom.c.obj
                0x10003580                rom_func_lookup
 .text.rom_data_lookup
                0x10003590       0x10 CMakeFiles/sht30a_i2c.dir/C_/VSARM/sdk/pico/pico-sdk/src/rp2_common/pico_bootrom/bootrom.c.obj
                0x10003590                rom_data_lookup
 .text.rom_funcs_lookup
                0x100035a0       0x36 CMakeFiles/sht30a_i2c.dir/C_/VSARM/sdk/pico/pico-sdk/src/rp2_common/pico_bootrom/bootrom.c.obj
                0x100035a0                rom_funcs_lookup
 *fill*         0x100035d6        0x2 
 .text.__wrap___aeabi_idiv
                0x100035d8       0x50 CMakeFiles/sht30a_i2c.dir/C_/VSARM/sdk/pico/pico-sdk/src/rp2_common/pico_divider/divider.S.obj
                0x100035d8                __wrap___aeabi_idivmod
                0x100035d8                divmod_s32s32
                0x100035d8                div_s32s32
                0x100035d8                __wrap___aeabi_idiv
                0x100035e0                divmod_s32s32_unsafe
                0x1000360c                divmod_s32s32_savestate
 .text.__wrap___aeabi_uidiv
                0x10003628       0x4c CMakeFiles/sht30a_i2c.dir/C_/VSARM/sdk/pico/pico-sdk/src/rp2_common/pico_divider/divider.S.obj
                0x10003628                __wrap___aeabi_uidiv
                0x10003628                __wrap___aeabi_uidivmod
                0x10003628                div_u32u32
                0x10003628                divmod_u32u32
                0x10003630                divmod_u32u32_unsafe
                0x10003658                divmod_u32u32_savestate
 .text.__wrap___aeabi_ldiv
                0x10003674      0x434 CMakeFiles/sht30a_i2c.dir/C_/VSARM/sdk/pico/pico-sdk/src/rp2_common/pico_divider/divider.S.obj
                0x10003674                div_s64s64
                0x10003674                divmod_s64s64
                0x10003674                __wrap___aeabi_ldivmod
                0x100036ac                divmod_u64u64
                0x100036ac                div_u64u64
                0x100036ac                __wrap___aeabi_uldivmod
                0x100036bc                divmod_u64u64_savestate
                0x100036e4                divmod_s64s64_unsafe
                0x1000376c                divmod_u64u64_unsafe
 .text.__wrap___aeabi_darithmetic
                0x10003aa8       0x80 CMakeFiles/sht30a_i2c.dir/C_/VSARM/sdk/pico/pico-sdk/src/rp2_common/pico_double/double_aeabi.S.obj
                0x10003aa8                __wrap___aeabi_drsub
                0x10003aae                __wrap___aeabi_dsub
                0x10003ac0                __wrap___aeabi_dadd
                0x10003ad2                __wrap___aeabi_ddiv
                0x10003b0e                __wrap___aeabi_dmul
 .text.__wrap___aeabi_cdcmple
                0x10003b28       0x6c CMakeFiles/sht30a_i2c.dir/C_/VSARM/sdk/pico/pico-sdk/src/rp2_common/pico_double/double_aeabi.S.obj
                0x10003b28                __wrap___aeabi_cdrcmple
                0x10003b38                __wrap___aeabi_cdcmpeq
                0x10003b38                __wrap___aeabi_cdcmple
 .text.__wrap___aeabi_dcmplt
                0x10003b94        0xc CMakeFiles/sht30a_i2c.dir/C_/VSARM/sdk/pico/pico-sdk/src/rp2_common/pico_double/double_aeabi.S.obj
                0x10003b94                __wrap___aeabi_dcmplt
 .text.__wrap___aeabi_dcmple
                0x10003ba0       0x10 CMakeFiles/sht30a_i2c.dir/C_/VSARM/sdk/pico/pico-sdk/src/rp2_common/pico_double/double_aeabi.S.obj
                0x10003ba0                __wrap___aeabi_dcmple
 .text.__wrap___aeabi_dcmpge
                0x10003bb0       0x10 CMakeFiles/sht30a_i2c.dir/C_/VSARM/sdk/pico/pico-sdk/src/rp2_common/pico_double/double_aeabi.S.obj
                0x10003bb0                __wrap___aeabi_dcmpge
 .text.__wrap___aeabi_dcmpgt
                0x10003bc0        0xa CMakeFiles/sht30a_i2c.dir/C_/VSARM/sdk/pico/pico-sdk/src/rp2_common/pico_double/double_aeabi.S.obj
                0x10003bc0                __wrap___aeabi_dcmpgt
 .text.__wrap___aeabi_dcmpun
                0x10003bca       0x1c CMakeFiles/sht30a_i2c.dir/C_/VSARM/sdk/pico/pico-sdk/src/rp2_common/pico_double/double_aeabi.S.obj
                0x10003bca                __wrap___aeabi_dcmpun
 *fill*         0x10003be6        0x2 
 .text.__wrap___aeabi_i2d
                0x10003be8       0x38 CMakeFiles/sht30a_i2c.dir/C_/VSARM/sdk/pico/pico-sdk/src/rp2_common/pico_double/double_aeabi.S.obj
                0x10003be8                __wrap___aeabi_ui2d
                0x10003bf0                __wrap___aeabi_i2d
 .text.__wrap___aeabi_d2iz
                0x10003c20       0x48 CMakeFiles/sht30a_i2c.dir/C_/VSARM/sdk/pico/pico-sdk/src/rp2_common/pico_double/double_aeabi.S.obj
                0x10003c20                double2int_z
                0x10003c20                __wrap___aeabi_d2iz
 .text.__wrap___aeabi_d2uiz
                0x10003c68       0x18 CMakeFiles/sht30a_i2c.dir/C_/VSARM/sdk/pico/pico-sdk/src/rp2_common/pico_double/double_aeabi.S.obj
                0x10003c68                __wrap___aeabi_d2uiz
                0x10003c68                double2uint
 .text.__wrap___aeabi_d2f
                0x10003c80       0x18 CMakeFiles/sht30a_i2c.dir/C_/VSARM/sdk/pico/pico-sdk/src/rp2_common/pico_double/double_aeabi.S.obj
                0x10003c80                __wrap___aeabi_d2f
 .text.__aeabi_double_init
                0x10003c98       0xc8 CMakeFiles/sht30a_i2c.dir/C_/VSARM/sdk/pico/pico-sdk/src/rp2_common/pico_double/double_init_rom.c.obj
                0x10003c98                __aeabi_double_init
 .text.double_table_shim_on_use_helper
                0x10003d60       0x34 CMakeFiles/sht30a_i2c.dir/C_/VSARM/sdk/pico/pico-sdk/src/rp2_common/pico_double/double_v1_rom_shim.S.obj
                0x10003d60                double_table_shim_on_use_helper
 .text.__wrap___aeabi_dsub
                0x10003d94       0x10 CMakeFiles/sht30a_i2c.dir/C_/VSARM/sdk/pico/pico-sdk/src/rp2_common/pico_double/double_v1_rom_shim.S.obj
                0x10003d94                drsub_shim
                0x10003d9a                dsub_shim
 .text.dadd_shim
                0x10003da4      0x15c CMakeFiles/sht30a_i2c.dir/C_/VSARM/sdk/pico/pico-sdk/src/rp2_common/pico_double/double_v1_rom_shim.S.obj
                0x10003da4                dadd_shim
 .text.dmul_shim
                0x10003f00      0x15c CMakeFiles/sht30a_i2c.dir/C_/VSARM/sdk/pico/pico-sdk/src/rp2_common/pico_double/double_v1_rom_shim.S.obj
                0x10003f00                dmul_shim
 .text.ddiv_shim
                0x1000405c      0x1b0 CMakeFiles/sht30a_i2c.dir/C_/VSARM/sdk/pico/pico-sdk/src/rp2_common/pico_double/double_v1_rom_shim.S.obj
                0x1000405c                ddiv_shim
 .text.double2uint_shim
                0x1000420c        0xe CMakeFiles/sht30a_i2c.dir/C_/VSARM/sdk/pico/pico-sdk/src/rp2_common/pico_double/double_v1_rom_shim.S.obj
                0x1000420c                double2uint_shim
                0x1000420e                double2ufix_shim
 *fill*         0x1000421a        0x2 
 .text.double2uint64_shim
                0x1000421c       0x70 CMakeFiles/sht30a_i2c.dir/C_/VSARM/sdk/pico/pico-sdk/src/rp2_common/pico_double/double_v1_rom_shim.S.obj
                0x1000421c                double2uint64_shim
                0x1000421e                double2ufix64_shim
                0x1000423e                d2fix_a
 .text.double2float_shim
                0x1000428c       0x5c CMakeFiles/sht30a_i2c.dir/C_/VSARM/sdk/pico/pico-sdk/src/rp2_common/pico_double/double_v1_rom_shim.S.obj
                0x1000428c                double2float_shim
 .text.dunpacks
                0x100042e8       0x3c CMakeFiles/sht30a_i2c.dir/C_/VSARM/sdk/pico/pico-sdk/src/rp2_common/pico_double/double_v1_rom_shim.S.obj
                0x100042e8                dunpacks
 .text.__aeabi_lmul
                0x10004324       0x32 CMakeFiles/sht30a_i2c.dir/C_/VSARM/sdk/pico/pico-sdk/src/rp2_common/pico_int64_ops/pico_int64_ops_aeabi.S.obj
                0x10004324                __wrap___aeabi_lmul
 *fill*         0x10004356        0x2 
 .text.__wrap___aeabi_f2d
                0x10004358       0x14 CMakeFiles/sht30a_i2c.dir/C_/VSARM/sdk/pico/pico-sdk/src/rp2_common/pico_float/float_aeabi.S.obj
                0x10004358                __wrap___aeabi_f2d
 .text.__aeabi_float_init
                0x1000436c       0xfc CMakeFiles/sht30a_i2c.dir/C_/VSARM/sdk/pico/pico-sdk/src/rp2_common/pico_float/float_init_rom.c.obj
                0x1000436c                __aeabi_float_init
 .text.float_table_shim_on_use_helper
                0x10004468       0x34 CMakeFiles/sht30a_i2c.dir/C_/VSARM/sdk/pico/pico-sdk/src/rp2_common/pico_float/float_v1_rom_shim.S.obj
                0x10004468                float_table_shim_on_use_helper
 .text.float2double_shim
                0x1000449c       0x30 CMakeFiles/sht30a_i2c.dir/C_/VSARM/sdk/pico/pico-sdk/src/rp2_common/pico_float/float_v1_rom_shim.S.obj
                0x1000449c                float2double_shim
 .text          0x100044cc       0x10 CMakeFiles/sht30a_i2c.dir/C_/VSARM/sdk/pico/pico-sdk/src/rp2_common/pico_mem_ops/mem_ops_aeabi.S.obj
                0x100044cc                __aeabi_mem_init
 .text.memset   0x100044dc        0xc CMakeFiles/sht30a_i2c.dir/C_/VSARM/sdk/pico/pico-sdk/src/rp2_common/pico_mem_ops/mem_ops_aeabi.S.obj
                0x100044dc                __wrap_memset
 .text.memcpy   0x100044e8        0xc CMakeFiles/sht30a_i2c.dir/C_/VSARM/sdk/pico/pico-sdk/src/rp2_common/pico_mem_ops/mem_ops_aeabi.S.obj
                0x100044e8                __wrap_memcpy
                0x100044e8                __wrap___aeabi_memcpy
 .text.stdio_out_chars_no_crlf
                0x100044f4        0xe CMakeFiles/sht30a_i2c.dir/C_/VSARM/sdk/pico/pico-sdk/src/rp2_common/pico_stdio/stdio.c.obj
 *fill*         0x10004502        0x2 
 .text.stdio_out_chars_crlf
                0x10004504       0x80 CMakeFiles/sht30a_i2c.dir/C_/VSARM/sdk/pico/pico-sdk/src/rp2_common/pico_stdio/stdio.c.obj
 .text.stdio_stack_buffer_flush
                0x10004584       0x44 CMakeFiles/sht30a_i2c.dir/C_/VSARM/sdk/pico/pico-sdk/src/rp2_common/pico_stdio/stdio.c.obj
 .text.stdio_buffered_printer
                0x100045c8       0x20 CMakeFiles/sht30a_i2c.dir/C_/VSARM/sdk/pico/pico-sdk/src/rp2_common/pico_stdio/stdio.c.obj
 .text.stdout_serialize_begin
                0x100045e8       0x30 CMakeFiles/sht30a_i2c.dir/C_/VSARM/sdk/pico/pico-sdk/src/rp2_common/pico_stdio/stdio.c.obj
                0x100045e8                stdout_serialize_begin
 .text.stdout_serialize_end
                0x10004618       0x10 CMakeFiles/sht30a_i2c.dir/C_/VSARM/sdk/pico/pico-sdk/src/rp2_common/pico_stdio/stdio.c.obj
                0x10004618                stdout_serialize_end
 .text.stdio_put_string
                0x10004628       0x98 CMakeFiles/sht30a_i2c.dir/C_/VSARM/sdk/pico/pico-sdk/src/rp2_common/pico_stdio/stdio.c.obj
 .text.stdio_set_driver_enabled
                0x100046c0       0x2c CMakeFiles/sht30a_i2c.dir/C_/VSARM/sdk/pico/pico-sdk/src/rp2_common/pico_stdio/stdio.c.obj
                0x100046c0                stdio_set_driver_enabled
 .text.stdio_flush
                0x100046ec       0x20 CMakeFiles/sht30a_i2c.dir/C_/VSARM/sdk/pico/pico-sdk/src/rp2_common/pico_stdio/stdio.c.obj
                0x100046ec                stdio_flush
 .text.__wrap_puts
                0x1000470c       0x1e CMakeFiles/sht30a_i2c.dir/C_/VSARM/sdk/pico/pico-sdk/src/rp2_common/pico_stdio/stdio.c.obj
                0x1000470c                __wrap_puts
 *fill*         0x1000472a        0x2 
 .text.__wrap_vprintf
                0x1000472c       0x44 CMakeFiles/sht30a_i2c.dir/C_/VSARM/sdk/pico/pico-sdk/src/rp2_common/pico_stdio/stdio.c.obj
                0x1000472c                __wrap_vprintf
 .text.__wrap_printf
                0x10004770       0x18 CMakeFiles/sht30a_i2c.dir/C_/VSARM/sdk/pico/pico-sdk/src/rp2_common/pico_stdio/stdio.c.obj
                0x10004770                __wrap_printf
 .text.stdio_init_all
                0x10004788        0x8 CMakeFiles/sht30a_i2c.dir/C_/VSARM/sdk/pico/pico-sdk/src/rp2_common/pico_stdio/stdio.c.obj
                0x10004788                stdio_init_all
 .text.resetd_init
                0x10004790        0x2 CMakeFiles/sht30a_i2c.dir/C_/VSARM/sdk/pico/pico-sdk/src/rp2_common/pico_stdio_usb/reset_interface.c.obj
 *fill*         0x10004792        0x2 
 .text.resetd_reset
                0x10004794        0xc CMakeFiles/sht30a_i2c.dir/C_/VSARM/sdk/pico/pico-sdk/src/rp2_common/pico_stdio_usb/reset_interface.c.obj
 .text.resetd_open
                0x100047a0       0x34 CMakeFiles/sht30a_i2c.dir/C_/VSARM/sdk/pico/pico-sdk/src/rp2_common/pico_stdio_usb/reset_interface.c.obj
 .text.resetd_xfer_cb
                0x100047d4        0x4 CMakeFiles/sht30a_i2c.dir/C_/VSARM/sdk/pico/pico-sdk/src/rp2_common/pico_stdio_usb/reset_interface.c.obj
 .text.reset_usb_boot
                0x100047d8       0x18 CMakeFiles/sht30a_i2c.dir/C_/VSARM/sdk/pico/pico-sdk/src/rp2_common/pico_stdio_usb/reset_interface.c.obj
 .text.resetd_control_xfer_cb
                0x100047f0       0x5c CMakeFiles/sht30a_i2c.dir/C_/VSARM/sdk/pico/pico-sdk/src/rp2_common/pico_stdio_usb/reset_interface.c.obj
 .text.usbd_app_driver_get_cb
                0x1000484c        0xc CMakeFiles/sht30a_i2c.dir/C_/VSARM/sdk/pico/pico-sdk/src/rp2_common/pico_stdio_usb/reset_interface.c.obj
                0x1000484c                usbd_app_driver_get_cb
 .text.tud_cdc_line_coding_cb
                0x10004858       0x28 CMakeFiles/sht30a_i2c.dir/C_/VSARM/sdk/pico/pico-sdk/src/rp2_common/pico_stdio_usb/reset_interface.c.obj
                0x10004858                tud_cdc_line_coding_cb
 .text.stdio_usb_in_chars
                0x10004880       0x70 CMakeFiles/sht30a_i2c.dir/C_/VSARM/sdk/pico/pico-sdk/src/rp2_common/pico_stdio_usb/stdio_usb.c.obj
                0x10004880                stdio_usb_in_chars
 .text.low_priority_worker_irq
                0x100048f0       0x20 CMakeFiles/sht30a_i2c.dir/C_/VSARM/sdk/pico/pico-sdk/src/rp2_common/pico_stdio_usb/stdio_usb.c.obj
 .text.stdio_usb_out_chars
                0x10004910       0xd4 CMakeFiles/sht30a_i2c.dir/C_/VSARM/sdk/pico/pico-sdk/src/rp2_common/pico_stdio_usb/stdio_usb.c.obj
 .text.timer_task
                0x100049e4       0x40 CMakeFiles/sht30a_i2c.dir/C_/VSARM/sdk/pico/pico-sdk/src/rp2_common/pico_stdio_usb/stdio_usb.c.obj
 .text.usb_irq  0x10004a24       0x10 CMakeFiles/sht30a_i2c.dir/C_/VSARM/sdk/pico/pico-sdk/src/rp2_common/pico_stdio_usb/stdio_usb.c.obj
 .text.stdio_usb_init
                0x10004a34       0xec CMakeFiles/sht30a_i2c.dir/C_/VSARM/sdk/pico/pico-sdk/src/rp2_common/pico_stdio_usb/stdio_usb.c.obj
                0x10004a34                stdio_usb_init
 .text.tud_descriptor_device_cb
                0x10004b20        0x8 CMakeFiles/sht30a_i2c.dir/C_/VSARM/sdk/pico/pico-sdk/src/rp2_common/pico_stdio_usb/stdio_usb_descriptors.c.obj
                0x10004b20                tud_descriptor_device_cb
 .text.tud_descriptor_configuration_cb
                0x10004b28        0x8 CMakeFiles/sht30a_i2c.dir/C_/VSARM/sdk/pico/pico-sdk/src/rp2_common/pico_stdio_usb/stdio_usb_descriptors.c.obj
                0x10004b28                tud_descriptor_configuration_cb
 .text.tud_descriptor_string_cb
                0x10004b30       0x6c CMakeFiles/sht30a_i2c.dir/C_/VSARM/sdk/pico/pico-sdk/src/rp2_common/pico_stdio_usb/stdio_usb_descriptors.c.obj
                0x10004b30                tud_descriptor_string_cb
 .text.hw_endpoint_get_by_addr
                0x10004b9c       0x18 CMakeFiles/sht30a_i2c.dir/C_/VSARM/sdk/pico/pico-sdk/lib/tinyusb/src/portable/raspberrypi/rp2040/dcd_rp2040.c.obj
 .text.reset_ep0_pid
                0x10004bb4       0x28 CMakeFiles/sht30a_i2c.dir/C_/VSARM/sdk/pico/pico-sdk/lib/tinyusb/src/portable/raspberrypi/rp2040/dcd_rp2040.c.obj
 .text._hw_endpoint_alloc
                0x10004bdc       0x70 CMakeFiles/sht30a_i2c.dir/C_/VSARM/sdk/pico/pico-sdk/lib/tinyusb/src/portable/raspberrypi/rp2040/dcd_rp2040.c.obj
 .text.hw_endpoint_init
                0x10004c4c       0x88 CMakeFiles/sht30a_i2c.dir/C_/VSARM/sdk/pico/pico-sdk/lib/tinyusb/src/portable/raspberrypi/rp2040/dcd_rp2040.c.obj
 .text.reset_non_control_endpoints
                0x10004cd4       0x40 CMakeFiles/sht30a_i2c.dir/C_/VSARM/sdk/pico/pico-sdk/lib/tinyusb/src/portable/raspberrypi/rp2040/dcd_rp2040.c.obj
 .text.hw_handle_buff_status
                0x10004d14       0x8c CMakeFiles/sht30a_i2c.dir/C_/VSARM/sdk/pico/pico-sdk/lib/tinyusb/src/portable/raspberrypi/rp2040/dcd_rp2040.c.obj
 .text.dcd_rp2040_irq
                0x10004da0       0xc0 CMakeFiles/sht30a_i2c.dir/C_/VSARM/sdk/pico/pico-sdk/lib/tinyusb/src/portable/raspberrypi/rp2040/dcd_rp2040.c.obj
 .text.hw_endpoint_xfer
                0x10004e60       0x14 CMakeFiles/sht30a_i2c.dir/C_/VSARM/sdk/pico/pico-sdk/lib/tinyusb/src/portable/raspberrypi/rp2040/dcd_rp2040.c.obj
 .text.dcd_int_enable
                0x10004e74       0x2c CMakeFiles/sht30a_i2c.dir/C_/VSARM/sdk/pico/pico-sdk/lib/tinyusb/src/portable/raspberrypi/rp2040/dcd_rp2040.c.obj
                0x10004e74                dcd_int_enable
 .text.dcd_set_address
                0x10004ea0       0x2c CMakeFiles/sht30a_i2c.dir/C_/VSARM/sdk/pico/pico-sdk/lib/tinyusb/src/portable/raspberrypi/rp2040/dcd_rp2040.c.obj
                0x10004ea0                dcd_set_address
 .text.dcd_connect
                0x10004ecc       0x10 CMakeFiles/sht30a_i2c.dir/C_/VSARM/sdk/pico/pico-sdk/lib/tinyusb/src/portable/raspberrypi/rp2040/dcd_rp2040.c.obj
                0x10004ecc                dcd_connect
 .text.dcd_init
                0x10004edc       0x7c CMakeFiles/sht30a_i2c.dir/C_/VSARM/sdk/pico/pico-sdk/lib/tinyusb/src/portable/raspberrypi/rp2040/dcd_rp2040.c.obj
                0x10004edc                dcd_init
 .text.dcd_edpt0_status_complete
                0x10004f58       0x1c CMakeFiles/sht30a_i2c.dir/C_/VSARM/sdk/pico/pico-sdk/lib/tinyusb/src/portable/raspberrypi/rp2040/dcd_rp2040.c.obj
                0x10004f58                dcd_edpt0_status_complete
 .text.dcd_edpt_open
                0x10004f74       0x40 CMakeFiles/sht30a_i2c.dir/C_/VSARM/sdk/pico/pico-sdk/lib/tinyusb/src/portable/raspberrypi/rp2040/dcd_rp2040.c.obj
                0x10004f74                dcd_edpt_open
 .text.dcd_edpt_close_all
                0x10004fb4        0x8 CMakeFiles/sht30a_i2c.dir/C_/VSARM/sdk/pico/pico-sdk/lib/tinyusb/src/portable/raspberrypi/rp2040/dcd_rp2040.c.obj
                0x10004fb4                dcd_edpt_close_all
 .text.dcd_edpt_xfer
                0x10004fbc       0x30 CMakeFiles/sht30a_i2c.dir/C_/VSARM/sdk/pico/pico-sdk/lib/tinyusb/src/portable/raspberrypi/rp2040/dcd_rp2040.c.obj
                0x10004fbc                dcd_edpt_xfer
 .text.dcd_edpt_stall
                0x10004fec       0x2c CMakeFiles/sht30a_i2c.dir/C_/VSARM/sdk/pico/pico-sdk/lib/tinyusb/src/portable/raspberrypi/rp2040/dcd_rp2040.c.obj
                0x10004fec                dcd_edpt_stall
 .text.dcd_edpt_clear_stall
                0x10005018       0x20 CMakeFiles/sht30a_i2c.dir/C_/VSARM/sdk/pico/pico-sdk/lib/tinyusb/src/portable/raspberrypi/rp2040/dcd_rp2040.c.obj
                0x10005018                dcd_edpt_clear_stall
 .text.prepare_ep_buffer
                0x10005038       0x70 CMakeFiles/sht30a_i2c.dir/C_/VSARM/sdk/pico/pico-sdk/lib/tinyusb/src/portable/raspberrypi/rp2040/rp2040_usb.c.obj
 .text.sync_ep_buffer
                0x100050a8       0x7c CMakeFiles/sht30a_i2c.dir/C_/VSARM/sdk/pico/pico-sdk/lib/tinyusb/src/portable/raspberrypi/rp2040/rp2040_usb.c.obj
 .text._hw_endpoint_xfer_sync
                0x10005124       0x28 CMakeFiles/sht30a_i2c.dir/C_/VSARM/sdk/pico/pico-sdk/lib/tinyusb/src/portable/raspberrypi/rp2040/rp2040_usb.c.obj
 .text.rp2040_usb_init
                0x1000514c       0x4c CMakeFiles/sht30a_i2c.dir/C_/VSARM/sdk/pico/pico-sdk/lib/tinyusb/src/portable/raspberrypi/rp2040/rp2040_usb.c.obj
                0x1000514c                rp2040_usb_init
 .text.hw_endpoint_reset_transfer
                0x10005198        0xc CMakeFiles/sht30a_i2c.dir/C_/VSARM/sdk/pico/pico-sdk/lib/tinyusb/src/portable/raspberrypi/rp2040/rp2040_usb.c.obj
                0x10005198                hw_endpoint_reset_transfer
 .text._hw_endpoint_buffer_control_update32
                0x100051a4       0x58 CMakeFiles/sht30a_i2c.dir/C_/VSARM/sdk/pico/pico-sdk/lib/tinyusb/src/portable/raspberrypi/rp2040/rp2040_usb.c.obj
                0x100051a4                _hw_endpoint_buffer_control_update32
 .text._hw_endpoint_start_next_buffer
                0x100051fc       0x74 CMakeFiles/sht30a_i2c.dir/C_/VSARM/sdk/pico/pico-sdk/lib/tinyusb/src/portable/raspberrypi/rp2040/rp2040_usb.c.obj
 .text.hw_endpoint_xfer_start
                0x10005270       0x48 CMakeFiles/sht30a_i2c.dir/C_/VSARM/sdk/pico/pico-sdk/lib/tinyusb/src/portable/raspberrypi/rp2040/rp2040_usb.c.obj
                0x10005270                hw_endpoint_xfer_start
 .text.hw_endpoint_xfer_continue
                0x100052b8       0x38 CMakeFiles/sht30a_i2c.dir/C_/VSARM/sdk/pico/pico-sdk/lib/tinyusb/src/portable/raspberrypi/rp2040/rp2040_usb.c.obj
                0x100052b8                hw_endpoint_xfer_continue
 .text.configuration_reset
                0x100052f0       0x84 CMakeFiles/sht30a_i2c.dir/C_/VSARM/sdk/pico/pico-sdk/lib/tinyusb/src/device/usbd.c.obj
 .text.usbd_reset
                0x10005374        0xc CMakeFiles/sht30a_i2c.dir/C_/VSARM/sdk/pico/pico-sdk/lib/tinyusb/src/device/usbd.c.obj
 .text.invoke_class_control
                0x10005380       0x1a CMakeFiles/sht30a_i2c.dir/C_/VSARM/sdk/pico/pico-sdk/lib/tinyusb/src/device/usbd.c.obj
 *fill*         0x1000539a        0x2 
 .text.process_set_config
                0x1000539c      0x1b0 CMakeFiles/sht30a_i2c.dir/C_/VSARM/sdk/pico/pico-sdk/lib/tinyusb/src/device/usbd.c.obj
 .text.process_get_descriptor
                0x1000554c       0xec CMakeFiles/sht30a_i2c.dir/C_/VSARM/sdk/pico/pico-sdk/lib/tinyusb/src/device/usbd.c.obj
 .text.tud_mounted
                0x10005638       0x10 CMakeFiles/sht30a_i2c.dir/C_/VSARM/sdk/pico/pico-sdk/lib/tinyusb/src/device/usbd.c.obj
                0x10005638                tud_mounted
 .text.tud_suspended
                0x10005648       0x10 CMakeFiles/sht30a_i2c.dir/C_/VSARM/sdk/pico/pico-sdk/lib/tinyusb/src/device/usbd.c.obj
                0x10005648                tud_suspended
 .text.tud_inited
                0x10005658        0xc CMakeFiles/sht30a_i2c.dir/C_/VSARM/sdk/pico/pico-sdk/lib/tinyusb/src/device/usbd.c.obj
                0x10005658                tud_inited
 .text.tud_init
                0x10005664       0xcc CMakeFiles/sht30a_i2c.dir/C_/VSARM/sdk/pico/pico-sdk/lib/tinyusb/src/device/usbd.c.obj
                0x10005664                tud_init
 .text.dcd_event_handler
                0x10005730      0x1e0 CMakeFiles/sht30a_i2c.dir/C_/VSARM/sdk/pico/pico-sdk/lib/tinyusb/src/device/usbd.c.obj
                0x10005730                dcd_event_handler
 .text.dcd_event_bus_signal
                0x10005910       0x26 CMakeFiles/sht30a_i2c.dir/C_/VSARM/sdk/pico/pico-sdk/lib/tinyusb/src/device/usbd.c.obj
                0x10005910                dcd_event_bus_signal
 .text.dcd_event_bus_reset
                0x10005936       0x2a CMakeFiles/sht30a_i2c.dir/C_/VSARM/sdk/pico/pico-sdk/lib/tinyusb/src/device/usbd.c.obj
                0x10005936                dcd_event_bus_reset
 .text.dcd_event_setup_received
                0x10005960       0x34 CMakeFiles/sht30a_i2c.dir/C_/VSARM/sdk/pico/pico-sdk/lib/tinyusb/src/device/usbd.c.obj
                0x10005960                dcd_event_setup_received
 .text.dcd_event_xfer_complete
                0x10005994       0x44 CMakeFiles/sht30a_i2c.dir/C_/VSARM/sdk/pico/pico-sdk/lib/tinyusb/src/device/usbd.c.obj
                0x10005994                dcd_event_xfer_complete
 .text.usbd_edpt_open
                0x100059d8       0x58 CMakeFiles/sht30a_i2c.dir/C_/VSARM/sdk/pico/pico-sdk/lib/tinyusb/src/device/usbd.c.obj
                0x100059d8                usbd_edpt_open
 .text.usbd_open_edpt_pair
                0x10005a30       0x8c CMakeFiles/sht30a_i2c.dir/C_/VSARM/sdk/pico/pico-sdk/lib/tinyusb/src/device/usbd.c.obj
                0x10005a30                usbd_open_edpt_pair
 .text.usbd_edpt_claim
                0x10005abc       0x8c CMakeFiles/sht30a_i2c.dir/C_/VSARM/sdk/pico/pico-sdk/lib/tinyusb/src/device/usbd.c.obj
                0x10005abc                usbd_edpt_claim
 .text.usbd_edpt_release
                0x10005b48       0x68 CMakeFiles/sht30a_i2c.dir/C_/VSARM/sdk/pico/pico-sdk/lib/tinyusb/src/device/usbd.c.obj
                0x10005b48                usbd_edpt_release
 .text.usbd_edpt_xfer
                0x10005bb0       0x80 CMakeFiles/sht30a_i2c.dir/C_/VSARM/sdk/pico/pico-sdk/lib/tinyusb/src/device/usbd.c.obj
                0x10005bb0                usbd_edpt_xfer
 .text.usbd_edpt_stall
                0x10005c30       0x40 CMakeFiles/sht30a_i2c.dir/C_/VSARM/sdk/pico/pico-sdk/lib/tinyusb/src/device/usbd.c.obj
                0x10005c30                usbd_edpt_stall
 .text.usbd_edpt_clear_stall
                0x10005c70       0x40 CMakeFiles/sht30a_i2c.dir/C_/VSARM/sdk/pico/pico-sdk/lib/tinyusb/src/device/usbd.c.obj
                0x10005c70                usbd_edpt_clear_stall
 .text.usbd_edpt_stalled
                0x10005cb0       0x1c CMakeFiles/sht30a_i2c.dir/C_/VSARM/sdk/pico/pico-sdk/lib/tinyusb/src/device/usbd.c.obj
                0x10005cb0                usbd_edpt_stalled
 .text.process_control_request
                0x10005ccc      0x3b8 CMakeFiles/sht30a_i2c.dir/C_/VSARM/sdk/pico/pico-sdk/lib/tinyusb/src/device/usbd.c.obj
 .text.tud_task
                0x10006084      0x218 CMakeFiles/sht30a_i2c.dir/C_/VSARM/sdk/pico/pico-sdk/lib/tinyusb/src/device/usbd.c.obj
                0x10006084                tud_task
 .text._data_stage_xact
                0x1000629c       0x58 CMakeFiles/sht30a_i2c.dir/C_/VSARM/sdk/pico/pico-sdk/lib/tinyusb/src/device/usbd_control.c.obj
 .text.tud_control_status
                0x100062f4       0x38 CMakeFiles/sht30a_i2c.dir/C_/VSARM/sdk/pico/pico-sdk/lib/tinyusb/src/device/usbd_control.c.obj
                0x100062f4                tud_control_status
 .text.tud_control_xfer
                0x1000632c       0xa8 CMakeFiles/sht30a_i2c.dir/C_/VSARM/sdk/pico/pico-sdk/lib/tinyusb/src/device/usbd_control.c.obj
                0x1000632c                tud_control_xfer
 .text.usbd_control_reset
                0x100063d4       0x14 CMakeFiles/sht30a_i2c.dir/C_/VSARM/sdk/pico/pico-sdk/lib/tinyusb/src/device/usbd_control.c.obj
                0x100063d4                usbd_control_reset
 .text.usbd_control_set_complete_callback
                0x100063e8        0xc CMakeFiles/sht30a_i2c.dir/C_/VSARM/sdk/pico/pico-sdk/lib/tinyusb/src/device/usbd_control.c.obj
                0x100063e8                usbd_control_set_complete_callback
 .text.usbd_control_set_request
                0x100063f4       0x1c CMakeFiles/sht30a_i2c.dir/C_/VSARM/sdk/pico/pico-sdk/lib/tinyusb/src/device/usbd_control.c.obj
                0x100063f4                usbd_control_set_request
 .text.usbd_control_xfer_cb
                0x10006410       0xfc CMakeFiles/sht30a_i2c.dir/C_/VSARM/sdk/pico/pico-sdk/lib/tinyusb/src/device/usbd_control.c.obj
                0x10006410                usbd_control_xfer_cb
 .text._prep_out_transaction
                0x1000650c       0x46 CMakeFiles/sht30a_i2c.dir/C_/VSARM/sdk/pico/pico-sdk/lib/tinyusb/src/class/cdc/cdc_device.c.obj
 *fill*         0x10006552        0x2 
 .text.tud_cdc_n_connected
                0x10006554       0x44 CMakeFiles/sht30a_i2c.dir/C_/VSARM/sdk/pico/pico-sdk/lib/tinyusb/src/class/cdc/cdc_device.c.obj
                0x10006554                tud_cdc_n_connected
 .text.tud_cdc_n_available
                0x10006598       0x18 CMakeFiles/sht30a_i2c.dir/C_/VSARM/sdk/pico/pico-sdk/lib/tinyusb/src/class/cdc/cdc_device.c.obj
                0x10006598                tud_cdc_n_available
 .text.tud_cdc_n_read
                0x100065b0       0x28 CMakeFiles/sht30a_i2c.dir/C_/VSARM/sdk/pico/pico-sdk/lib/tinyusb/src/class/cdc/cdc_device.c.obj
                0x100065b0                tud_cdc_n_read
 .text.tud_cdc_n_write_flush
                0x100065d8       0xcc CMakeFiles/sht30a_i2c.dir/C_/VSARM/sdk/pico/pico-sdk/lib/tinyusb/src/class/cdc/cdc_device.c.obj
                0x100065d8                tud_cdc_n_write_flush
 .text.tud_cdc_n_write
                0x100066a4       0x38 CMakeFiles/sht30a_i2c.dir/C_/VSARM/sdk/pico/pico-sdk/lib/tinyusb/src/class/cdc/cdc_device.c.obj
                0x100066a4                tud_cdc_n_write
 .text.tud_cdc_n_write_available
                0x100066dc       0x1c CMakeFiles/sht30a_i2c.dir/C_/VSARM/sdk/pico/pico-sdk/lib/tinyusb/src/class/cdc/cdc_device.c.obj
                0x100066dc                tud_cdc_n_write_available
 .text.cdcd_init
                0x100066f8       0xbc CMakeFiles/sht30a_i2c.dir/C_/VSARM/sdk/pico/pico-sdk/lib/tinyusb/src/class/cdc/cdc_device.c.obj
                0x100066f8                cdcd_init
 .text.cdcd_reset
                0x100067b4       0x44 CMakeFiles/sht30a_i2c.dir/C_/VSARM/sdk/pico/pico-sdk/lib/tinyusb/src/class/cdc/cdc_device.c.obj
                0x100067b4                cdcd_reset
 .text.cdcd_open
                0x100067f8       0xf8 CMakeFiles/sht30a_i2c.dir/C_/VSARM/sdk/pico/pico-sdk/lib/tinyusb/src/class/cdc/cdc_device.c.obj
                0x100067f8                cdcd_open
 .text.cdcd_control_xfer_cb
                0x100068f0      0x134 CMakeFiles/sht30a_i2c.dir/C_/VSARM/sdk/pico/pico-sdk/lib/tinyusb/src/class/cdc/cdc_device.c.obj
                0x100068f0                cdcd_control_xfer_cb
 .text.cdcd_xfer_cb
                0x10006a24      0x144 CMakeFiles/sht30a_i2c.dir/C_/VSARM/sdk/pico/pico-sdk/lib/tinyusb/src/class/cdc/cdc_device.c.obj
                0x10006a24                cdcd_xfer_cb
 .text.tusb_init
                0x10006b68       0x24 CMakeFiles/sht30a_i2c.dir/C_/VSARM/sdk/pico/pico-sdk/lib/tinyusb/src/tusb.c.obj
                0x10006b68                tusb_init
 .text.tusb_inited
                0x10006b8c        0xe CMakeFiles/sht30a_i2c.dir/C_/VSARM/sdk/pico/pico-sdk/lib/tinyusb/src/tusb.c.obj
                0x10006b8c                tusb_inited
 *fill*         0x10006b9a        0x2 
 .text.tu_edpt_validate
                0x10006b9c       0xa8 CMakeFiles/sht30a_i2c.dir/C_/VSARM/sdk/pico/pico-sdk/lib/tinyusb/src/tusb.c.obj
                0x10006b9c                tu_edpt_validate
 .text.tu_edpt_bind_driver
                0x10006c44       0x2a CMakeFiles/sht30a_i2c.dir/C_/VSARM/sdk/pico/pico-sdk/lib/tinyusb/src/tusb.c.obj
                0x10006c44                tu_edpt_bind_driver
 .text.advance_pointer
                0x10006c6e       0x18 CMakeFiles/sht30a_i2c.dir/C_/VSARM/sdk/pico/pico-sdk/lib/tinyusb/src/common/tusb_fifo.c.obj
 .text.backward_pointer
                0x10006c86       0x1e CMakeFiles/sht30a_i2c.dir/C_/VSARM/sdk/pico/pico-sdk/lib/tinyusb/src/common/tusb_fifo.c.obj
 .text.get_relative_pointer
                0x10006ca4       0x10 CMakeFiles/sht30a_i2c.dir/C_/VSARM/sdk/pico/pico-sdk/lib/tinyusb/src/common/tusb_fifo.c.obj
 .text._tu_fifo_peek
                0x10006cb4       0x50 CMakeFiles/sht30a_i2c.dir/C_/VSARM/sdk/pico/pico-sdk/lib/tinyusb/src/common/tusb_fifo.c.obj
 .text._ff_pull_const_addr
                0x10006d04       0x4c CMakeFiles/sht30a_i2c.dir/C_/VSARM/sdk/pico/pico-sdk/lib/tinyusb/src/common/tusb_fifo.c.obj
 .text._ff_pull_n
                0x10006d50      0x10c CMakeFiles/sht30a_i2c.dir/C_/VSARM/sdk/pico/pico-sdk/lib/tinyusb/src/common/tusb_fifo.c.obj
 .text._tu_fifo_peek_n
                0x10006e5c       0x5e CMakeFiles/sht30a_i2c.dir/C_/VSARM/sdk/pico/pico-sdk/lib/tinyusb/src/common/tusb_fifo.c.obj
 .text._tu_fifo_read_n
                0x10006eba       0x4e CMakeFiles/sht30a_i2c.dir/C_/VSARM/sdk/pico/pico-sdk/lib/tinyusb/src/common/tusb_fifo.c.obj
 .text._ff_push_const_addr
                0x10006f08       0x40 CMakeFiles/sht30a_i2c.dir/C_/VSARM/sdk/pico/pico-sdk/lib/tinyusb/src/common/tusb_fifo.c.obj
 .text._ff_push_n
                0x10006f48      0x108 CMakeFiles/sht30a_i2c.dir/C_/VSARM/sdk/pico/pico-sdk/lib/tinyusb/src/common/tusb_fifo.c.obj
 .text._tu_fifo_write_n
                0x10007050       0x9e CMakeFiles/sht30a_i2c.dir/C_/VSARM/sdk/pico/pico-sdk/lib/tinyusb/src/common/tusb_fifo.c.obj
 .text.tu_fifo_config
                0x100070ee       0x72 CMakeFiles/sht30a_i2c.dir/C_/VSARM/sdk/pico/pico-sdk/lib/tinyusb/src/common/tusb_fifo.c.obj
                0x100070ee                tu_fifo_config
 .text.tu_fifo_count
                0x10007160       0x26 CMakeFiles/sht30a_i2c.dir/C_/VSARM/sdk/pico/pico-sdk/lib/tinyusb/src/common/tusb_fifo.c.obj
                0x10007160                tu_fifo_count
 .text.tu_fifo_empty
                0x10007186       0x10 CMakeFiles/sht30a_i2c.dir/C_/VSARM/sdk/pico/pico-sdk/lib/tinyusb/src/common/tusb_fifo.c.obj
                0x10007186                tu_fifo_empty
 .text.tu_fifo_remaining
                0x10007196       0x20 CMakeFiles/sht30a_i2c.dir/C_/VSARM/sdk/pico/pico-sdk/lib/tinyusb/src/common/tusb_fifo.c.obj
                0x10007196                tu_fifo_remaining
 .text.tu_fifo_read
                0x100071b6       0x42 CMakeFiles/sht30a_i2c.dir/C_/VSARM/sdk/pico/pico-sdk/lib/tinyusb/src/common/tusb_fifo.c.obj
                0x100071b6                tu_fifo_read
 .text.tu_fifo_read_n
                0x100071f8        0xa CMakeFiles/sht30a_i2c.dir/C_/VSARM/sdk/pico/pico-sdk/lib/tinyusb/src/common/tusb_fifo.c.obj
                0x100071f8                tu_fifo_read_n
 .text.tu_fifo_write
                0x10007202       0x6c CMakeFiles/sht30a_i2c.dir/C_/VSARM/sdk/pico/pico-sdk/lib/tinyusb/src/common/tusb_fifo.c.obj
                0x10007202                tu_fifo_write
 .text.tu_fifo_write_n
                0x1000726e        0xa CMakeFiles/sht30a_i2c.dir/C_/VSARM/sdk/pico/pico-sdk/lib/tinyusb/src/common/tusb_fifo.c.obj
                0x1000726e                tu_fifo_write_n
 .text.tu_fifo_clear
                0x10007278       0x4c CMakeFiles/sht30a_i2c.dir/C_/VSARM/sdk/pico/pico-sdk/lib/tinyusb/src/common/tusb_fifo.c.obj
                0x10007278                tu_fifo_clear
 .text.tu_fifo_set_overwritable
                0x100072c4       0x3c CMakeFiles/sht30a_i2c.dir/C_/VSARM/sdk/pico/pico-sdk/lib/tinyusb/src/common/tusb_fifo.c.obj
                0x100072c4                tu_fifo_set_overwritable
 .text._retrieve_unique_id_on_boot
                0x10007300       0x10 CMakeFiles/sht30a_i2c.dir/C_/VSARM/sdk/pico/pico-sdk/src/rp2_common/pico_unique_id/unique_id.c.obj
 .text.pico_get_unique_board_id_string
                0x10007310       0x60 CMakeFiles/sht30a_i2c.dir/C_/VSARM/sdk/pico/pico-sdk/src/rp2_common/pico_unique_id/unique_id.c.obj
                0x10007310                pico_get_unique_board_id_string
 .text.flash_get_unique_id
                0x10007370       0x46 CMakeFiles/sht30a_i2c.dir/C_/VSARM/sdk/pico/pico-sdk/src/rp2_common/hardware_flash/flash.c.obj
                0x10007370                flash_get_unique_id
 .text.i2c_write_blocking_internal
                0x100073b6      0x140 CMakeFiles/sht30a_i2c.dir/C_/VSARM/sdk/pico/pico-sdk/src/rp2_common/hardware_i2c/i2c.c.obj
 .text.i2c_read_blocking_internal
                0x100074f6       0xe6 CMakeFiles/sht30a_i2c.dir/C_/VSARM/sdk/pico/pico-sdk/src/rp2_common/hardware_i2c/i2c.c.obj
 .text.i2c_set_baudrate
                0x100075dc       0xf0 CMakeFiles/sht30a_i2c.dir/C_/VSARM/sdk/pico/pico-sdk/src/rp2_common/hardware_i2c/i2c.c.obj
                0x100075dc                i2c_set_baudrate
 .text.i2c_init
                0x100076cc       0x58 CMakeFiles/sht30a_i2c.dir/C_/VSARM/sdk/pico/pico-sdk/src/rp2_common/hardware_i2c/i2c.c.obj
                0x100076cc                i2c_init
 .text.i2c_write_blocking
                0x10007724       0x18 CMakeFiles/sht30a_i2c.dir/C_/VSARM/sdk/pico/pico-sdk/src/rp2_common/hardware_i2c/i2c.c.obj
                0x10007724                i2c_write_blocking
 .text.i2c_read_blocking
                0x1000773c       0x18 CMakeFiles/sht30a_i2c.dir/C_/VSARM/sdk/pico/pico-sdk/src/rp2_common/hardware_i2c/i2c.c.obj
                0x1000773c                i2c_read_blocking
 .text.strlen   0x10007754       0x5c c:/vsarm/armcc/bin/../lib/gcc/arm-none-eabi/10.3.1/../../../../arm-none-eabi/lib/thumb/v6-m/nofp\libg.a(lib_a-strlen-stub.o)
                0x10007754                strlen
 *(.fini)
 .fini          0x100077b0        0x4 c:/vsarm/armcc/bin/../lib/gcc/arm-none-eabi/10.3.1/thumb/v6-m/nofp/crti.o
                0x100077b0                _fini
 *fill*         0x100077b4        0x4 
 .fini.__stub   0x100077b8       0x70 linker stubs
 *crtbegin.o(.ctors)
 *crtbegin?.o(.ctors)
 *(EXCLUDE_FILE(*crtend.o *crtend?.o) .ctors)
 *(SORT_BY_NAME(.ctors.*))
 *(.ctors)
 *crtbegin.o(.dtors)
 *crtbegin?.o(.dtors)
 *(EXCLUDE_FILE(*crtend.o *crtend?.o) .dtors)
 *(SORT_BY_NAME(.dtors.*))
 *(.dtors)
 *(.eh_frame*)
 .eh_frame      0x10007828        0x0 c:/vsarm/armcc/bin/../lib/gcc/arm-none-eabi/10.3.1/thumb/v6-m/nofp/crtbegin.o
                0x10007828                . = ALIGN (0x4)

.glue_7         0x10007828        0x0
 .glue_7        0x10007828        0x0 linker stubs

.glue_7t        0x10007828        0x0
 .glue_7t       0x10007828        0x0 linker stubs

.vfp11_veneer   0x10007828        0x0
 .vfp11_veneer  0x10007828        0x0 linker stubs

.v4_bx          0x10007828        0x0
 .v4_bx         0x10007828        0x0 linker stubs

.iplt           0x10007828        0x0
 .iplt          0x10007828        0x0 c:/vsarm/armcc/bin/../lib/gcc/arm-none-eabi/10.3.1/thumb/v6-m/nofp/crtbegin.o

.rodata         0x10007828     0x1774
 *(EXCLUDE_FILE(*libm.a: *libc.a:*lib_a-mem*.o *libgcc.a:) .rodata*)
 .rodata.main.str1.4
                0x10007828       0x1d CMakeFiles/sht30a_i2c.dir/main.c.obj
 *fill*         0x10007845        0x3 
 .rodata.__bi_33.0
                0x10007848        0x8 CMakeFiles/sht30a_i2c.dir/main.c.obj
 .rodata.command
                0x10007850        0x2 CMakeFiles/sht30a_i2c.dir/main.c.obj
 *fill*         0x10007852        0x2 
 .rodata.spin_lock_claim_unused.str1.4
                0x10007854       0x1b CMakeFiles/sht30a_i2c.dir/C_/VSARM/sdk/pico/pico-sdk/src/rp2_common/hardware_sync/sync.c.obj
 *fill*         0x1000786f        0x1 
 .rodata.make_branch.str1.4
                0x10007870       0x6d CMakeFiles/sht30a_i2c.dir/C_/VSARM/sdk/pico/pico-sdk/src/rp2_common/hardware_irq/irq.c.obj
 *fill*         0x100078dd        0x3 
 .rodata.insert_branch_and_link.str1.4
                0x100078e0       0x10 CMakeFiles/sht30a_i2c.dir/C_/VSARM/sdk/pico/pico-sdk/src/rp2_common/hardware_irq/irq.c.obj
 .rodata.irq_set_exclusive_handler.str1.4
                0x100078f0       0x36 CMakeFiles/sht30a_i2c.dir/C_/VSARM/sdk/pico/pico-sdk/src/rp2_common/hardware_irq/irq.c.obj
 *fill*         0x10007926        0x2 
 .rodata.irq_add_shared_handler.str1.4
                0x10007928       0xd9 CMakeFiles/sht30a_i2c.dir/C_/VSARM/sdk/pico/pico-sdk/src/rp2_common/hardware_irq/irq.c.obj
 *fill*         0x10007a01        0x3 
 .rodata.irq_remove_handler.str1.4
                0x10007a04       0x2a CMakeFiles/sht30a_i2c.dir/C_/VSARM/sdk/pico/pico-sdk/src/rp2_common/hardware_irq/irq.c.obj
 *fill*         0x10007a2e        0x2 
 .rodata.irq_add_tail_to_free_list.str1.4
                0x10007a30       0x3a CMakeFiles/sht30a_i2c.dir/C_/VSARM/sdk/pico/pico-sdk/src/rp2_common/hardware_irq/irq.c.obj
 *fill*         0x10007a6a        0x2 
 .rodata.user_irq_claim_unused.str1.4
                0x10007a6c       0x1b CMakeFiles/sht30a_i2c.dir/C_/VSARM/sdk/pico/pico-sdk/src/rp2_common/hardware_irq/irq.c.obj
 *fill*         0x10007a87        0x1 
 .rodata.__func__.0
                0x10007a88       0x1a CMakeFiles/sht30a_i2c.dir/C_/VSARM/sdk/pico/pico-sdk/src/rp2_common/hardware_irq/irq.c.obj
 *fill*         0x10007aa2        0x2 
 .rodata.__func__.1
                0x10007aa4       0x17 CMakeFiles/sht30a_i2c.dir/C_/VSARM/sdk/pico/pico-sdk/src/rp2_common/hardware_irq/irq.c.obj
 *fill*         0x10007abb        0x1 
 .rodata.__func__.2
                0x10007abc       0x13 CMakeFiles/sht30a_i2c.dir/C_/VSARM/sdk/pico/pico-sdk/src/rp2_common/hardware_irq/irq.c.obj
 *fill*         0x10007acf        0x1 
 .rodata.__func__.3
                0x10007ad0        0xc CMakeFiles/sht30a_i2c.dir/C_/VSARM/sdk/pico/pico-sdk/src/rp2_common/hardware_irq/irq.c.obj
 .rodata.__func__.4
                0x10007adc        0xf CMakeFiles/sht30a_i2c.dir/C_/VSARM/sdk/pico/pico-sdk/src/rp2_common/hardware_irq/irq.c.obj
 *fill*         0x10007aeb        0x1 
 .rodata.__func__.5
                0x10007aec       0x17 CMakeFiles/sht30a_i2c.dir/C_/VSARM/sdk/pico/pico-sdk/src/rp2_common/hardware_irq/irq.c.obj
 *fill*         0x10007b03        0x1 
 .rodata.__func__.6
                0x10007b04       0x1a CMakeFiles/sht30a_i2c.dir/C_/VSARM/sdk/pico/pico-sdk/src/rp2_common/hardware_irq/irq.c.obj
 *fill*         0x10007b1e        0x2 
 .rodata.repeating_timer_callback.str1.4
                0x10007b20       0x4b CMakeFiles/sht30a_i2c.dir/C_/VSARM/sdk/pico/pico-sdk/src/common/pico_time/time.c.obj
 *fill*         0x10007b6b        0x1 
 .rodata.alarm_pool_dump_key.str1.4
                0x10007b6c       0x33 CMakeFiles/sht30a_i2c.dir/C_/VSARM/sdk/pico/pico-sdk/src/common/pico_time/time.c.obj
 *fill*         0x10007b9f        0x1 
 .rodata.ph_add_child_node.str1.4
                0x10007ba0       0x96 CMakeFiles/sht30a_i2c.dir/C_/VSARM/sdk/pico/pico-sdk/src/common/pico_time/time.c.obj
 *fill*         0x10007c36        0x2 
 .rodata.add_alarm_under_lock.str1.4
                0x10007c38       0x28 CMakeFiles/sht30a_i2c.dir/C_/VSARM/sdk/pico/pico-sdk/src/common/pico_time/time.c.obj
                                 0x2b (size before relaxing)
 .rodata.alarm_pool_alarm_callback.str1.4
                0x10007c60       0xe6 CMakeFiles/sht30a_i2c.dir/C_/VSARM/sdk/pico/pico-sdk/src/common/pico_time/time.c.obj
 *fill*         0x10007d46        0x2 
 .rodata.alarm_pool_get_default.str1.4
                0x10007d48       0x21 CMakeFiles/sht30a_i2c.dir/C_/VSARM/sdk/pico/pico-sdk/src/common/pico_time/time.c.obj
 *fill*         0x10007d69        0x3 
 .rodata.alarm_pool_cancel_alarm.str1.4
                0x10007d6c       0x27 CMakeFiles/sht30a_i2c.dir/C_/VSARM/sdk/pico/pico-sdk/src/common/pico_time/time.c.obj
 *fill*         0x10007d93        0x1 
 .rodata.sleep_until.str1.4
                0x10007d94       0x4d CMakeFiles/sht30a_i2c.dir/C_/VSARM/sdk/pico/pico-sdk/src/common/pico_time/time.c.obj
 *fill*         0x10007de1        0x3 
 .rodata.__func__.1
                0x10007de4       0x18 CMakeFiles/sht30a_i2c.dir/C_/VSARM/sdk/pico/pico-sdk/src/common/pico_time/time.c.obj
 .rodata.__func__.10
                0x10007dfc       0x15 CMakeFiles/sht30a_i2c.dir/C_/VSARM/sdk/pico/pico-sdk/src/common/pico_time/time.c.obj
 *fill*         0x10007e11        0x3 
 .rodata.__func__.11
                0x10007e14       0x1a CMakeFiles/sht30a_i2c.dir/C_/VSARM/sdk/pico/pico-sdk/src/common/pico_time/time.c.obj
 *fill*         0x10007e2e        0x2 
 .rodata.__func__.12
                0x10007e30        0xa CMakeFiles/sht30a_i2c.dir/C_/VSARM/sdk/pico/pico-sdk/src/common/pico_time/time.c.obj
 *fill*         0x10007e3a        0x2 
 .rodata.__func__.3
                0x10007e3c       0x17 CMakeFiles/sht30a_i2c.dir/C_/VSARM/sdk/pico/pico-sdk/src/common/pico_time/time.c.obj
 *fill*         0x10007e53        0x1 
 .rodata.__func__.4
                0x10007e54       0x12 CMakeFiles/sht30a_i2c.dir/C_/VSARM/sdk/pico/pico-sdk/src/common/pico_time/time.c.obj
 *fill*         0x10007e66        0x2 
 .rodata.__func__.5
                0x10007e68        0xd CMakeFiles/sht30a_i2c.dir/C_/VSARM/sdk/pico/pico-sdk/src/common/pico_time/time.c.obj
 *fill*         0x10007e75        0x3 
 .rodata.__func__.6
                0x10007e78       0x12 CMakeFiles/sht30a_i2c.dir/C_/VSARM/sdk/pico/pico-sdk/src/common/pico_time/time.c.obj
 *fill*         0x10007e8a        0x2 
 .rodata.__func__.7
                0x10007e8c        0xf CMakeFiles/sht30a_i2c.dir/C_/VSARM/sdk/pico/pico-sdk/src/common/pico_time/time.c.obj
 *fill*         0x10007e9b        0x1 
 .rodata.__func__.8
                0x10007e9c        0xc CMakeFiles/sht30a_i2c.dir/C_/VSARM/sdk/pico/pico-sdk/src/common/pico_time/time.c.obj
 .rodata.__func__.9
                0x10007ea8       0x15 CMakeFiles/sht30a_i2c.dir/C_/VSARM/sdk/pico/pico-sdk/src/common/pico_time/time.c.obj
 *fill*         0x10007ebd        0x3 
 .rodata.hardware_alarm_claim.str1.4
                0x10007ec0       0x22 CMakeFiles/sht30a_i2c.dir/C_/VSARM/sdk/pico/pico-sdk/src/rp2_common/hardware_timer/timer.c.obj
 *fill*         0x10007ee2        0x2 
 .rodata.hardware_alarm_set_target.str1.4
                0x10007ee4       0x65 CMakeFiles/sht30a_i2c.dir/C_/VSARM/sdk/pico/pico-sdk/src/rp2_common/hardware_timer/timer.c.obj
 *fill*         0x10007f49        0x3 
 .rodata.__func__.0
                0x10007f4c       0x1a CMakeFiles/sht30a_i2c.dir/C_/VSARM/sdk/pico/pico-sdk/src/rp2_common/hardware_timer/timer.c.obj
 .rodata.ph_add_child_node.str1.4
                0x10007f66       0x96 CMakeFiles/sht30a_i2c.dir/C_/VSARM/sdk/pico/pico-sdk/src/common/pico_util/pheap.c.obj
 *fill*         0x10007f66        0x2 
 .rodata.ph_remove_any_head.str1.4
                0x10007f68       0x8c CMakeFiles/sht30a_i2c.dir/C_/VSARM/sdk/pico/pico-sdk/src/common/pico_util/pheap.c.obj
 .rodata.ph_remove_and_free_node.str1.4
                0x10007ff4       0x1e CMakeFiles/sht30a_i2c.dir/C_/VSARM/sdk/pico/pico-sdk/src/common/pico_util/pheap.c.obj
                                 0x26 (size before relaxing)
 *fill*         0x10008012        0x2 
 .rodata.__func__.0
                0x10008014       0x18 CMakeFiles/sht30a_i2c.dir/C_/VSARM/sdk/pico/pico-sdk/src/common/pico_util/pheap.c.obj
 .rodata.__func__.1
                0x1000802c       0x13 CMakeFiles/sht30a_i2c.dir/C_/VSARM/sdk/pico/pico-sdk/src/common/pico_util/pheap.c.obj
 *fill*         0x1000803f        0x1 
 .rodata.__func__.2
                0x10008040       0x12 CMakeFiles/sht30a_i2c.dir/C_/VSARM/sdk/pico/pico-sdk/src/common/pico_util/pheap.c.obj
 *fill*         0x10008052        0x2 
 .rodata.__func__.3
                0x10008054        0xc CMakeFiles/sht30a_i2c.dir/C_/VSARM/sdk/pico/pico-sdk/src/common/pico_util/pheap.c.obj
 .rodata.str1.4
                0x10008060       0x89 CMakeFiles/sht30a_i2c.dir/C_/VSARM/sdk/pico/pico-sdk/src/common/pico_sync/mutex.c.obj
                                 0xed (size before relaxing)
 *fill*         0x100080e9        0x3 
 .rodata.__func__.1
                0x100080ec        0xb CMakeFiles/sht30a_i2c.dir/C_/VSARM/sdk/pico/pico-sdk/src/common/pico_sync/mutex.c.obj
 *fill*         0x100080f7        0x1 
 .rodata.__func__.3
                0x100080f8       0x18 CMakeFiles/sht30a_i2c.dir/C_/VSARM/sdk/pico/pico-sdk/src/common/pico_sync/mutex.c.obj
 .rodata.__func__.4
                0x10008110       0x15 CMakeFiles/sht30a_i2c.dir/C_/VSARM/sdk/pico/pico-sdk/src/common/pico_sync/mutex.c.obj
 *fill*         0x10008125        0x3 
 .rodata.__assert_func.str1.4
                0x10008128       0x3f CMakeFiles/sht30a_i2c.dir/C_/VSARM/sdk/pico/pico-sdk/src/rp2_common/pico_runtime/runtime.c.obj
                                 0x43 (size before relaxing)
 *fill*         0x10008167        0x1 
 .rodata.runtime_init.str1.4
                0x10008168       0x61 CMakeFiles/sht30a_i2c.dir/C_/VSARM/sdk/pico/pico-sdk/src/rp2_common/pico_runtime/runtime.c.obj
 *fill*         0x100081c9        0x3 
 .rodata.panic.str1.4
                0x100081cc       0x12 CMakeFiles/sht30a_i2c.dir/C_/VSARM/sdk/pico/pico-sdk/src/rp2_common/pico_runtime/runtime.c.obj
 *fill*         0x100081de        0x2 
 .rodata.__func__.1
                0x100081e0        0xd CMakeFiles/sht30a_i2c.dir/C_/VSARM/sdk/pico/pico-sdk/src/rp2_common/pico_runtime/runtime.c.obj
 *fill*         0x100081ed        0x3 
 .rodata.clock_configure.str1.4
                0x100081f0       0x57 CMakeFiles/sht30a_i2c.dir/C_/VSARM/sdk/pico/pico-sdk/src/rp2_common/hardware_clocks/clocks.c.obj
 *fill*         0x10008247        0x1 
 .rodata.__func__.1
                0x10008248       0x10 CMakeFiles/sht30a_i2c.dir/C_/VSARM/sdk/pico/pico-sdk/src/rp2_common/hardware_clocks/clocks.c.obj
 .rodata.pll_init.str1.4
                0x10008258      0x13b CMakeFiles/sht30a_i2c.dir/C_/VSARM/sdk/pico/pico-sdk/src/rp2_common/hardware_pll/pll.c.obj
 *fill*         0x10008393        0x1 
 .rodata.__func__.0
                0x10008394        0x9 CMakeFiles/sht30a_i2c.dir/C_/VSARM/sdk/pico/pico-sdk/src/rp2_common/hardware_pll/pll.c.obj
 *fill*         0x1000839d        0x3 
 .rodata._ftoa.str1.4
                0x100083a0       0x15 CMakeFiles/sht30a_i2c.dir/C_/VSARM/sdk/pico/pico-sdk/src/rp2_common/pico_printf/printf.c.obj
 *fill*         0x100083b5        0x3 
 .rodata._vsnprintf
                0x100083b8      0x1e0 CMakeFiles/sht30a_i2c.dir/C_/VSARM/sdk/pico/pico-sdk/src/rp2_common/pico_printf/printf.c.obj
 .rodata.pow10.0
                0x10008598       0x50 CMakeFiles/sht30a_i2c.dir/C_/VSARM/sdk/pico/pico-sdk/src/rp2_common/pico_printf/printf.c.obj
 .rodata.__aeabi_double_init.str1.4
                0x100085e8       0xa8 CMakeFiles/sht30a_i2c.dir/C_/VSARM/sdk/pico/pico-sdk/src/rp2_common/pico_double/double_init_rom.c.obj
 .rodata.__func__.0
                0x10008690       0x14 CMakeFiles/sht30a_i2c.dir/C_/VSARM/sdk/pico/pico-sdk/src/rp2_common/pico_double/double_init_rom.c.obj
 .rodata.__aeabi_float_init.str1.4
                0x100086a4       0x7a CMakeFiles/sht30a_i2c.dir/C_/VSARM/sdk/pico/pico-sdk/src/rp2_common/pico_float/float_init_rom.c.obj
                                 0x7e (size before relaxing)
 *fill*         0x1000871e        0x2 
 .rodata.__func__.0
                0x10008720       0x13 CMakeFiles/sht30a_i2c.dir/C_/VSARM/sdk/pico/pico-sdk/src/rp2_common/pico_float/float_init_rom.c.obj
 *fill*         0x10008733        0x1 
 .rodata.str1.4
                0x10008734       0x40 CMakeFiles/sht30a_i2c.dir/C_/VSARM/sdk/pico/pico-sdk/src/rp2_common/pico_standard_link/binary_info.c.obj
 .rodata.__bi_44
                0x10008774        0xc CMakeFiles/sht30a_i2c.dir/C_/VSARM/sdk/pico/pico-sdk/src/rp2_common/pico_standard_link/binary_info.c.obj
 .rodata.__bi_75
                0x10008780        0xc CMakeFiles/sht30a_i2c.dir/C_/VSARM/sdk/pico/pico-sdk/src/rp2_common/pico_standard_link/binary_info.c.obj
 .rodata.__bi_81
                0x1000878c        0xc CMakeFiles/sht30a_i2c.dir/C_/VSARM/sdk/pico/pico-sdk/src/rp2_common/pico_standard_link/binary_info.c.obj
 .rodata.crlf_str.3
                0x10008798        0x2 CMakeFiles/sht30a_i2c.dir/C_/VSARM/sdk/pico/pico-sdk/src/rp2_common/pico_stdio/stdio.c.obj
 *fill*         0x1000879a        0x2 
 .rodata._resetd_driver
                0x1000879c       0x18 CMakeFiles/sht30a_i2c.dir/C_/VSARM/sdk/pico/pico-sdk/src/rp2_common/pico_stdio_usb/reset_interface.c.obj
 .rodata.timer_task.str1.4
                0x100087b4       0x6d CMakeFiles/sht30a_i2c.dir/C_/VSARM/sdk/pico/pico-sdk/src/rp2_common/pico_stdio_usb/stdio_usb.c.obj
 .rodata.stdio_usb_init.str1.4
                0x10008821       0x61 CMakeFiles/sht30a_i2c.dir/C_/VSARM/sdk/pico/pico-sdk/src/rp2_common/pico_stdio_usb/stdio_usb.c.obj
 *fill*         0x10008821        0x3 
 .rodata.str1.4
                0x10008824       0x13 CMakeFiles/sht30a_i2c.dir/C_/VSARM/sdk/pico/pico-sdk/src/rp2_common/pico_stdio_usb/stdio_usb.c.obj
 *fill*         0x10008837        0x1 
 .rodata.__bi_118.2
                0x10008838        0xc CMakeFiles/sht30a_i2c.dir/C_/VSARM/sdk/pico/pico-sdk/src/rp2_common/pico_stdio_usb/stdio_usb.c.obj
 .rodata.__func__.0
                0x10008844       0x15 CMakeFiles/sht30a_i2c.dir/C_/VSARM/sdk/pico/pico-sdk/src/rp2_common/pico_stdio_usb/stdio_usb.c.obj
 *fill*         0x10008859        0x3 
 .rodata.__func__.1
                0x1000885c        0xb CMakeFiles/sht30a_i2c.dir/C_/VSARM/sdk/pico/pico-sdk/src/rp2_common/pico_stdio_usb/stdio_usb.c.obj
 *fill*         0x10008867        0x1 
 .rodata.str1.4
                0x10008868       0x2a CMakeFiles/sht30a_i2c.dir/C_/VSARM/sdk/pico/pico-sdk/src/rp2_common/pico_stdio_usb/stdio_usb_descriptors.c.obj
 *fill*         0x10008892        0x2 
 .rodata.usbd_desc_cfg
                0x10008894       0x54 CMakeFiles/sht30a_i2c.dir/C_/VSARM/sdk/pico/pico-sdk/src/rp2_common/pico_stdio_usb/stdio_usb_descriptors.c.obj
 .rodata.usbd_desc_device
                0x100088e8       0x12 CMakeFiles/sht30a_i2c.dir/C_/VSARM/sdk/pico/pico-sdk/src/rp2_common/pico_stdio_usb/stdio_usb_descriptors.c.obj
 *fill*         0x100088fa        0x2 
 .rodata.usbd_desc_str
                0x100088fc       0x18 CMakeFiles/sht30a_i2c.dir/C_/VSARM/sdk/pico/pico-sdk/src/rp2_common/pico_stdio_usb/stdio_usb_descriptors.c.obj
 .rodata._hw_endpoint_alloc.str1.4
                0x10008914       0xb5 CMakeFiles/sht30a_i2c.dir/C_/VSARM/sdk/pico/pico-sdk/lib/tinyusb/src/portable/raspberrypi/rp2040/dcd_rp2040.c.obj
 *fill*         0x100089c9        0x3 
 .rodata.dcd_rp2040_irq.str1.4
                0x100089cc       0x14 CMakeFiles/sht30a_i2c.dir/C_/VSARM/sdk/pico/pico-sdk/lib/tinyusb/src/portable/raspberrypi/rp2040/dcd_rp2040.c.obj
 .rodata.dcd_int_enable.str1.4
                0x100089e0        0xc CMakeFiles/sht30a_i2c.dir/C_/VSARM/sdk/pico/pico-sdk/lib/tinyusb/src/portable/raspberrypi/rp2040/dcd_rp2040.c.obj
 .rodata.__func__.0
                0x100089ec        0xe CMakeFiles/sht30a_i2c.dir/C_/VSARM/sdk/pico/pico-sdk/lib/tinyusb/src/portable/raspberrypi/rp2040/dcd_rp2040.c.obj
 *fill*         0x100089fa        0x2 
 .rodata.__func__.1
                0x100089fc        0xe CMakeFiles/sht30a_i2c.dir/C_/VSARM/sdk/pico/pico-sdk/lib/tinyusb/src/portable/raspberrypi/rp2040/dcd_rp2040.c.obj
 *fill*         0x10008a0a        0x2 
 .rodata.__func__.3
                0x10008a0c       0x10 CMakeFiles/sht30a_i2c.dir/C_/VSARM/sdk/pico/pico-sdk/lib/tinyusb/src/portable/raspberrypi/rp2040/dcd_rp2040.c.obj
 .rodata.__func__.5
                0x10008a1c        0xf CMakeFiles/sht30a_i2c.dir/C_/VSARM/sdk/pico/pico-sdk/lib/tinyusb/src/portable/raspberrypi/rp2040/dcd_rp2040.c.obj
 *fill*         0x10008a2b        0x1 
 .rodata.__func__.6
                0x10008a2c       0x13 CMakeFiles/sht30a_i2c.dir/C_/VSARM/sdk/pico/pico-sdk/lib/tinyusb/src/portable/raspberrypi/rp2040/dcd_rp2040.c.obj
 *fill*         0x10008a3f        0x1 
 .rodata.__func__.7
                0x10008a40        0x9 CMakeFiles/sht30a_i2c.dir/C_/VSARM/sdk/pico/pico-sdk/lib/tinyusb/src/portable/raspberrypi/rp2040/dcd_rp2040.c.obj
 *fill*         0x10008a49        0x3 
 .rodata.sync_ep_buffer.str1.4
                0x10008a4c       0x91 CMakeFiles/sht30a_i2c.dir/C_/VSARM/sdk/pico/pico-sdk/lib/tinyusb/src/portable/raspberrypi/rp2040/rp2040_usb.c.obj
 *fill*         0x10008add        0x3 
 .rodata._hw_endpoint_buffer_control_update32.str1.4
                0x10008ae0       0x1f CMakeFiles/sht30a_i2c.dir/C_/VSARM/sdk/pico/pico-sdk/lib/tinyusb/src/portable/raspberrypi/rp2040/rp2040_usb.c.obj
 *fill*         0x10008aff        0x1 
 .rodata.hw_endpoint_xfer_start.str1.4
                0x10008b00       0x38 CMakeFiles/sht30a_i2c.dir/C_/VSARM/sdk/pico/pico-sdk/lib/tinyusb/src/portable/raspberrypi/rp2040/rp2040_usb.c.obj
 .rodata.hw_endpoint_xfer_continue.str1.4
                0x10008b38       0x29 CMakeFiles/sht30a_i2c.dir/C_/VSARM/sdk/pico/pico-sdk/lib/tinyusb/src/portable/raspberrypi/rp2040/rp2040_usb.c.obj
 *fill*         0x10008b61        0x3 
 .rodata.str1.4
                0x10008b64        0x7 CMakeFiles/sht30a_i2c.dir/C_/VSARM/sdk/pico/pico-sdk/lib/tinyusb/src/portable/raspberrypi/rp2040/rp2040_usb.c.obj
 *fill*         0x10008b6b        0x1 
 .rodata.__func__.0
                0x10008b6c        0xf CMakeFiles/sht30a_i2c.dir/C_/VSARM/sdk/pico/pico-sdk/lib/tinyusb/src/portable/raspberrypi/rp2040/rp2040_usb.c.obj
 *fill*         0x10008b7b        0x1 
 .rodata.process_set_config.str1.4
                0x10008b7c       0x17 CMakeFiles/sht30a_i2c.dir/C_/VSARM/sdk/pico/pico-sdk/lib/tinyusb/src/device/usbd.c.obj
 *fill*         0x10008b93        0x1 
 .rodata.process_get_descriptor
                0x10008b94       0x40 CMakeFiles/sht30a_i2c.dir/C_/VSARM/sdk/pico/pico-sdk/lib/tinyusb/src/device/usbd.c.obj
 .rodata.process_control_request
                0x10008bd4       0x28 CMakeFiles/sht30a_i2c.dir/C_/VSARM/sdk/pico/pico-sdk/lib/tinyusb/src/device/usbd.c.obj
 .rodata.tud_task
                0x10008bfc       0x24 CMakeFiles/sht30a_i2c.dir/C_/VSARM/sdk/pico/pico-sdk/lib/tinyusb/src/device/usbd.c.obj
 .rodata.__func__.2
                0x10008c20        0xf CMakeFiles/sht30a_i2c.dir/C_/VSARM/sdk/pico/pico-sdk/lib/tinyusb/src/device/usbd.c.obj
 *fill*         0x10008c2f        0x1 
 .rodata.__func__.3
                0x10008c30        0xf CMakeFiles/sht30a_i2c.dir/C_/VSARM/sdk/pico/pico-sdk/lib/tinyusb/src/device/usbd.c.obj
 *fill*         0x10008c3f        0x1 
 .rodata.__func__.4
                0x10008c40       0x14 CMakeFiles/sht30a_i2c.dir/C_/VSARM/sdk/pico/pico-sdk/lib/tinyusb/src/device/usbd.c.obj
 .rodata.__func__.5
                0x10008c54       0x10 CMakeFiles/sht30a_i2c.dir/C_/VSARM/sdk/pico/pico-sdk/lib/tinyusb/src/device/usbd.c.obj
 .rodata.__func__.6
                0x10008c64       0x17 CMakeFiles/sht30a_i2c.dir/C_/VSARM/sdk/pico/pico-sdk/lib/tinyusb/src/device/usbd.c.obj
 *fill*         0x10008c7b        0x1 
 .rodata.__func__.7
                0x10008c7c       0x13 CMakeFiles/sht30a_i2c.dir/C_/VSARM/sdk/pico/pico-sdk/lib/tinyusb/src/device/usbd.c.obj
 *fill*         0x10008c8f        0x1 
 .rodata.__func__.8
                0x10008c90       0x18 CMakeFiles/sht30a_i2c.dir/C_/VSARM/sdk/pico/pico-sdk/lib/tinyusb/src/device/usbd.c.obj
 .rodata.__func__.9
                0x10008ca8        0x9 CMakeFiles/sht30a_i2c.dir/C_/VSARM/sdk/pico/pico-sdk/lib/tinyusb/src/device/usbd.c.obj
 *fill*         0x10008cb1        0x3 
 .rodata._usbd_driver
                0x10008cb4       0x18 CMakeFiles/sht30a_i2c.dir/C_/VSARM/sdk/pico/pico-sdk/lib/tinyusb/src/device/usbd.c.obj
 .rodata.tud_control_xfer.str1.4
                0x10008ccc       0x17 CMakeFiles/sht30a_i2c.dir/C_/VSARM/sdk/pico/pico-sdk/lib/tinyusb/src/device/usbd_control.c.obj
 .rodata.__func__.0
                0x10008ccc       0x15 CMakeFiles/sht30a_i2c.dir/C_/VSARM/sdk/pico/pico-sdk/lib/tinyusb/src/device/usbd_control.c.obj
 *fill*         0x10008ce1        0x3 
 .rodata.__func__.1
                0x10008ce4       0x11 CMakeFiles/sht30a_i2c.dir/C_/VSARM/sdk/pico/pico-sdk/lib/tinyusb/src/device/usbd_control.c.obj
 .rodata.tud_cdc_n_write_flush.str1.4
                0x10008cf5       0x17 CMakeFiles/sht30a_i2c.dir/C_/VSARM/sdk/pico/pico-sdk/lib/tinyusb/src/class/cdc/cdc_device.c.obj
 *fill*         0x10008cf5        0x3 
 .rodata.__func__.0
                0x10008cf8        0xd CMakeFiles/sht30a_i2c.dir/C_/VSARM/sdk/pico/pico-sdk/lib/tinyusb/src/class/cdc/cdc_device.c.obj
 *fill*         0x10008d05        0x3 
 .rodata.__func__.1
                0x10008d08        0xa CMakeFiles/sht30a_i2c.dir/C_/VSARM/sdk/pico/pico-sdk/lib/tinyusb/src/class/cdc/cdc_device.c.obj
 *fill*         0x10008d12        0x2 
 .rodata.__func__.2
                0x10008d14       0x16 CMakeFiles/sht30a_i2c.dir/C_/VSARM/sdk/pico/pico-sdk/lib/tinyusb/src/class/cdc/cdc_device.c.obj
 .rodata.tusb_init.str1.4
                0x10008d2a       0x17 CMakeFiles/sht30a_i2c.dir/C_/VSARM/sdk/pico/pico-sdk/lib/tinyusb/src/tusb.c.obj
 *fill*         0x10008d2a        0x2 
 .rodata.__func__.0
                0x10008d2c       0x11 CMakeFiles/sht30a_i2c.dir/C_/VSARM/sdk/pico/pico-sdk/lib/tinyusb/src/tusb.c.obj
 *fill*         0x10008d3d        0x3 
 .rodata.__func__.1
                0x10008d40        0xa CMakeFiles/sht30a_i2c.dir/C_/VSARM/sdk/pico/pico-sdk/lib/tinyusb/src/tusb.c.obj
 *fill*         0x10008d4a        0x2 
 .rodata.pico_get_unique_board_id_string.str1.4
                0x10008d4c       0x4d CMakeFiles/sht30a_i2c.dir/C_/VSARM/sdk/pico/pico-sdk/src/rp2_common/pico_unique_id/unique_id.c.obj
 *fill*         0x10008d99        0x3 
 .rodata.__func__.0
                0x10008d9c       0x20 CMakeFiles/sht30a_i2c.dir/C_/VSARM/sdk/pico/pico-sdk/src/rp2_common/pico_unique_id/unique_id.c.obj
 .rodata.str1.4
                0x10008dbc      0x15a CMakeFiles/sht30a_i2c.dir/C_/VSARM/sdk/pico/pico-sdk/src/rp2_common/hardware_flash/flash.c.obj
 *fill*         0x10008f16        0x2 
 .rodata.__func__.0
                0x10008f18        0xd CMakeFiles/sht30a_i2c.dir/C_/VSARM/sdk/pico/pico-sdk/src/rp2_common/hardware_flash/flash.c.obj
 *fill*         0x10008f25        0x3 
 .rodata.i2c_set_baudrate.str1.4
                0x10008f28       0x5d CMakeFiles/sht30a_i2c.dir/C_/VSARM/sdk/pico/pico-sdk/src/rp2_common/hardware_i2c/i2c.c.obj
 *fill*         0x10008f85        0x3 
 .rodata.__func__.0
                0x10008f88       0x11 CMakeFiles/sht30a_i2c.dir/C_/VSARM/sdk/pico/pico-sdk/src/rp2_common/hardware_i2c/i2c.c.obj
                0x10008f9c                . = ALIGN (0x4)
 *fill*         0x10008f99        0x3 
 *(SORT_BY_ALIGNMENT(SORT_BY_NAME(.flashdata*)))
                0x10008f9c                . = ALIGN (0x4)

.rel.dyn        0x10008f9c        0x0
 .rel.iplt      0x10008f9c        0x0 c:/vsarm/armcc/bin/../lib/gcc/arm-none-eabi/10.3.1/thumb/v6-m/nofp/crtbegin.o

.ARM.extab
 *(.ARM.extab* .gnu.linkonce.armextab.*)
                0x10008f9c                __exidx_start = .

.ARM.exidx
 *(.ARM.exidx* .gnu.linkonce.armexidx.*)
                0x10008f9c                __exidx_end = .
                0x10008f9c                . = ALIGN (0x4)
                0x10008f9c                __binary_info_start = .

.binary_info    0x10008f9c       0x24
 *(.binary_info.keep.*)
 .binary_info.keep.__bi_ptr33
                0x10008f9c        0x4 CMakeFiles/sht30a_i2c.dir/main.c.obj
 .binary_info.keep.__bi_ptr22
                0x10008fa0        0x4 CMakeFiles/sht30a_i2c.dir/C_/VSARM/sdk/pico/pico-sdk/src/rp2_common/pico_standard_link/binary_info.c.obj
 .binary_info.keep.__bi_ptr30
                0x10008fa4        0x4 CMakeFiles/sht30a_i2c.dir/C_/VSARM/sdk/pico/pico-sdk/src/rp2_common/pico_standard_link/binary_info.c.obj
 .binary_info.keep.__bi_ptr38
                0x10008fa8        0x4 CMakeFiles/sht30a_i2c.dir/C_/VSARM/sdk/pico/pico-sdk/src/rp2_common/pico_standard_link/binary_info.c.obj
 .binary_info.keep.__bi_ptr44
                0x10008fac        0x4 CMakeFiles/sht30a_i2c.dir/C_/VSARM/sdk/pico/pico-sdk/src/rp2_common/pico_standard_link/binary_info.c.obj
 .binary_info.keep.__bi_ptr50
                0x10008fb0        0x4 CMakeFiles/sht30a_i2c.dir/C_/VSARM/sdk/pico/pico-sdk/src/rp2_common/pico_standard_link/binary_info.c.obj
 .binary_info.keep.__bi_ptr75
                0x10008fb4        0x4 CMakeFiles/sht30a_i2c.dir/C_/VSARM/sdk/pico/pico-sdk/src/rp2_common/pico_standard_link/binary_info.c.obj
 .binary_info.keep.__bi_ptr81
                0x10008fb8        0x4 CMakeFiles/sht30a_i2c.dir/C_/VSARM/sdk/pico/pico-sdk/src/rp2_common/pico_standard_link/binary_info.c.obj
 *(.binary_info.*)
 .binary_info.__bi_ptr118
                0x10008fbc        0x4 CMakeFiles/sht30a_i2c.dir/C_/VSARM/sdk/pico/pico-sdk/src/rp2_common/pico_stdio_usb/stdio_usb.c.obj
                0x10008fc0                __binary_info_end = .
                0x10008fc0                . = ALIGN (0x4)
                0x10008fc0                __etext = .

.ram_vector_table
                0x20000000       0xc0
 *(.ram_vector_table)
 .ram_vector_table
                0x20000000       0xc0 CMakeFiles/sht30a_i2c.dir/C_/VSARM/sdk/pico/pico-sdk/src/rp2_common/pico_runtime/runtime.c.obj
                0x20000000                ram_vector_table

.data           0x200000c0      0x468 load address 0x10008fc0
                0x200000c0                __data_start__ = .
 *(vtable)
 *(.time_critical*)
 .time_critical.mutex_enter_blocking
                0x200000c0       0x48 CMakeFiles/sht30a_i2c.dir/C_/VSARM/sdk/pico/pico-sdk/src/common/pico_sync/mutex.c.obj
                0x200000c0                mutex_enter_blocking
 .time_critical.mutex_try_enter
                0x20000108       0x46 CMakeFiles/sht30a_i2c.dir/C_/VSARM/sdk/pico/pico-sdk/src/common/pico_sync/mutex.c.obj
                0x20000108                mutex_try_enter
 *fill*         0x2000014e        0x2 
 .time_critical.mutex_enter_block_until
                0x20000150       0x8c CMakeFiles/sht30a_i2c.dir/C_/VSARM/sdk/pico/pico-sdk/src/common/pico_sync/mutex.c.obj
                0x20000150                mutex_enter_block_until
 .time_critical.mutex_enter_timeout_ms
                0x200001dc       0x74 CMakeFiles/sht30a_i2c.dir/C_/VSARM/sdk/pico/pico-sdk/src/common/pico_sync/mutex.c.obj
                0x200001dc                mutex_enter_timeout_ms
 .time_critical.mutex_exit
                0x20000250       0x4c CMakeFiles/sht30a_i2c.dir/C_/VSARM/sdk/pico/pico-sdk/src/common/pico_sync/mutex.c.obj
                0x20000250                mutex_exit
 .time_critical.flash_init_boot2_copyout
                0x2000029c       0x30 CMakeFiles/sht30a_i2c.dir/C_/VSARM/sdk/pico/pico-sdk/src/rp2_common/hardware_flash/flash.c.obj
 .time_critical.flash_enable_xip_via_boot2
                0x200002cc       0x10 CMakeFiles/sht30a_i2c.dir/C_/VSARM/sdk/pico/pico-sdk/src/rp2_common/hardware_flash/flash.c.obj
 .time_critical.flash_cs_force
                0x200002dc       0x28 CMakeFiles/sht30a_i2c.dir/C_/VSARM/sdk/pico/pico-sdk/src/rp2_common/hardware_flash/flash.c.obj
 .time_critical.flash_do_cmd
                0x20000304       0xd8 CMakeFiles/sht30a_i2c.dir/C_/VSARM/sdk/pico/pico-sdk/src/rp2_common/hardware_flash/flash.c.obj
                0x20000304                flash_do_cmd
 *(.text*)
 .text          0x200003dc        0x4 c:/vsarm/armcc/bin/../lib/gcc/arm-none-eabi/10.3.1/thumb/v6-m/nofp\libgcc.a(_dvmd_tls.o)
                0x200003dc                __aeabi_idiv0
                0x200003dc                __aeabi_ldiv0
 .text.__stub   0x200003e0       0x40 linker stubs
                0x20000420                . = ALIGN (0x4)
 *(.rodata*)
                0x20000420                . = ALIGN (0x4)
 *(.data*)
 .data.striped_spin_lock_num
                0x20000420        0x1 CMakeFiles/sht30a_i2c.dir/C_/VSARM/sdk/pico/pico-sdk/src/rp2_common/hardware_sync/sync.c.obj
 *fill*         0x20000421        0x3 
 .data          0x20000424       0x48 CMakeFiles/sht30a_i2c.dir/C_/VSARM/sdk/pico/pico-sdk/src/rp2_common/hardware_irq/irq_handler_chain.S.obj
                0x20000424                irq_handler_chain_slots
                0x20000454                irq_handler_chain_first_slot
                0x2000045e                irq_handler_chain_remove_tail
 .data.default_alarm_pool
                0x2000046c       0x18 CMakeFiles/sht30a_i2c.dir/C_/VSARM/sdk/pico/pico-sdk/src/common/pico_time/time.c.obj
 .data.default_alarm_pool_heap
                0x20000484       0x10 CMakeFiles/sht30a_i2c.dir/C_/VSARM/sdk/pico/pico-sdk/src/common/pico_time/time.c.obj
 *fill*         0x20000494        0xc 
 .data.aeabi_bits_funcs
                0x200004a0       0x10 CMakeFiles/sht30a_i2c.dir/C_/VSARM/sdk/pico/pico-sdk/src/rp2_common/pico_bit_ops/bit_ops_aeabi.S.obj
                0x200004a0                aeabi_bits_funcs
                0x200004b0                aeabi_bits_funcs_end
 .data.aeabi_mem_funcs
                0x200004b0       0x10 CMakeFiles/sht30a_i2c.dir/C_/VSARM/sdk/pico/pico-sdk/src/rp2_common/pico_mem_ops/mem_ops_aeabi.S.obj
                0x200004b0                aeabi_mem_funcs
                0x200004c0                aeabi_mem_funcs_end
 .data.stdio_usb
                0x200004c0       0x14 CMakeFiles/sht30a_i2c.dir/C_/VSARM/sdk/pico/pico-sdk/src/rp2_common/pico_stdio_usb/stdio_usb.c.obj
                0x200004c0                stdio_usb
 .data.ep_dir_string
                0x200004d4        0x8 CMakeFiles/sht30a_i2c.dir/C_/VSARM/sdk/pico/pico-sdk/lib/tinyusb/src/portable/raspberrypi/rp2040/rp2040_usb.c.obj
                0x200004d4                ep_dir_string
 .data._usbd_qdef
                0x200004dc       0x24 CMakeFiles/sht30a_i2c.dir/C_/VSARM/sdk/pico/pico-sdk/lib/tinyusb/src/device/usbd.c.obj
                0x200004dc                _usbd_qdef
 .data.i2c0_inst
                0x20000500        0x8 CMakeFiles/sht30a_i2c.dir/C_/VSARM/sdk/pico/pico-sdk/src/rp2_common/hardware_i2c/i2c.c.obj
                0x20000500                i2c0_inst
                0x20000508                . = ALIGN (0x4)
 *(.after_data.*)
                0x20000508                . = ALIGN (0x4)
                0x20000508                PROVIDE (__mutex_array_start = .)
 *(SORT_BY_NAME(.mutex_array.*))
 *(.mutex_array)
 .mutex_array   0x20000508        0x8 CMakeFiles/sht30a_i2c.dir/C_/VSARM/sdk/pico/pico-sdk/src/rp2_common/pico_stdio/stdio.c.obj
                0x20000510                PROVIDE (__mutex_array_end = .)
                0x20000510                . = ALIGN (0x4)
                0x20000510                PROVIDE (__preinit_array_start = .)
 *(SORT_BY_NAME(.preinit_array.*))
 .preinit_array.00001
                0x20000510        0x4 CMakeFiles/sht30a_i2c.dir/C_/VSARM/sdk/pico/pico-sdk/src/rp2_common/pico_mem_ops/mem_ops_aeabi.S.obj
 .preinit_array.00010
                0x20000514        0x4 CMakeFiles/sht30a_i2c.dir/C_/VSARM/sdk/pico/pico-sdk/src/rp2_common/pico_bit_ops/bit_ops_aeabi.S.obj
 .preinit_array.00020
                0x20000518        0x4 CMakeFiles/sht30a_i2c.dir/C_/VSARM/sdk/pico/pico-sdk/src/rp2_common/pico_double/double_aeabi.S.obj
 .preinit_array.00020
                0x2000051c        0x4 CMakeFiles/sht30a_i2c.dir/C_/VSARM/sdk/pico/pico-sdk/src/rp2_common/pico_float/float_aeabi.S.obj
 *(.preinit_array)
                0x20000520                PROVIDE (__preinit_array_end = .)
                0x20000520                . = ALIGN (0x4)
                0x20000520                PROVIDE (__init_array_start = .)
 *(SORT_BY_NAME(.init_array.*))
 *(.init_array)
 .init_array    0x20000520        0x4 c:/vsarm/armcc/bin/../lib/gcc/arm-none-eabi/10.3.1/thumb/v6-m/nofp/crtbegin.o
 .init_array    0x20000524        0x4 CMakeFiles/sht30a_i2c.dir/C_/VSARM/sdk/pico/pico-sdk/src/rp2_common/pico_unique_id/unique_id.c.obj
                0x20000528                PROVIDE (__init_array_end = .)
                0x20000528                . = ALIGN (0x4)
                [!provide]                PROVIDE (__fini_array_start = .)
 *(SORT_BY_NAME(.fini_array.*))
 *(.fini_array)
                [!provide]                PROVIDE (__fini_array_end = .)
 *(.jcr)
                0x20000528                . = ALIGN (0x4)
                0x20000528                __data_end__ = .

.igot.plt       0x20000528        0x0 load address 0x10009428
 .igot.plt      0x20000528        0x0 c:/vsarm/armcc/bin/../lib/gcc/arm-none-eabi/10.3.1/thumb/v6-m/nofp/crtbegin.o

.uninitialized_data