Archive member included to satisfy reference by file (symbol)

c:/vsarm/armcc/bin/../lib/gcc/arm-none-eabi/10.3.1/thumb/v6-m/nofp\libgcc.a(_dvmd_tls.o)
                              CMakeFiles/sd_fat_spi.dir/C_/VSARM/sdk/pico/pico-sdk/src/rp2_common/pico_divider/divider.S.obj (__aeabi_idiv0)
c:/vsarm/armcc/bin/../lib/gcc/arm-none-eabi/10.3.1/../../../../arm-none-eabi/lib/thumb/v6-m/nofp\libg.a(lib_a-calloc.o)
                              CMakeFiles/sd_fat_spi.dir/C_/VSARM/sdk/pico/pico-sdk/src/rp2_common/pico_malloc/pico_malloc.c.obj (calloc)
c:/vsarm/armcc/bin/../lib/gcc/arm-none-eabi/10.3.1/../../../../arm-none-eabi/lib/thumb/v6-m/nofp\libg.a(lib_a-callocr.o)
                              c:/vsarm/armcc/bin/../lib/gcc/arm-none-eabi/10.3.1/../../../../arm-none-eabi/lib/thumb/v6-m/nofp\libg.a(lib_a-calloc.o) (_calloc_r)
c:/vsarm/armcc/bin/../lib/gcc/arm-none-eabi/10.3.1/../../../../arm-none-eabi/lib/thumb/v6-m/nofp\libg.a(lib_a-ctype_.o)
                              CMakeFiles/sd_fat_spi.dir/C_/VSARM/sdk/pico/pico-sdk/lib/tinyusb/src/tusb.c.obj (_ctype_)
c:/vsarm/armcc/bin/../lib/gcc/arm-none-eabi/10.3.1/../../../../arm-none-eabi/lib/thumb/v6-m/nofp\libg.a(lib_a-errno.o)
                              CMakeFiles/sd_fat_spi.dir/lib/no-OS-FatFS-SD-SPI-RPi-Pico/FatFs_SPI/src/ff_stdio.c.obj (__errno)
c:/vsarm/armcc/bin/../lib/gcc/arm-none-eabi/10.3.1/../../../../arm-none-eabi/lib/thumb/v6-m/nofp\libg.a(lib_a-fflush.o)
                              CMakeFiles/sd_fat_spi.dir/lib/no-OS-FatFS-SD-SPI-RPi-Pico/FatFs_SPI/sd_driver/demo_logging.c.obj (fflush)
c:/vsarm/armcc/bin/../lib/gcc/arm-none-eabi/10.3.1/../../../../arm-none-eabi/lib/thumb/v6-m/nofp\libg.a(lib_a-findfp.o)
                              c:/vsarm/armcc/bin/../lib/gcc/arm-none-eabi/10.3.1/../../../../arm-none-eabi/lib/thumb/v6-m/nofp\libg.a(lib_a-fflush.o) (__sinit)
c:/vsarm/armcc/bin/../lib/gcc/arm-none-eabi/10.3.1/../../../../arm-none-eabi/lib/thumb/v6-m/nofp\libg.a(lib_a-freer.o)
                              c:/vsarm/armcc/bin/../lib/gcc/arm-none-eabi/10.3.1/../../../../arm-none-eabi/lib/thumb/v6-m/nofp\libg.a(lib_a-fflush.o) (_free_r)
c:/vsarm/armcc/bin/../lib/gcc/arm-none-eabi/10.3.1/../../../../arm-none-eabi/lib/thumb/v6-m/nofp\libg.a(lib_a-fwalk.o)
                              c:/vsarm/armcc/bin/../lib/gcc/arm-none-eabi/10.3.1/../../../../arm-none-eabi/lib/thumb/v6-m/nofp\libg.a(lib_a-findfp.o) (_fwalk)
c:/vsarm/armcc/bin/../lib/gcc/arm-none-eabi/10.3.1/../../../../arm-none-eabi/lib/thumb/v6-m/nofp\libg.a(lib_a-impure.o)
                              c:/vsarm/armcc/bin/../lib/gcc/arm-none-eabi/10.3.1/../../../../arm-none-eabi/lib/thumb/v6-m/nofp\libg.a(lib_a-fflush.o) (_global_impure_ptr)
c:/vsarm/armcc/bin/../lib/gcc/arm-none-eabi/10.3.1/../../../../arm-none-eabi/lib/thumb/v6-m/nofp\libg.a(lib_a-init.o)
                              c:/vsarm/armcc/bin/../lib/gcc/arm-none-eabi/10.3.1/../../../../arm-none-eabi/lib/thumb/v6-m/nofp/crt0.o (__libc_init_array)
c:/vsarm/armcc/bin/../lib/gcc/arm-none-eabi/10.3.1/../../../../arm-none-eabi/lib/thumb/v6-m/nofp\libg.a(lib_a-lock.o)
                              c:/vsarm/armcc/bin/../lib/gcc/arm-none-eabi/10.3.1/../../../../arm-none-eabi/lib/thumb/v6-m/nofp\libg.a(lib_a-findfp.o) (__retarget_lock_init_recursive)
c:/vsarm/armcc/bin/../lib/gcc/arm-none-eabi/10.3.1/../../../../arm-none-eabi/lib/thumb/v6-m/nofp\libg.a(lib_a-malloc.o)
                              CMakeFiles/sd_fat_spi.dir/C_/VSARM/sdk/pico/pico-sdk/src/rp2_common/pico_malloc/pico_malloc.c.obj (malloc)
c:/vsarm/armcc/bin/../lib/gcc/arm-none-eabi/10.3.1/../../../../arm-none-eabi/lib/thumb/v6-m/nofp\libg.a(lib_a-mallocr.o)
                              c:/vsarm/armcc/bin/../lib/gcc/arm-none-eabi/10.3.1/../../../../arm-none-eabi/lib/thumb/v6-m/nofp\libg.a(lib_a-callocr.o) (_malloc_r)
c:/vsarm/armcc/bin/../lib/gcc/arm-none-eabi/10.3.1/../../../../arm-none-eabi/lib/thumb/v6-m/nofp\libg.a(lib_a-mktime.o)
                              CMakeFiles/sd_fat_spi.dir/lib/no-OS-FatFS-SD-SPI-RPi-Pico/FatFs_SPI/src/rtc.c.obj (mktime)
c:/vsarm/armcc/bin/../lib/gcc/arm-none-eabi/10.3.1/../../../../arm-none-eabi/lib/thumb/v6-m/nofp\libg.a(lib_a-mlock.o)
                              c:/vsarm/armcc/bin/../lib/gcc/arm-none-eabi/10.3.1/../../../../arm-none-eabi/lib/thumb/v6-m/nofp\libg.a(lib_a-freer.o) (__malloc_lock)
c:/vsarm/armcc/bin/../lib/gcc/arm-none-eabi/10.3.1/../../../../arm-none-eabi/lib/thumb/v6-m/nofp\libg.a(lib_a-realloc.o)
                              CMakeFiles/sd_fat_spi.dir/C_/VSARM/sdk/pico/pico-sdk/src/rp2_common/pico_malloc/pico_malloc.c.obj (realloc)
c:/vsarm/armcc/bin/../lib/gcc/arm-none-eabi/10.3.1/../../../../arm-none-eabi/lib/thumb/v6-m/nofp\libg.a(lib_a-reallocr.o)
                              c:/vsarm/armcc/bin/../lib/gcc/arm-none-eabi/10.3.1/../../../../arm-none-eabi/lib/thumb/v6-m/nofp\libg.a(lib_a-realloc.o) (_realloc_r)
[...]
Memory Configuration

Name             Origin             Length             Attributes
FLASH            0x10000000         0x00200000         xr
RAM              0x20000000         0x00040000         xrw
SCRATCH_X        0x20040000         0x00001000         xrw
SCRATCH_Y        0x20041000         0x00001000         xrw
*default*        0x00000000         0xffffffff

Linker script and memory map

LOAD c:/vsarm/armcc/bin/../lib/gcc/arm-none-eabi/10.3.1/thumb/v6-m/nofp/crti.o
LOAD c:/vsarm/armcc/bin/../lib/gcc/arm-none-eabi/10.3.1/thumb/v6-m/nofp/crtbegin.o
LOAD c:/vsarm/armcc/bin/../lib/gcc/arm-none-eabi/10.3.1/../../../../arm-none-eabi/lib/thumb/v6-m/nofp/crt0.o

.flash_begin    0x10000000        0x0
                0x10000000                __flash_binary_start = .

.boot2          0x10000000      0x100
                0x10000000                __boot2_start__ = .
 *(.boot2)
 .boot2         0x10000000      0x100 C:\Users\acer\AppData\Local\Temp\ccQJJIqy.o
                0x10000100                __boot2_end__ = .
                0x00000001                ASSERT (((__boot2_end__ - __boot2_start__) == 0x100), ERROR: Pico second stage bootloader must be 256 bytes in size)

.text           0x10000100     0xd408
                0x10000100                __logical_binary_start = .
 *(.vectors)
 .vectors       0x10000100       0xd4 CMakeFiles/sd_fat_spi.dir/C_/VSARM/sdk/pico/pico-sdk/src/rp2_common/pico_standard_link/crt0.S.obj
                0x10000100                __VECTOR_TABLE
                0x10000100                __vectors
                0x100001c0                isr_invalid
                0x100001c0                __default_isrs_start
                0x100001c2                isr_nmi
                0x100001c4                isr_hardfault
                0x100001c6                isr_svcall
                0x100001c8                isr_pendsv
                0x100001ca                isr_systick
                0x100001cc                isr_irq23
                0x100001cc                isr_irq18
                0x100001cc                isr_irq11
                0x100001cc                isr_irq28
                0x100001cc                isr_irq19
                0x100001cc                isr_irq0
                0x100001cc                isr_irq6
                0x100001cc                isr_irq5
                0x100001cc                isr_irq12
                0x100001cc                isr_irq22
                0x100001cc                isr_irq31
                0x100001cc                isr_irq17
                0x100001cc                isr_irq27
                0x100001cc                isr_irq30
                0x100001cc                isr_irq2
                0x100001cc                isr_irq10
                0x100001cc                isr_irq8
                0x100001cc                isr_irq24
                0x100001cc                isr_irq1
                0x100001cc                isr_irq7
                0x100001cc                isr_irq21
                0x100001cc                isr_irq20
                0x100001cc                isr_irq15
                0x100001cc                isr_irq25
                0x100001cc                isr_irq13
                0x100001cc                __unhandled_user_irq
                0x100001cc                isr_irq4
                0x100001cc                isr_irq16
                0x100001cc                isr_irq29
                0x100001cc                isr_irq26
                0x100001cc                __default_isrs_end
                0x100001cc                isr_irq3
                0x100001cc                isr_irq14
                0x100001cc                isr_irq9
                0x100001d2                unhandled_user_irq_num_in_r0
 *(.binary_info_header)
 .binary_info_header
                0x100001d4       0x14 CMakeFiles/sd_fat_spi.dir/C_/VSARM/sdk/pico/pico-sdk/src/rp2_common/pico_standard_link/crt0.S.obj
                0x100001e8                __binary_info_header_end = .
 *(.reset)
 .reset         0x100001e8       0xa8 CMakeFiles/sd_fat_spi.dir/C_/VSARM/sdk/pico/pico-sdk/src/rp2_common/pico_standard_link/crt0.S.obj
                0x100001e8                _entry_point
                0x10000266                __get_current_exception
 .reset         0x10000290       0x30 CMakeFiles/sd_fat_spi.dir/C_/VSARM/sdk/pico/pico-sdk/src/rp2_common/pico_standard_link/binary_info.c.obj
 *(.init)
 .init          0x100002c0        0x4 c:/vsarm/armcc/bin/../lib/gcc/arm-none-eabi/10.3.1/thumb/v6-m/nofp/crti.o
                0x100002c0                _init
 *(EXCLUDE_FILE(*libm.a: *libc.a:*lib_a-mem*.o *libgcc.a:) .text*)
 .text          0x100002c4       0x48 c:/vsarm/armcc/bin/../lib/gcc/arm-none-eabi/10.3.1/thumb/v6-m/nofp/crtbegin.o
 .text.main     0x1000030c      0x154 CMakeFiles/sd_fat_spi.dir/main.c.obj
                0x1000030c                main
 .text.gpio_set_function
                0x10000460       0x30 CMakeFiles/sd_fat_spi.dir/C_/VSARM/sdk/pico/pico-sdk/src/rp2_common/hardware_gpio/gpio.c.obj
                0x10000460                gpio_set_function
 .text.gpio_set_pulls
                0x10000490       0x34 CMakeFiles/sd_fat_spi.dir/C_/VSARM/sdk/pico/pico-sdk/src/rp2_common/hardware_gpio/gpio.c.obj
                0x10000490                gpio_set_pulls
 .text.gpio_set_drive_strength
                0x100004c4       0x20 CMakeFiles/sd_fat_spi.dir/C_/VSARM/sdk/pico/pico-sdk/src/rp2_common/hardware_gpio/gpio.c.obj
                0x100004c4                gpio_set_drive_strength
 .text.gpio_init
                0x100004e4       0x16 CMakeFiles/sd_fat_spi.dir/C_/VSARM/sdk/pico/pico-sdk/src/rp2_common/hardware_gpio/gpio.c.obj
                0x100004e4                gpio_init
 *fill*         0x100004fa        0x2 
 .text.hw_claim_lock
                0x100004fc       0x18 CMakeFiles/sd_fat_spi.dir/C_/VSARM/sdk/pico/pico-sdk/src/rp2_common/hardware_claim/claim.c.obj
                0x100004fc                hw_claim_lock
 .text.hw_claim_unlock
                0x10000514       0x14 CMakeFiles/sd_fat_spi.dir/C_/VSARM/sdk/pico/pico-sdk/src/rp2_common/hardware_claim/claim.c.obj
                0x10000514                hw_claim_unlock
 .text.hw_claim_or_assert
                0x10000528       0x32 CMakeFiles/sd_fat_spi.dir/C_/VSARM/sdk/pico/pico-sdk/src/rp2_common/hardware_claim/claim.c.obj
                0x10000528                hw_claim_or_assert
 .text.hw_claim_unused_from_range
                0x1000055a       0x50 CMakeFiles/sd_fat_spi.dir/C_/VSARM/sdk/pico/pico-sdk/src/rp2_common/hardware_claim/claim.c.obj
                0x1000055a                hw_claim_unused_from_range
 *fill*         0x100005aa        0x2 
 .text.running_on_fpga
                0x100005ac       0x14 CMakeFiles/sd_fat_spi.dir/C_/VSARM/sdk/pico/pico-sdk/src/rp2_common/pico_platform/platform.c.obj
                0x100005ac                running_on_fpga
 .text.spin_locks_reset
                0x100005c0       0x20 CMakeFiles/sd_fat_spi.dir/C_/VSARM/sdk/pico/pico-sdk/src/rp2_common/hardware_sync/sync.c.obj
                0x100005c0                spin_locks_reset
 .text.next_striped_spin_lock_num
                0x100005e0       0x1c CMakeFiles/sd_fat_spi.dir/C_/VSARM/sdk/pico/pico-sdk/src/rp2_common/hardware_sync/sync.c.obj
                0x100005e0                next_striped_spin_lock_num
 .text.spin_lock_claim_unused
                0x100005fc       0x20 CMakeFiles/sd_fat_spi.dir/C_/VSARM/sdk/pico/pico-sdk/src/rp2_common/hardware_sync/sync.c.obj
                0x100005fc                spin_lock_claim_unused
 .text.set_raw_irq_handler_and_unlock
                0x1000061c       0x28 CMakeFiles/sd_fat_spi.dir/C_/VSARM/sdk/pico/pico-sdk/src/rp2_common/hardware_irq/irq.c.obj
 .text.make_branch
                0x10000644       0x48 CMakeFiles/sd_fat_spi.dir/C_/VSARM/sdk/pico/pico-sdk/src/rp2_common/hardware_irq/irq.c.obj
 .text.insert_branch_and_link
                0x1000068c       0x40 CMakeFiles/sd_fat_spi.dir/C_/VSARM/sdk/pico/pico-sdk/src/rp2_common/hardware_irq/irq.c.obj
 .text.irq_is_enabled
                0x100006cc       0x18 CMakeFiles/sd_fat_spi.dir/C_/VSARM/sdk/pico/pico-sdk/src/rp2_common/hardware_irq/irq.c.obj
                0x100006cc                irq_is_enabled
 .text.irq_set_mask_enabled
                0x100006e4       0x20 CMakeFiles/sd_fat_spi.dir/C_/VSARM/sdk/pico/pico-sdk/src/rp2_common/hardware_irq/irq.c.obj
                0x100006e4                irq_set_mask_enabled
 .text.irq_set_enabled
                0x10000704        0xe CMakeFiles/sd_fat_spi.dir/C_/VSARM/sdk/pico/pico-sdk/src/rp2_common/hardware_irq/irq.c.obj
                0x10000704                irq_set_enabled
 *fill*         0x10000712        0x2 
 .text.irq_set_pending
                0x10000714       0x10 CMakeFiles/sd_fat_spi.dir/C_/VSARM/sdk/pico/pico-sdk/src/rp2_common/hardware_irq/irq.c.obj
                0x10000714                irq_set_pending
 .text.irq_get_vtable_handler
                0x10000724       0x10 CMakeFiles/sd_fat_spi.dir/C_/VSARM/sdk/pico/pico-sdk/src/rp2_common/hardware_irq/irq.c.obj
                0x10000724                irq_get_vtable_handler
 .text.irq_has_shared_handler
                0x10000734       0x24 CMakeFiles/sd_fat_spi.dir/C_/VSARM/sdk/pico/pico-sdk/src/rp2_common/hardware_irq/irq.c.obj
                0x10000734                irq_has_shared_handler
 .text.irq_set_exclusive_handler
                0x10000758       0x54 CMakeFiles/sd_fat_spi.dir/C_/VSARM/sdk/pico/pico-sdk/src/rp2_common/hardware_irq/irq.c.obj
                0x10000758                irq_set_exclusive_handler
 .text.irq_add_shared_handler
                0x100007ac      0x230 CMakeFiles/sd_fat_spi.dir/C_/VSARM/sdk/pico/pico-sdk/src/rp2_common/hardware_irq/irq.c.obj
                0x100007ac                irq_add_shared_handler
 .text.irq_remove_handler
                0x100009dc      0x1a8 CMakeFiles/sd_fat_spi.dir/C_/VSARM/sdk/pico/pico-sdk/src/rp2_common/hardware_irq/irq.c.obj
                0x100009dc                irq_remove_handler
 .text.irq_add_tail_to_free_list
                0x10000b84       0xf0 CMakeFiles/sd_fat_spi.dir/C_/VSARM/sdk/pico/pico-sdk/src/rp2_common/hardware_irq/irq.c.obj
                0x10000b84                irq_add_tail_to_free_list
 .text.irq_init_priorities
                0x10000c74       0x1c CMakeFiles/sd_fat_spi.dir/C_/VSARM/sdk/pico/pico-sdk/src/rp2_common/hardware_irq/irq.c.obj
                0x10000c74                irq_init_priorities
 .text.user_irq_claim_unused
                0x10000c90       0x30 CMakeFiles/sd_fat_spi.dir/C_/VSARM/sdk/pico/pico-sdk/src/rp2_common/hardware_irq/irq.c.obj
                0x10000c90                user_irq_claim_unused
 .text.sem_init
                0x10000cc0       0x1e CMakeFiles/sd_fat_spi.dir/C_/VSARM/sdk/pico/pico-sdk/src/common/pico_sync/sem.c.obj
                0x10000cc0                sem_init
 *fill*         0x10000cde        0x2 
 .text.lock_init
                0x10000ce0       0x10 CMakeFiles/sd_fat_spi.dir/C_/VSARM/sdk/pico/pico-sdk/src/common/pico_sync/lock_core.c.obj
                0x10000ce0                lock_init
 .text.alarm_pool_post_alloc_init
                0x10000cf0       0x40 CMakeFiles/sd_fat_spi.dir/C_/VSARM/sdk/pico/pico-sdk/src/common/pico_time/time.c.obj
 .text.sleep_until_callback
                0x10000d30       0x30 CMakeFiles/sd_fat_spi.dir/C_/VSARM/sdk/pico/pico-sdk/src/common/pico_time/time.c.obj
 .text.timer_pool_entry_comparator
                0x10000d60       0x7c CMakeFiles/sd_fat_spi.dir/C_/VSARM/sdk/pico/pico-sdk/src/common/pico_time/time.c.obj
                0x10000d60                timer_pool_entry_comparator
 .text.ph_add_child_node
                0x10000ddc       0xa4 CMakeFiles/sd_fat_spi.dir/C_/VSARM/sdk/pico/pico-sdk/src/common/pico_time/time.c.obj
 .text.ph_merge_nodes
                0x10000e80       0x3e CMakeFiles/sd_fat_spi.dir/C_/VSARM/sdk/pico/pico-sdk/src/common/pico_time/time.c.obj
 *fill*         0x10000ebe        0x2 
 .text.add_alarm_under_lock
                0x10000ec0      0x174 CMakeFiles/sd_fat_spi.dir/C_/VSARM/sdk/pico/pico-sdk/src/common/pico_time/time.c.obj
 .text.alarm_pool_alarm_callback
                0x10001034      0x328 CMakeFiles/sd_fat_spi.dir/C_/VSARM/sdk/pico/pico-sdk/src/common/pico_time/time.c.obj
 .text.alarm_pool_init_default
                0x1000135c       0x38 CMakeFiles/sd_fat_spi.dir/C_/VSARM/sdk/pico/pico-sdk/src/common/pico_time/time.c.obj
                0x1000135c                alarm_pool_init_default
 .text.alarm_pool_get_default
                0x10001394       0x2c CMakeFiles/sd_fat_spi.dir/C_/VSARM/sdk/pico/pico-sdk/src/common/pico_time/time.c.obj
                0x10001394                alarm_pool_get_default
 .text.alarm_pool_add_alarm_at
                0x100013c0      0x170 CMakeFiles/sd_fat_spi.dir/C_/VSARM/sdk/pico/pico-sdk/src/common/pico_time/time.c.obj
                0x100013c0                alarm_pool_add_alarm_at
 .text.alarm_pool_cancel_alarm
                0x10001530       0xf0 CMakeFiles/sd_fat_spi.dir/C_/VSARM/sdk/pico/pico-sdk/src/common/pico_time/time.c.obj
                0x10001530                alarm_pool_cancel_alarm
 .text.sleep_until
                0x10001620       0xfc CMakeFiles/sd_fat_spi.dir/C_/VSARM/sdk/pico/pico-sdk/src/common/pico_time/time.c.obj
                0x10001620                sleep_until
 .text.sleep_us
                0x1000171c       0x58 CMakeFiles/sd_fat_spi.dir/C_/VSARM/sdk/pico/pico-sdk/src/common/pico_time/time.c.obj
                0x1000171c                sleep_us
 .text.sleep_ms
                0x10001774       0x14 CMakeFiles/sd_fat_spi.dir/C_/VSARM/sdk/pico/pico-sdk/src/common/pico_time/time.c.obj
                0x10001774                sleep_ms
 .text.best_effort_wfe_or_timeout
                0x10001788       0x80 CMakeFiles/sd_fat_spi.dir/C_/VSARM/sdk/pico/pico-sdk/src/common/pico_time/time.c.obj
                0x10001788                best_effort_wfe_or_timeout
 .text.hardware_alarm_irq_handler
                0x10001808       0x8c CMakeFiles/sd_fat_spi.dir/C_/VSARM/sdk/pico/pico-sdk/src/rp2_common/hardware_timer/timer.c.obj
 .text.hardware_alarm_claim
                0x10001894       0x18 CMakeFiles/sd_fat_spi.dir/C_/VSARM/sdk/pico/pico-sdk/src/rp2_common/hardware_timer/timer.c.obj
                0x10001894                hardware_alarm_claim
 .text.time_us_64
                0x100018ac       0x18 CMakeFiles/sd_fat_spi.dir/C_/VSARM/sdk/pico/pico-sdk/src/rp2_common/hardware_timer/timer.c.obj
                0x100018ac                time_us_64
 .text.busy_wait_until
                0x100018c4       0x28 CMakeFiles/sd_fat_spi.dir/C_/VSARM/sdk/pico/pico-sdk/src/rp2_common/hardware_timer/timer.c.obj
                0x100018c4                busy_wait_until
 .text.busy_wait_us
                0x100018ec       0x48 CMakeFiles/sd_fat_spi.dir/C_/VSARM/sdk/pico/pico-sdk/src/rp2_common/hardware_timer/timer.c.obj
                0x100018ec                busy_wait_us
 .text.hardware_alarm_set_callback
                0x10001934       0x90 CMakeFiles/sd_fat_spi.dir/C_/VSARM/sdk/pico/pico-sdk/src/rp2_common/hardware_timer/timer.c.obj
                0x10001934                hardware_alarm_set_callback
 .text.hardware_alarm_set_target
                0x100019c4       0xe8 CMakeFiles/sd_fat_spi.dir/C_/VSARM/sdk/pico/pico-sdk/src/rp2_common/hardware_timer/timer.c.obj
                0x100019c4                hardware_alarm_set_target
 .text.hardware_alarm_cancel
                0x10001aac       0x40 CMakeFiles/sd_fat_spi.dir/C_/VSARM/sdk/pico/pico-sdk/src/rp2_common/hardware_timer/timer.c.obj
                0x10001aac                hardware_alarm_cancel
 .text.ph_add_child_node
                0x10001aec       0xa4 CMakeFiles/sd_fat_spi.dir/C_/VSARM/sdk/pico/pico-sdk/src/common/pico_util/pheap.c.obj
 .text.ph_merge_nodes
                0x10001b90       0x3e CMakeFiles/sd_fat_spi.dir/C_/VSARM/sdk/pico/pico-sdk/src/common/pico_util/pheap.c.obj
 *fill*         0x10001bce        0x2 
 .text.ph_clear
                0x10001bd0       0x70 CMakeFiles/sd_fat_spi.dir/C_/VSARM/sdk/pico/pico-sdk/src/common/pico_util/pheap.c.obj
                0x10001bd0                ph_clear
 .text.ph_post_alloc_init
                0x10001c40        0xe CMakeFiles/sd_fat_spi.dir/C_/VSARM/sdk/pico/pico-sdk/src/common/pico_util/pheap.c.obj
                0x10001c40                ph_post_alloc_init
 *fill*         0x10001c4e        0x2 
 .text.ph_merge_two_pass
                0x10001c50       0xa8 CMakeFiles/sd_fat_spi.dir/C_/VSARM/sdk/pico/pico-sdk/src/common/pico_util/pheap.c.obj
                0x10001c50                ph_merge_two_pass
 .text.ph_remove_any_head
                0x10001cf8      0x108 CMakeFiles/sd_fat_spi.dir/C_/VSARM/sdk/pico/pico-sdk/src/common/pico_util/pheap.c.obj
 .text.ph_remove_head
                0x10001e00       0x14 CMakeFiles/sd_fat_spi.dir/C_/VSARM/sdk/pico/pico-sdk/src/common/pico_util/pheap.c.obj
                0x10001e00                ph_remove_head
 .text.ph_remove_and_free_node
                0x10001e14       0xf8 CMakeFiles/sd_fat_spi.dir/C_/VSARM/sdk/pico/pico-sdk/src/common/pico_util/pheap.c.obj
                0x10001e14                ph_remove_and_free_node
 .text.mutex_init
                0x10001f0c       0x1a CMakeFiles/sd_fat_spi.dir/C_/VSARM/sdk/pico/pico-sdk/src/common/pico_sync/mutex.c.obj
                0x10001f0c                mutex_init
 .text.recursive_mutex_init
                0x10001f26       0x1e CMakeFiles/sd_fat_spi.dir/C_/VSARM/sdk/pico/pico-sdk/src/common/pico_sync/mutex.c.obj
                0x10001f26                recursive_mutex_init
 .text.critical_section_init_with_lock_num
                0x10001f44       0x14 CMakeFiles/sd_fat_spi.dir/C_/VSARM/sdk/pico/pico-sdk/src/common/pico_sync/critical_section.c.obj
                0x10001f44                critical_section_init_with_lock_num
 .text.critical_section_init
                0x10001f58       0x14 CMakeFiles/sd_fat_spi.dir/C_/VSARM/sdk/pico/pico-sdk/src/common/pico_sync/critical_section.c.obj
                0x10001f58                critical_section_init
 .text._exit    0x10001f6c        0x4 CMakeFiles/sd_fat_spi.dir/C_/VSARM/sdk/pico/pico-sdk/src/rp2_common/pico_runtime/runtime.c.obj
                0x10001f6c                _exit
 .text._sbrk    0x10001f70       0x38 CMakeFiles/sd_fat_spi.dir/C_/VSARM/sdk/pico/pico-sdk/src/rp2_common/pico_runtime/runtime.c.obj
                0x10001f70                _sbrk
 .text.exit     0x10001fa8        0x6 CMakeFiles/sd_fat_spi.dir/C_/VSARM/sdk/pico/pico-sdk/src/rp2_common/pico_runtime/runtime.c.obj
                0x10001fa8                exit
 *fill*         0x10001fae        0x2 
 .text.__assert_func
                0x10001fb0       0x3c CMakeFiles/sd_fat_spi.dir/C_/VSARM/sdk/pico/pico-sdk/src/rp2_common/pico_runtime/runtime.c.obj
                0x10001fb0                __assert_func
 .text.runtime_init
                0x10001fec       0xf8 CMakeFiles/sd_fat_spi.dir/C_/VSARM/sdk/pico/pico-sdk/src/rp2_common/pico_runtime/runtime.c.obj
                0x10001fec                runtime_init
 .text.panic    0x100020e4       0x30 CMakeFiles/sd_fat_spi.dir/C_/VSARM/sdk/pico/pico-sdk/src/rp2_common/pico_runtime/runtime.c.obj
                0x100020e4                panic
 .text.clock_configure
                0x10002114      0x104 CMakeFiles/sd_fat_spi.dir/C_/VSARM/sdk/pico/pico-sdk/src/rp2_common/hardware_clocks/clocks.c.obj
                0x10002114                clock_configure
 .text.clocks_init
                0x10002218      0x100 CMakeFiles/sd_fat_spi.dir/C_/VSARM/sdk/pico/pico-sdk/src/rp2_common/hardware_clocks/clocks.c.obj
                0x10002218                clocks_init
 .text.clock_get_hz
                0x10002318        0xc CMakeFiles/sd_fat_spi.dir/C_/VSARM/sdk/pico/pico-sdk/src/rp2_common/hardware_clocks/clocks.c.obj
                0x10002318                clock_get_hz
 .text.pll_init
                0x10002324      0x140 CMakeFiles/sd_fat_spi.dir/C_/VSARM/sdk/pico/pico-sdk/src/rp2_common/hardware_pll/pll.c.obj
                0x10002324                pll_init
 .text.watchdog_start_tick
                0x10002464       0x10 CMakeFiles/sd_fat_spi.dir/C_/VSARM/sdk/pico/pico-sdk/src/rp2_common/hardware_watchdog/watchdog.c.obj
                0x10002464                watchdog_start_tick
 .text.watchdog_update
                0x10002474       0x14 CMakeFiles/sd_fat_spi.dir/C_/VSARM/sdk/pico/pico-sdk/src/rp2_common/hardware_watchdog/watchdog.c.obj
                0x10002474                watchdog_update
 .text._watchdog_enable
                0x10002488       0x78 CMakeFiles/sd_fat_spi.dir/C_/VSARM/sdk/pico/pico-sdk/src/rp2_common/hardware_watchdog/watchdog.c.obj
                0x10002488                _watchdog_enable
 .text.watchdog_reboot
                0x10002500       0x48 CMakeFiles/sd_fat_spi.dir/C_/VSARM/sdk/pico/pico-sdk/src/rp2_common/hardware_watchdog/watchdog.c.obj
                0x10002500                watchdog_reboot
 .text.xosc_init
                0x10002548       0x28 CMakeFiles/sd_fat_spi.dir/C_/VSARM/sdk/pico/pico-sdk/src/rp2_common/hardware_xosc/xosc.c.obj
                0x10002548                xosc_init
 .text._out_buffer
                0x10002570        0x8 CMakeFiles/sd_fat_spi.dir/C_/VSARM/sdk/pico/pico-sdk/src/rp2_common/pico_printf/printf.c.obj
 .text._out_null
                0x10002578        0x2 CMakeFiles/sd_fat_spi.dir/C_/VSARM/sdk/pico/pico-sdk/src/rp2_common/pico_printf/printf.c.obj
 .text._out_fct
                0x1000257a        0xe CMakeFiles/sd_fat_spi.dir/C_/VSARM/sdk/pico/pico-sdk/src/rp2_common/pico_printf/printf.c.obj
 .text._atoi    0x10002588       0x24 CMakeFiles/sd_fat_spi.dir/C_/VSARM/sdk/pico/pico-sdk/src/rp2_common/pico_printf/printf.c.obj
 .text._out_rev
                0x100025ac       0xae CMakeFiles/sd_fat_spi.dir/C_/VSARM/sdk/pico/pico-sdk/src/rp2_common/pico_printf/printf.c.obj
 .text._ntoa_format
                0x1000265a      0x112 CMakeFiles/sd_fat_spi.dir/C_/VSARM/sdk/pico/pico-sdk/src/rp2_common/pico_printf/printf.c.obj
 .text._ntoa_long
                0x1000276c       0xbc CMakeFiles/sd_fat_spi.dir/C_/VSARM/sdk/pico/pico-sdk/src/rp2_common/pico_printf/printf.c.obj
 .text._ntoa_long_long
                0x10002828       0xe2 CMakeFiles/sd_fat_spi.dir/C_/VSARM/sdk/pico/pico-sdk/src/rp2_common/pico_printf/printf.c.obj
 *fill*         0x1000290a        0x2 
 .text._etoa    0x1000290c      0x414 CMakeFiles/sd_fat_spi.dir/C_/VSARM/sdk/pico/pico-sdk/src/rp2_common/pico_printf/printf.c.obj
 .text._ftoa    0x10002d20      0x354 CMakeFiles/sd_fat_spi.dir/C_/VSARM/sdk/pico/pico-sdk/src/rp2_common/pico_printf/printf.c.obj
 .text._vsnprintf
                0x10003074      0x624 CMakeFiles/sd_fat_spi.dir/C_/VSARM/sdk/pico/pico-sdk/src/rp2_common/pico_printf/printf.c.obj
 .text.__wrap_vsnprintf
                0x10003698       0x1c CMakeFiles/sd_fat_spi.dir/C_/VSARM/sdk/pico/pico-sdk/src/rp2_common/pico_printf/printf.c.obj
                0x10003698                __wrap_vsnprintf
 .text.vfctprintf
                0x100036b4       0x20 CMakeFiles/sd_fat_spi.dir/C_/VSARM/sdk/pico/pico-sdk/src/rp2_common/pico_printf/printf.c.obj
                0x100036b4                vfctprintf
 .text          0x100036d4       0x10 CMakeFiles/sd_fat_spi.dir/C_/VSARM/sdk/pico/pico-sdk/src/rp2_common/pico_bit_ops/bit_ops_aeabi.S.obj
 .text.rom_func_lookup
                0x100036e4       0x10 CMakeFiles/sd_fat_spi.dir/C_/VSARM/sdk/pico/pico-sdk/src/rp2_common/pico_bootrom/bootrom.c.obj
                0x100036e4                rom_func_lookup
 .text.rom_data_lookup
                0x100036f4       0x10 CMakeFiles/sd_fat_spi.dir/C_/VSARM/sdk/pico/pico-sdk/src/rp2_common/pico_bootrom/bootrom.c.obj
                0x100036f4                rom_data_lookup
 .text.rom_funcs_lookup
                0x10003704       0x36 CMakeFiles/sd_fat_spi.dir/C_/VSARM/sdk/pico/pico-sdk/src/rp2_common/pico_bootrom/bootrom.c.obj
                0x10003704                rom_funcs_lookup
 *fill*         0x1000373a        0x2 
 .text.__wrap___aeabi_idiv
                0x1000373c       0x50 CMakeFiles/sd_fat_spi.dir/C_/VSARM/sdk/pico/pico-sdk/src/rp2_common/pico_divider/divider.S.obj
                0x1000373c                __wrap___aeabi_idivmod
                0x1000373c                divmod_s32s32
                0x1000373c                div_s32s32
                0x1000373c                __wrap___aeabi_idiv
                0x10003744                divmod_s32s32_unsafe
                0x10003770                divmod_s32s32_savestate
 .text.__wrap___aeabi_uidiv
                0x1000378c       0x4c CMakeFiles/sd_fat_spi.dir/C_/VSARM/sdk/pico/pico-sdk/src/rp2_common/pico_divider/divider.S.obj
                0x1000378c                __wrap___aeabi_uidiv
                0x1000378c                __wrap___aeabi_uidivmod
                0x1000378c                div_u32u32
                0x1000378c                divmod_u32u32
                0x10003794                divmod_u32u32_unsafe
                0x100037bc                divmod_u32u32_savestate
 .text.__wrap___aeabi_ldiv
                0x100037d8      0x434 CMakeFiles/sd_fat_spi.dir/C_/VSARM/sdk/pico/pico-sdk/src/rp2_common/pico_divider/divider.S.obj
                0x100037d8                div_s64s64
                0x100037d8                divmod_s64s64
                0x100037d8                __wrap___aeabi_ldivmod
                0x10003810                divmod_u64u64
                0x10003810                div_u64u64
                0x10003810                __wrap___aeabi_uldivmod
                0x10003820                divmod_u64u64_savestate
                0x10003848                divmod_s64s64_unsafe
                0x100038d0                divmod_u64u64_unsafe
 .text.__wrap___aeabi_darithmetic
                0x10003c0c       0x80 CMakeFiles/sd_fat_spi.dir/C_/VSARM/sdk/pico/pico-sdk/src/rp2_common/pico_double/double_aeabi.S.obj
                0x10003c0c                __wrap___aeabi_drsub
                0x10003c12                __wrap___aeabi_dsub
                0x10003c24                __wrap___aeabi_dadd
                0x10003c36                __wrap___aeabi_ddiv
                0x10003c72                __wrap___aeabi_dmul
 .text.__wrap___aeabi_cdcmple
                0x10003c8c       0x6c CMakeFiles/sd_fat_spi.dir/C_/VSARM/sdk/pico/pico-sdk/src/rp2_common/pico_double/double_aeabi.S.obj
                0x10003c8c                __wrap___aeabi_cdrcmple
                0x10003c9c                __wrap___aeabi_cdcmpeq
                0x10003c9c                __wrap___aeabi_cdcmple
 .text.__wrap___aeabi_dcmplt
                0x10003cf8        0xc CMakeFiles/sd_fat_spi.dir/C_/VSARM/sdk/pico/pico-sdk/src/rp2_common/pico_double/double_aeabi.S.obj
                0x10003cf8                __wrap___aeabi_dcmplt
 .text.__wrap___aeabi_dcmple
                0x10003d04       0x10 CMakeFiles/sd_fat_spi.dir/C_/VSARM/sdk/pico/pico-sdk/src/rp2_common/pico_double/double_aeabi.S.obj
                0x10003d04                __wrap___aeabi_dcmple
 .text.__wrap___aeabi_dcmpge
                0x10003d14       0x10 CMakeFiles/sd_fat_spi.dir/C_/VSARM/sdk/pico/pico-sdk/src/rp2_common/pico_double/double_aeabi.S.obj
                0x10003d14                __wrap___aeabi_dcmpge
 .text.__wrap___aeabi_dcmpgt
                0x10003d24        0xa CMakeFiles/sd_fat_spi.dir/C_/VSARM/sdk/pico/pico-sdk/src/rp2_common/pico_double/double_aeabi.S.obj
                0x10003d24                __wrap___aeabi_dcmpgt
 .text.__wrap___aeabi_dcmpun
                0x10003d2e       0x1c CMakeFiles/sd_fat_spi.dir/C_/VSARM/sdk/pico/pico-sdk/src/rp2_common/pico_double/double_aeabi.S.obj
                0x10003d2e                __wrap___aeabi_dcmpun
 *fill*         0x10003d4a        0x2 
 .text.__wrap___aeabi_i2d
                0x10003d4c       0x38 CMakeFiles/sd_fat_spi.dir/C_/VSARM/sdk/pico/pico-sdk/src/rp2_common/pico_double/double_aeabi.S.obj
                0x10003d4c                __wrap___aeabi_ui2d
                0x10003d54                __wrap___aeabi_i2d
 .text.__wrap___aeabi_d2iz
                0x10003d84       0x48 CMakeFiles/sd_fat_spi.dir/C_/VSARM/sdk/pico/pico-sdk/src/rp2_common/pico_double/double_aeabi.S.obj
                0x10003d84                double2int_z
                0x10003d84                __wrap___aeabi_d2iz
 .text.__wrap___aeabi_d2uiz
                0x10003dcc       0x18 CMakeFiles/sd_fat_spi.dir/C_/VSARM/sdk/pico/pico-sdk/src/rp2_common/pico_double/double_aeabi.S.obj
                0x10003dcc                __wrap___aeabi_d2uiz
                0x10003dcc                double2uint
 .text.__aeabi_double_init
                0x10003de4       0xc8 CMakeFiles/sd_fat_spi.dir/C_/VSARM/sdk/pico/pico-sdk/src/rp2_common/pico_double/double_init_rom.c.obj
                0x10003de4                __aeabi_double_init
 .text.double_table_shim_on_use_helper
                0x10003eac       0x34 CMakeFiles/sd_fat_spi.dir/C_/VSARM/sdk/pico/pico-sdk/src/rp2_common/pico_double/double_v1_rom_shim.S.obj
                0x10003eac                double_table_shim_on_use_helper
 .text.__wrap___aeabi_dsub
                0x10003ee0       0x10 CMakeFiles/sd_fat_spi.dir/C_/VSARM/sdk/pico/pico-sdk/src/rp2_common/pico_double/double_v1_rom_shim.S.obj
                0x10003ee0                drsub_shim
                0x10003ee6                dsub_shim
 .text.dadd_shim
                0x10003ef0      0x15c CMakeFiles/sd_fat_spi.dir/C_/VSARM/sdk/pico/pico-sdk/src/rp2_common/pico_double/double_v1_rom_shim.S.obj
                0x10003ef0                dadd_shim
 .text.dmul_shim
                0x1000404c      0x15c CMakeFiles/sd_fat_spi.dir/C_/VSARM/sdk/pico/pico-sdk/src/rp2_common/pico_double/double_v1_rom_shim.S.obj
                0x1000404c                dmul_shim
 .text.ddiv_shim
                0x100041a8      0x1b0 CMakeFiles/sd_fat_spi.dir/C_/VSARM/sdk/pico/pico-sdk/src/rp2_common/pico_double/double_v1_rom_shim.S.obj
                0x100041a8                ddiv_shim
 .text.double2uint_shim
                0x10004358        0xe CMakeFiles/sd_fat_spi.dir/C_/VSARM/sdk/pico/pico-sdk/src/rp2_common/pico_double/double_v1_rom_shim.S.obj
                0x10004358                double2uint_shim
                0x1000435a                double2ufix_shim
 *fill*         0x10004366        0x2 
 .text.double2uint64_shim
                0x10004368       0x70 CMakeFiles/sd_fat_spi.dir/C_/VSARM/sdk/pico/pico-sdk/src/rp2_common/pico_double/double_v1_rom_shim.S.obj
                0x10004368                double2uint64_shim
                0x1000436a                double2ufix64_shim
                0x1000438a                d2fix_a
 .text.dunpacks
                0x100043d8       0x3c CMakeFiles/sd_fat_spi.dir/C_/VSARM/sdk/pico/pico-sdk/src/rp2_common/pico_double/double_v1_rom_shim.S.obj
                0x100043d8                dunpacks
 .text.__aeabi_lmul
                0x10004414       0x32 CMakeFiles/sd_fat_spi.dir/C_/VSARM/sdk/pico/pico-sdk/src/rp2_common/pico_int64_ops/pico_int64_ops_aeabi.S.obj
                0x10004414                __wrap___aeabi_lmul
 *fill*         0x10004446        0x2 
 .text.__aeabi_float_init
                0x10004448       0xfc CMakeFiles/sd_fat_spi.dir/C_/VSARM/sdk/pico/pico-sdk/src/rp2_common/pico_float/float_init_rom.c.obj
                0x10004448                __aeabi_float_init
 .text.float_table_shim_on_use_helper
                0x10004544       0x34 CMakeFiles/sd_fat_spi.dir/C_/VSARM/sdk/pico/pico-sdk/src/rp2_common/pico_float/float_v1_rom_shim.S.obj
                0x10004544                float_table_shim_on_use_helper
 .text.__wrap_malloc
                0x10004578       0x24 CMakeFiles/sd_fat_spi.dir/C_/VSARM/sdk/pico/pico-sdk/src/rp2_common/pico_malloc/pico_malloc.c.obj
                0x10004578                __wrap_malloc
 .text.__wrap_free
                0x1000459c        0x8 CMakeFiles/sd_fat_spi.dir/C_/VSARM/sdk/pico/pico-sdk/src/rp2_common/pico_malloc/pico_malloc.c.obj
                0x1000459c                __wrap_free
 .text          0x100045a4       0x10 CMakeFiles/sd_fat_spi.dir/C_/VSARM/sdk/pico/pico-sdk/src/rp2_common/pico_mem_ops/mem_ops_aeabi.S.obj
                0x100045a4                __aeabi_mem_init
 .text.memset   0x100045b4        0xc CMakeFiles/sd_fat_spi.dir/C_/VSARM/sdk/pico/pico-sdk/src/rp2_common/pico_mem_ops/mem_ops_aeabi.S.obj
                0x100045b4                __wrap_memset
 .text.memcpy   0x100045c0        0xc CMakeFiles/sd_fat_spi.dir/C_/VSARM/sdk/pico/pico-sdk/src/rp2_common/pico_mem_ops/mem_ops_aeabi.S.obj
                0x100045c0                __wrap_memcpy
                0x100045c0                __wrap___aeabi_memcpy
 .text.stdio_out_chars_no_crlf
                0x100045cc        0xe CMakeFiles/sd_fat_spi.dir/C_/VSARM/sdk/pico/pico-sdk/src/rp2_common/pico_stdio/stdio.c.obj
 *fill*         0x100045da        0x2 
 .text.stdio_out_chars_crlf
                0x100045dc       0x80 CMakeFiles/sd_fat_spi.dir/C_/VSARM/sdk/pico/pico-sdk/src/rp2_common/pico_stdio/stdio.c.obj
 .text.stdio_stack_buffer_flush
                0x1000465c       0x44 CMakeFiles/sd_fat_spi.dir/C_/VSARM/sdk/pico/pico-sdk/src/rp2_common/pico_stdio/stdio.c.obj
 .text.stdio_buffered_printer
                0x100046a0       0x20 CMakeFiles/sd_fat_spi.dir/C_/VSARM/sdk/pico/pico-sdk/src/rp2_common/pico_stdio/stdio.c.obj
 .text.stdio_get_until
                0x100046c0       0x80 CMakeFiles/sd_fat_spi.dir/C_/VSARM/sdk/pico/pico-sdk/src/rp2_common/pico_stdio/stdio.c.obj
 .text.stdout_serialize_begin
                0x10004740       0x30 CMakeFiles/sd_fat_spi.dir/C_/VSARM/sdk/pico/pico-sdk/src/rp2_common/pico_stdio/stdio.c.obj
                0x10004740                stdout_serialize_begin
 .text.stdout_serialize_end
                0x10004770       0x10 CMakeFiles/sd_fat_spi.dir/C_/VSARM/sdk/pico/pico-sdk/src/rp2_common/pico_stdio/stdio.c.obj
                0x10004770                stdout_serialize_end
 .text.stdio_put_string
                0x10004780       0x98 CMakeFiles/sd_fat_spi.dir/C_/VSARM/sdk/pico/pico-sdk/src/rp2_common/pico_stdio/stdio.c.obj
 .text._read    0x10004818       0x24 CMakeFiles/sd_fat_spi.dir/C_/VSARM/sdk/pico/pico-sdk/src/rp2_common/pico_stdio/stdio.c.obj
                0x10004818                _read
 .text._write   0x1000483c       0x22 CMakeFiles/sd_fat_spi.dir/C_/VSARM/sdk/pico/pico-sdk/src/rp2_common/pico_stdio/stdio.c.obj
                0x1000483c                _write
 *fill*         0x1000485e        0x2 
 .text.stdio_set_driver_enabled
                0x10004860       0x2c CMakeFiles/sd_fat_spi.dir/C_/VSARM/sdk/pico/pico-sdk/src/rp2_common/pico_stdio/stdio.c.obj
                0x10004860                stdio_set_driver_enabled
 .text.stdio_flush
                0x1000488c       0x20 CMakeFiles/sd_fat_spi.dir/C_/VSARM/sdk/pico/pico-sdk/src/rp2_common/pico_stdio/stdio.c.obj
                0x1000488c                stdio_flush
 .text.__wrap_puts
                0x100048ac       0x1e CMakeFiles/sd_fat_spi.dir/C_/VSARM/sdk/pico/pico-sdk/src/rp2_common/pico_stdio/stdio.c.obj
                0x100048ac                __wrap_puts
 *fill*         0x100048ca        0x2 
 .text.__wrap_vprintf
                0x100048cc       0x44 CMakeFiles/sd_fat_spi.dir/C_/VSARM/sdk/pico/pico-sdk/src/rp2_common/pico_stdio/stdio.c.obj
                0x100048cc                __wrap_vprintf
 .text.__wrap_printf
                0x10004910       0x18 CMakeFiles/sd_fat_spi.dir/C_/VSARM/sdk/pico/pico-sdk/src/rp2_common/pico_stdio/stdio.c.obj
                0x10004910                __wrap_printf
 .text.stdio_init_all
                0x10004928        0x8 CMakeFiles/sd_fat_spi.dir/C_/VSARM/sdk/pico/pico-sdk/src/rp2_common/pico_stdio/stdio.c.obj
                0x10004928                stdio_init_all
 .text.__wrap_getchar
                0x10004930       0x40 CMakeFiles/sd_fat_spi.dir/C_/VSARM/sdk/pico/pico-sdk/src/rp2_common/pico_stdio/stdio.c.obj
                0x10004930                __wrap_getchar
 .text.resetd_init
                0x10004970        0x2 CMakeFiles/sd_fat_spi.dir/C_/VSARM/sdk/pico/pico-sdk/src/rp2_common/pico_stdio_usb/reset_interface.c.obj
 *fill*         0x10004972        0x2 
 .text.resetd_reset
                0x10004974        0xc CMakeFiles/sd_fat_spi.dir/C_/VSARM/sdk/pico/pico-sdk/src/rp2_common/pico_stdio_usb/reset_interface.c.obj
 .text.resetd_open
                0x10004980       0x34 CMakeFiles/sd_fat_spi.dir/C_/VSARM/sdk/pico/pico-sdk/src/rp2_common/pico_stdio_usb/reset_interface.c.obj
 .text.resetd_xfer_cb
                0x100049b4        0x4 CMakeFiles/sd_fat_spi.dir/C_/VSARM/sdk/pico/pico-sdk/src/rp2_common/pico_stdio_usb/reset_interface.c.obj
 .text.reset_usb_boot
                0x100049b8       0x18 CMakeFiles/sd_fat_spi.dir/C_/VSARM/sdk/pico/pico-sdk/src/rp2_common/pico_stdio_usb/reset_interface.c.obj
 .text.resetd_control_xfer_cb
                0x100049d0       0x5c CMakeFiles/sd_fat_spi.dir/C_/VSARM/sdk/pico/pico-sdk/src/rp2_common/pico_stdio_usb/reset_interface.c.obj
 .text.usbd_app_driver_get_cb
                0x10004a2c        0xc CMakeFiles/sd_fat_spi.dir/C_/VSARM/sdk/pico/pico-sdk/src/rp2_common/pico_stdio_usb/reset_interface.c.obj
                0x10004a2c                usbd_app_driver_get_cb
 .text.tud_cdc_line_coding_cb
                0x10004a38       0x28 CMakeFiles/sd_fat_spi.dir/C_/VSARM/sdk/pico/pico-sdk/src/rp2_common/pico_stdio_usb/reset_interface.c.obj
                0x10004a38                tud_cdc_line_coding_cb
 .text.stdio_usb_in_chars
                0x10004a60       0x70 CMakeFiles/sd_fat_spi.dir/C_/VSARM/sdk/pico/pico-sdk/src/rp2_common/pico_stdio_usb/stdio_usb.c.obj
                0x10004a60                stdio_usb_in_chars
 .text.low_priority_worker_irq
                0x10004ad0       0x20 CMakeFiles/sd_fat_spi.dir/C_/VSARM/sdk/pico/pico-sdk/src/rp2_common/pico_stdio_usb/stdio_usb.c.obj
 .text.stdio_usb_out_chars
                0x10004af0       0xd4 CMakeFiles/sd_fat_spi.dir/C_/VSARM/sdk/pico/pico-sdk/src/rp2_common/pico_stdio_usb/stdio_usb.c.obj
 .text.timer_task
                0x10004bc4       0x40 CMakeFiles/sd_fat_spi.dir/C_/VSARM/sdk/pico/pico-sdk/src/rp2_common/pico_stdio_usb/stdio_usb.c.obj
 .text.usb_irq  0x10004c04       0x10 CMakeFiles/sd_fat_spi.dir/C_/VSARM/sdk/pico/pico-sdk/src/rp2_common/pico_stdio_usb/stdio_usb.c.obj
 .text.stdio_usb_init
                0x10004c14       0xec CMakeFiles/sd_fat_spi.dir/C_/VSARM/sdk/pico/pico-sdk/src/rp2_common/pico_stdio_usb/stdio_usb.c.obj
                0x10004c14                stdio_usb_init
 .text.tud_descriptor_device_cb
                0x10004d00        0x8 CMakeFiles/sd_fat_spi.dir/C_/VSARM/sdk/pico/pico-sdk/src/rp2_common/pico_stdio_usb/stdio_usb_descriptors.c.obj
                0x10004d00                tud_descriptor_device_cb
 .text.tud_descriptor_configuration_cb
                0x10004d08        0x8 CMakeFiles/sd_fat_spi.dir/C_/VSARM/sdk/pico/pico-sdk/src/rp2_common/pico_stdio_usb/stdio_usb_descriptors.c.obj
                0x10004d08                tud_descriptor_configuration_cb
 .text.tud_descriptor_string_cb
                0x10004d10       0x6c CMakeFiles/sd_fat_spi.dir/C_/VSARM/sdk/pico/pico-sdk/src/rp2_common/pico_stdio_usb/stdio_usb_descriptors.c.obj
                0x10004d10                tud_descriptor_string_cb
 .text.hw_endpoint_get_by_addr
                0x10004d7c       0x18 CMakeFiles/sd_fat_spi.dir/C_/VSARM/sdk/pico/pico-sdk/lib/tinyusb/src/portable/raspberrypi/rp2040/dcd_rp2040.c.obj
 .text.reset_ep0_pid
                0x10004d94       0x28 CMakeFiles/sd_fat_spi.dir/C_/VSARM/sdk/pico/pico-sdk/lib/tinyusb/src/portable/raspberrypi/rp2040/dcd_rp2040.c.obj
 .text._hw_endpoint_alloc
                0x10004dbc       0x70 CMakeFiles/sd_fat_spi.dir/C_/VSARM/sdk/pico/pico-sdk/lib/tinyusb/src/portable/raspberrypi/rp2040/dcd_rp2040.c.obj
 .text.hw_endpoint_init
                0x10004e2c       0x88 CMakeFiles/sd_fat_spi.dir/C_/VSARM/sdk/pico/pico-sdk/lib/tinyusb/src/portable/raspberrypi/rp2040/dcd_rp2040.c.obj
 .text.reset_non_control_endpoints
                0x10004eb4       0x40 CMakeFiles/sd_fat_spi.dir/C_/VSARM/sdk/pico/pico-sdk/lib/tinyusb/src/portable/raspberrypi/rp2040/dcd_rp2040.c.obj
 .text.hw_handle_buff_status
                0x10004ef4       0x8c CMakeFiles/sd_fat_spi.dir/C_/VSARM/sdk/pico/pico-sdk/lib/tinyusb/src/portable/raspberrypi/rp2040/dcd_rp2040.c.obj
 .text.dcd_rp2040_irq
                0x10004f80       0xc0 CMakeFiles/sd_fat_spi.dir/C_/VSARM/sdk/pico/pico-sdk/lib/tinyusb/src/portable/raspberrypi/rp2040/dcd_rp2040.c.obj
 .text.hw_endpoint_xfer
                0x10005040       0x14 CMakeFiles/sd_fat_spi.dir/C_/VSARM/sdk/pico/pico-sdk/lib/tinyusb/src/portable/raspberrypi/rp2040/dcd_rp2040.c.obj
 .text.dcd_int_enable
                0x10005054       0x2c CMakeFiles/sd_fat_spi.dir/C_/VSARM/sdk/pico/pico-sdk/lib/tinyusb/src/portable/raspberrypi/rp2040/dcd_rp2040.c.obj
                0x10005054                dcd_int_enable
 .text.dcd_set_address
                0x10005080       0x2c CMakeFiles/sd_fat_spi.dir/C_/VSARM/sdk/pico/pico-sdk/lib/tinyusb/src/portable/raspberrypi/rp2040/dcd_rp2040.c.obj
                0x10005080                dcd_set_address
 .text.dcd_connect
                0x100050ac       0x10 CMakeFiles/sd_fat_spi.dir/C_/VSARM/sdk/pico/pico-sdk/lib/tinyusb/src/portable/raspberrypi/rp2040/dcd_rp2040.c.obj
                0x100050ac                dcd_connect
 .text.dcd_init
                0x100050bc       0x7c CMakeFiles/sd_fat_spi.dir/C_/VSARM/sdk/pico/pico-sdk/lib/tinyusb/src/portable/raspberrypi/rp2040/dcd_rp2040.c.obj
                0x100050bc                dcd_init
 .text.dcd_edpt0_status_complete
                0x10005138       0x1c CMakeFiles/sd_fat_spi.dir/C_/VSARM/sdk/pico/pico-sdk/lib/tinyusb/src/portable/raspberrypi/rp2040/dcd_rp2040.c.obj
                0x10005138                dcd_edpt0_status_complete
 .text.dcd_edpt_open
                0x10005154       0x40 CMakeFiles/sd_fat_spi.dir/C_/VSARM/sdk/pico/pico-sdk/lib/tinyusb/src/portable/raspberrypi/rp2040/dcd_rp2040.c.obj
                0x10005154                dcd_edpt_open
 .text.dcd_edpt_close_all
                0x10005194        0x8 CMakeFiles/sd_fat_spi.dir/C_/VSARM/sdk/pico/pico-sdk/lib/tinyusb/src/portable/raspberrypi/rp2040/dcd_rp2040.c.obj
                0x10005194                dcd_edpt_close_all
 .text.dcd_edpt_xfer
                0x1000519c       0x30 CMakeFiles/sd_fat_spi.dir/C_/VSARM/sdk/pico/pico-sdk/lib/tinyusb/src/portable/raspberrypi/rp2040/dcd_rp2040.c.obj
                0x1000519c                dcd_edpt_xfer
 .text.dcd_edpt_stall
                0x100051cc       0x2c CMakeFiles/sd_fat_spi.dir/C_/VSARM/sdk/pico/pico-sdk/lib/tinyusb/src/portable/raspberrypi/rp2040/dcd_rp2040.c.obj
                0x100051cc                dcd_edpt_stall
 .text.dcd_edpt_clear_stall
                0x100051f8       0x20 CMakeFiles/sd_fat_spi.dir/C_/VSARM/sdk/pico/pico-sdk/lib/tinyusb/src/portable/raspberrypi/rp2040/dcd_rp2040.c.obj
                0x100051f8                dcd_edpt_clear_stall
 .text.prepare_ep_buffer
                0x10005218       0x70 CMakeFiles/sd_fat_spi.dir/C_/VSARM/sdk/pico/pico-sdk/lib/tinyusb/src/portable/raspberrypi/rp2040/rp2040_usb.c.obj
 .text.sync_ep_buffer
                0x10005288       0x7c CMakeFiles/sd_fat_spi.dir/C_/VSARM/sdk/pico/pico-sdk/lib/tinyusb/src/portable/raspberrypi/rp2040/rp2040_usb.c.obj
 .text._hw_endpoint_xfer_sync
                0x10005304       0x28 CMakeFiles/sd_fat_spi.dir/C_/VSARM/sdk/pico/pico-sdk/lib/tinyusb/src/portable/raspberrypi/rp2040/rp2040_usb.c.obj
 .text.rp2040_usb_init
                0x1000532c       0x4c CMakeFiles/sd_fat_spi.dir/C_/VSARM/sdk/pico/pico-sdk/lib/tinyusb/src/portable/raspberrypi/rp2040/rp2040_usb.c.obj
                0x1000532c                rp2040_usb_init
 .text.hw_endpoint_reset_transfer
                0x10005378        0xc CMakeFiles/sd_fat_spi.dir/C_/VSARM/sdk/pico/pico-sdk/lib/tinyusb/src/portable/raspberrypi/rp2040/rp2040_usb.c.obj
                0x10005378                hw_endpoint_reset_transfer
 .text._hw_endpoint_buffer_control_update32
                0x10005384       0x58 CMakeFiles/sd_fat_spi.dir/C_/VSARM/sdk/pico/pico-sdk/lib/tinyusb/src/portable/raspberrypi/rp2040/rp2040_usb.c.obj
                0x10005384                _hw_endpoint_buffer_control_update32
 .text._hw_endpoint_start_next_buffer
                0x100053dc       0x74 CMakeFiles/sd_fat_spi.dir/C_/VSARM/sdk/pico/pico-sdk/lib/tinyusb/src/portable/raspberrypi/rp2040/rp2040_usb.c.obj
 .text.hw_endpoint_xfer_start
                0x10005450       0x48 CMakeFiles/sd_fat_spi.dir/C_/VSARM/sdk/pico/pico-sdk/lib/tinyusb/src/portable/raspberrypi/rp2040/rp2040_usb.c.obj
                0x10005450                hw_endpoint_xfer_start
 .text.hw_endpoint_xfer_continue
                0x10005498       0x38 CMakeFiles/sd_fat_spi.dir/C_/VSARM/sdk/pico/pico-sdk/lib/tinyusb/src/portable/raspberrypi/rp2040/rp2040_usb.c.obj
                0x10005498                hw_endpoint_xfer_continue
 .text.configuration_reset
                0x100054d0       0x84 CMakeFiles/sd_fat_spi.dir/C_/VSARM/sdk/pico/pico-sdk/lib/tinyusb/src/device/usbd.c.obj
 .text.usbd_reset
                0x10005554        0xc CMakeFiles/sd_fat_spi.dir/C_/VSARM/sdk/pico/pico-sdk/lib/tinyusb/src/device/usbd.c.obj
 .text.invoke_class_control
                0x10005560       0x1a CMakeFiles/sd_fat_spi.dir/C_/VSARM/sdk/pico/pico-sdk/lib/tinyusb/src/device/usbd.c.obj
 *fill*         0x1000557a        0x2 
 .text.process_set_config
                0x1000557c      0x1b0 CMakeFiles/sd_fat_spi.dir/C_/VSARM/sdk/pico/pico-sdk/lib/tinyusb/src/device/usbd.c.obj
 .text.process_get_descriptor
                0x1000572c       0xec CMakeFiles/sd_fat_spi.dir/C_/VSARM/sdk/pico/pico-sdk/lib/tinyusb/src/device/usbd.c.obj
 .text.tud_mounted
                0x10005818       0x10 CMakeFiles/sd_fat_spi.dir/C_/VSARM/sdk/pico/pico-sdk/lib/tinyusb/src/device/usbd.c.obj
                0x10005818                tud_mounted
 .text.tud_suspended
                0x10005828       0x10 CMakeFiles/sd_fat_spi.dir/C_/VSARM/sdk/pico/pico-sdk/lib/tinyusb/src/device/usbd.c.obj
                0x10005828                tud_suspended
 .text.tud_inited
                0x10005838        0xc CMakeFiles/sd_fat_spi.dir/C_/VSARM/sdk/pico/pico-sdk/lib/tinyusb/src/device/usbd.c.obj
                0x10005838                tud_inited
 .text.tud_init
                0x10005844       0xcc CMakeFiles/sd_fat_spi.dir/C_/VSARM/sdk/pico/pico-sdk/lib/tinyusb/src/device/usbd.c.obj
                0x10005844                tud_init
 .text.dcd_event_handler
                0x10005910      0x1e0 CMakeFiles/sd_fat_spi.dir/C_/VSARM/sdk/pico/pico-sdk/lib/tinyusb/src/device/usbd.c.obj
                0x10005910                dcd_event_handler
 .text.dcd_event_bus_signal
                0x10005af0       0x26 CMakeFiles/sd_fat_spi.dir/C_/VSARM/sdk/pico/pico-sdk/lib/tinyusb/src/device/usbd.c.obj
                0x10005af0                dcd_event_bus_signal
 .text.dcd_event_bus_reset
                0x10005b16       0x2a CMakeFiles/sd_fat_spi.dir/C_/VSARM/sdk/pico/pico-sdk/lib/tinyusb/src/device/usbd.c.obj
                0x10005b16                dcd_event_bus_reset
 .text.dcd_event_setup_received
                0x10005b40       0x34 CMakeFiles/sd_fat_spi.dir/C_/VSARM/sdk/pico/pico-sdk/lib/tinyusb/src/device/usbd.c.obj
                0x10005b40                dcd_event_setup_received
 .text.dcd_event_xfer_complete
                0x10005b74       0x44 CMakeFiles/sd_fat_spi.dir/C_/VSARM/sdk/pico/pico-sdk/lib/tinyusb/src/device/usbd.c.obj
                0x10005b74                dcd_event_xfer_complete
 .text.usbd_edpt_open
                0x10005bb8       0x58 CMakeFiles/sd_fat_spi.dir/C_/VSARM/sdk/pico/pico-sdk/lib/tinyusb/src/device/usbd.c.obj
                0x10005bb8                usbd_edpt_open
 .text.usbd_open_edpt_pair
                0x10005c10       0x8c CMakeFiles/sd_fat_spi.dir/C_/VSARM/sdk/pico/pico-sdk/lib/tinyusb/src/device/usbd.c.obj
                0x10005c10                usbd_open_edpt_pair
 .text.usbd_edpt_claim
                0x10005c9c       0x8c CMakeFiles/sd_fat_spi.dir/C_/VSARM/sdk/pico/pico-sdk/lib/tinyusb/src/device/usbd.c.obj
                0x10005c9c                usbd_edpt_claim
 .text.usbd_edpt_release
                0x10005d28       0x68 CMakeFiles/sd_fat_spi.dir/C_/VSARM/sdk/pico/pico-sdk/lib/tinyusb/src/device/usbd.c.obj
                0x10005d28                usbd_edpt_release
 .text.usbd_edpt_xfer
                0x10005d90       0x80 CMakeFiles/sd_fat_spi.dir/C_/VSARM/sdk/pico/pico-sdk/lib/tinyusb/src/device/usbd.c.obj
                0x10005d90                usbd_edpt_xfer
 .text.usbd_edpt_stall
                0x10005e10       0x40 CMakeFiles/sd_fat_spi.dir/C_/VSARM/sdk/pico/pico-sdk/lib/tinyusb/src/device/usbd.c.obj
                0x10005e10                usbd_edpt_stall
 .text.usbd_edpt_clear_stall
                0x10005e50       0x40 CMakeFiles/sd_fat_spi.dir/C_/VSARM/sdk/pico/pico-sdk/lib/tinyusb/src/device/usbd.c.obj
                0x10005e50                usbd_edpt_clear_stall
 .text.usbd_edpt_stalled
                0x10005e90       0x1c CMakeFiles/sd_fat_spi.dir/C_/VSARM/sdk/pico/pico-sdk/lib/tinyusb/src/device/usbd.c.obj
                0x10005e90                usbd_edpt_stalled
 .text.process_control_request
                0x10005eac      0x3b8 CMakeFiles/sd_fat_spi.dir/C_/VSARM/sdk/pico/pico-sdk/lib/tinyusb/src/device/usbd.c.obj
 .text.tud_task
                0x10006264      0x218 CMakeFiles/sd_fat_spi.dir/C_/VSARM/sdk/pico/pico-sdk/lib/tinyusb/src/device/usbd.c.obj
                0x10006264                tud_task
 .text._data_stage_xact
                0x1000647c       0x58 CMakeFiles/sd_fat_spi.dir/C_/VSARM/sdk/pico/pico-sdk/lib/tinyusb/src/device/usbd_control.c.obj
 .text.tud_control_status
                0x100064d4       0x38 CMakeFiles/sd_fat_spi.dir/C_/VSARM/sdk/pico/pico-sdk/lib/tinyusb/src/device/usbd_control.c.obj
                0x100064d4                tud_control_status
 .text.tud_control_xfer
                0x1000650c       0xa8 CMakeFiles/sd_fat_spi.dir/C_/VSARM/sdk/pico/pico-sdk/lib/tinyusb/src/device/usbd_control.c.obj
                0x1000650c                tud_control_xfer
 .text.usbd_control_reset
                0x100065b4       0x14 CMakeFiles/sd_fat_spi.dir/C_/VSARM/sdk/pico/pico-sdk/lib/tinyusb/src/device/usbd_control.c.obj
                0x100065b4                usbd_control_reset
 .text.usbd_control_set_complete_callback
                0x100065c8        0xc CMakeFiles/sd_fat_spi.dir/C_/VSARM/sdk/pico/pico-sdk/lib/tinyusb/src/device/usbd_control.c.obj
                0x100065c8                usbd_control_set_complete_callback
 .text.usbd_control_set_request
                0x100065d4       0x1c CMakeFiles/sd_fat_spi.dir/C_/VSARM/sdk/pico/pico-sdk/lib/tinyusb/src/device/usbd_control.c.obj
                0x100065d4                usbd_control_set_request
 .text.usbd_control_xfer_cb
                0x100065f0       0xfc CMakeFiles/sd_fat_spi.dir/C_/VSARM/sdk/pico/pico-sdk/lib/tinyusb/src/device/usbd_control.c.obj
                0x100065f0                usbd_control_xfer_cb
 .text._prep_out_transaction
                0x100066ec       0x46 CMakeFiles/sd_fat_spi.dir/C_/VSARM/sdk/pico/pico-sdk/lib/tinyusb/src/class/cdc/cdc_device.c.obj
 *fill*         0x10006732        0x2 
 .text.tud_cdc_n_connected
                0x10006734       0x44 CMakeFiles/sd_fat_spi.dir/C_/VSARM/sdk/pico/pico-sdk/lib/tinyusb/src/class/cdc/cdc_device.c.obj
                0x10006734                tud_cdc_n_connected
 .text.tud_cdc_n_available
                0x10006778       0x18 CMakeFiles/sd_fat_spi.dir/C_/VSARM/sdk/pico/pico-sdk/lib/tinyusb/src/class/cdc/cdc_device.c.obj
                0x10006778                tud_cdc_n_available
 .text.tud_cdc_n_read
                0x10006790       0x28 CMakeFiles/sd_fat_spi.dir/C_/VSARM/sdk/pico/pico-sdk/lib/tinyusb/src/class/cdc/cdc_device.c.obj
                0x10006790                tud_cdc_n_read
 .text.tud_cdc_n_write_flush
                0x100067b8       0xcc CMakeFiles/sd_fat_spi.dir/C_/VSARM/sdk/pico/pico-sdk/lib/tinyusb/src/class/cdc/cdc_device.c.obj
                0x100067b8                tud_cdc_n_write_flush
 .text.tud_cdc_n_write
                0x10006884       0x38 CMakeFiles/sd_fat_spi.dir/C_/VSARM/sdk/pico/pico-sdk/lib/tinyusb/src/class/cdc/cdc_device.c.obj
                0x10006884                tud_cdc_n_write
 .text.tud_cdc_n_write_available
                0x100068bc       0x1c CMakeFiles/sd_fat_spi.dir/C_/VSARM/sdk/pico/pico-sdk/lib/tinyusb/src/class/cdc/cdc_device.c.obj
                0x100068bc                tud_cdc_n_write_available
 .text.cdcd_init
                0x100068d8       0xbc CMakeFiles/sd_fat_spi.dir/C_/VSARM/sdk/pico/pico-sdk/lib/tinyusb/src/class/cdc/cdc_device.c.obj
                0x100068d8                cdcd_init
 .text.cdcd_reset
                0x10006994       0x44 CMakeFiles/sd_fat_spi.dir/C_/VSARM/sdk/pico/pico-sdk/lib/tinyusb/src/class/cdc/cdc_device.c.obj
                0x10006994                cdcd_reset
 .text.cdcd_open
                0x100069d8       0xf8 CMakeFiles/sd_fat_spi.dir/C_/VSARM/sdk/pico/pico-sdk/lib/tinyusb/src/class/cdc/cdc_device.c.obj
                0x100069d8                cdcd_open
 .text.cdcd_control_xfer_cb
                0x10006ad0      0x134 CMakeFiles/sd_fat_spi.dir/C_/VSARM/sdk/pico/pico-sdk/lib/tinyusb/src/class/cdc/cdc_device.c.obj
                0x10006ad0                cdcd_control_xfer_cb
 .text.cdcd_xfer_cb
                0x10006c04      0x144 CMakeFiles/sd_fat_spi.dir/C_/VSARM/sdk/pico/pico-sdk/lib/tinyusb/src/class/cdc/cdc_device.c.obj
                0x10006c04                cdcd_xfer_cb
 .text.tusb_init
                0x10006d48       0x24 CMakeFiles/sd_fat_spi.dir/C_/VSARM/sdk/pico/pico-sdk/lib/tinyusb/src/tusb.c.obj
                0x10006d48                tusb_init
 .text.tusb_inited
                0x10006d6c        0xe CMakeFiles/sd_fat_spi.dir/C_/VSARM/sdk/pico/pico-sdk/lib/tinyusb/src/tusb.c.obj
                0x10006d6c                tusb_inited
 *fill*         0x10006d7a        0x2 
 .text.tu_edpt_validate
                0x10006d7c       0xa8 CMakeFiles/sd_fat_spi.dir/C_/VSARM/sdk/pico/pico-sdk/lib/tinyusb/src/tusb.c.obj
                0x10006d7c                tu_edpt_validate
 .text.tu_edpt_bind_driver
                0x10006e24       0x2a CMakeFiles/sd_fat_spi.dir/C_/VSARM/sdk/pico/pico-sdk/lib/tinyusb/src/tusb.c.obj
                0x10006e24                tu_edpt_bind_driver
 .text.advance_pointer
                0x10006e4e       0x18 CMakeFiles/sd_fat_spi.dir/C_/VSARM/sdk/pico/pico-sdk/lib/tinyusb/src/common/tusb_fifo.c.obj
 .text.backward_pointer
                0x10006e66       0x1e CMakeFiles/sd_fat_spi.dir/C_/VSARM/sdk/pico/pico-sdk/lib/tinyusb/src/common/tusb_fifo.c.obj
 .text.get_relative_pointer
                0x10006e84       0x10 CMakeFiles/sd_fat_spi.dir/C_/VSARM/sdk/pico/pico-sdk/lib/tinyusb/src/common/tusb_fifo.c.obj
 .text._tu_fifo_peek
                0x10006e94       0x50 CMakeFiles/sd_fat_spi.dir/C_/VSARM/sdk/pico/pico-sdk/lib/tinyusb/src/common/tusb_fifo.c.obj
 .text._ff_pull_const_addr
                0x10006ee4       0x4c CMakeFiles/sd_fat_spi.dir/C_/VSARM/sdk/pico/pico-sdk/lib/tinyusb/src/common/tusb_fifo.c.obj
 .text._ff_pull_n
                0x10006f30      0x10c CMakeFiles/sd_fat_spi.dir/C_/VSARM/sdk/pico/pico-sdk/lib/tinyusb/src/common/tusb_fifo.c.obj
 .text._tu_fifo_peek_n
                0x1000703c       0x5e CMakeFiles/sd_fat_spi.dir/C_/VSARM/sdk/pico/pico-sdk/lib/tinyusb/src/common/tusb_fifo.c.obj
 .text._tu_fifo_read_n
                0x1000709a       0x4e CMakeFiles/sd_fat_spi.dir/C_/VSARM/sdk/pico/pico-sdk/lib/tinyusb/src/common/tusb_fifo.c.obj
 .text._ff_push_const_addr
                0x100070e8       0x40 CMakeFiles/sd_fat_spi.dir/C_/VSARM/sdk/pico/pico-sdk/lib/tinyusb/src/common/tusb_fifo.c.obj
 .text._ff_push_n
                0x10007128      0x108 CMakeFiles/sd_fat_spi.dir/C_/VSARM/sdk/pico/pico-sdk/lib/tinyusb/src/common/tusb_fifo.c.obj
 .text._tu_fifo_write_n
                0x10007230       0x9e CMakeFiles/sd_fat_spi.dir/C_/VSARM/sdk/pico/pico-sdk/lib/tinyusb/src/common/tusb_fifo.c.obj
 .text.tu_fifo_config
                0x100072ce       0x72 CMakeFiles/sd_fat_spi.dir/C_/VSARM/sdk/pico/pico-sdk/lib/tinyusb/src/common/tusb_fifo.c.obj
                0x100072ce                tu_fifo_config
 .text.tu_fifo_count
                0x10007340       0x26 CMakeFiles/sd_fat_spi.dir/C_/VSARM/sdk/pico/pico-sdk/lib/tinyusb/src/common/tusb_fifo.c.obj
                0x10007340                tu_fifo_count
 .text.tu_fifo_empty
                0x10007366       0x10 CMakeFiles/sd_fat_spi.dir/C_/VSARM/sdk/pico/pico-sdk/lib/tinyusb/src/common/tusb_fifo.c.obj
                0x10007366                tu_fifo_empty
 .text.tu_fifo_remaining
                0x10007376       0x20 CMakeFiles/sd_fat_spi.dir/C_/VSARM/sdk/pico/pico-sdk/lib/tinyusb/src/common/tusb_fifo.c.obj
                0x10007376                tu_fifo_remaining
 .text.tu_fifo_read
                0x10007396       0x42 CMakeFiles/sd_fat_spi.dir/C_/VSARM/sdk/pico/pico-sdk/lib/tinyusb/src/common/tusb_fifo.c.obj
                0x10007396                tu_fifo_read
 .text.tu_fifo_read_n
                0x100073d8        0xa CMakeFiles/sd_fat_spi.dir/C_/VSARM/sdk/pico/pico-sdk/lib/tinyusb/src/common/tusb_fifo.c.obj
                0x100073d8                tu_fifo_read_n
 .text.tu_fifo_write
                0x100073e2       0x6c CMakeFiles/sd_fat_spi.dir/C_/VSARM/sdk/pico/pico-sdk/lib/tinyusb/src/common/tusb_fifo.c.obj
                0x100073e2                tu_fifo_write
 .text.tu_fifo_write_n
                0x1000744e        0xa CMakeFiles/sd_fat_spi.dir/C_/VSARM/sdk/pico/pico-sdk/lib/tinyusb/src/common/tusb_fifo.c.obj
                0x1000744e                tu_fifo_write_n
 .text.tu_fifo_clear
                0x10007458       0x4c CMakeFiles/sd_fat_spi.dir/C_/VSARM/sdk/pico/pico-sdk/lib/tinyusb/src/common/tusb_fifo.c.obj
                0x10007458                tu_fifo_clear
 .text.tu_fifo_set_overwritable
                0x100074a4       0x3c CMakeFiles/sd_fat_spi.dir/C_/VSARM/sdk/pico/pico-sdk/lib/tinyusb/src/common/tusb_fifo.c.obj
                0x100074a4                tu_fifo_set_overwritable
 .text._retrieve_unique_id_on_boot
                0x100074e0       0x10 CMakeFiles/sd_fat_spi.dir/C_/VSARM/sdk/pico/pico-sdk/src/rp2_common/pico_unique_id/unique_id.c.obj
 .text.pico_get_unique_board_id_string
                0x100074f0       0x60 CMakeFiles/sd_fat_spi.dir/C_/VSARM/sdk/pico/pico-sdk/src/rp2_common/pico_unique_id/unique_id.c.obj
                0x100074f0                pico_get_unique_board_id_string
 .text.flash_get_unique_id
                0x10007550       0x46 CMakeFiles/sd_fat_spi.dir/C_/VSARM/sdk/pico/pico-sdk/src/rp2_common/hardware_flash/flash.c.obj
                0x10007550                flash_get_unique_id
 .text.ff_memalloc
                0x10007596        0x8 CMakeFiles/sd_fat_spi.dir/lib/no-OS-FatFS-SD-SPI-RPi-Pico/FatFs_SPI/ff14a/source/ffsystem.c.obj
                0x10007596                ff_memalloc
 .text.ff_memfree
                0x1000759e        0x8 CMakeFiles/sd_fat_spi.dir/lib/no-OS-FatFS-SD-SPI-RPi-Pico/FatFs_SPI/ff14a/source/ffsystem.c.obj
                0x1000759e                ff_memfree
 *fill*         0x100075a6        0x2 
 .text.ff_uni2oem
                0x100075a8       0x44 CMakeFiles/sd_fat_spi.dir/lib/no-OS-FatFS-SD-SPI-RPi-Pico/FatFs_SPI/ff14a/source/ffunicode.c.obj
                0x100075a8                ff_uni2oem
 .text.ff_wtoupper
                0x100075ec       0xa8 CMakeFiles/sd_fat_spi.dir/lib/no-OS-FatFS-SD-SPI-RPi-Pico/FatFs_SPI/ff14a/source/ffunicode.c.obj
                0x100075ec                ff_wtoupper
 .text.ld_word  0x10007694        0xa CMakeFiles/sd_fat_spi.dir/lib/no-OS-FatFS-SD-SPI-RPi-Pico/FatFs_SPI/ff14a/source/ff.c.obj
 .text.ld_dword
                0x1000769e       0x18 CMakeFiles/sd_fat_spi.dir/lib/no-OS-FatFS-SD-SPI-RPi-Pico/FatFs_SPI/ff14a/source/ff.c.obj
 .text.ld_qword
                0x100076b6       0x42 CMakeFiles/sd_fat_spi.dir/lib/no-OS-FatFS-SD-SPI-RPi-Pico/FatFs_SPI/ff14a/source/ff.c.obj
 .text.st_word  0x100076f8        0x8 CMakeFiles/sd_fat_spi.dir/lib/no-OS-FatFS-SD-SPI-RPi-Pico/FatFs_SPI/ff14a/source/ff.c.obj
 .text.st_dword
                0x10007700       0x10 CMakeFiles/sd_fat_spi.dir/lib/no-OS-FatFS-SD-SPI-RPi-Pico/FatFs_SPI/ff14a/source/ff.c.obj
 .text.st_qword
                0x10007710       0x1e CMakeFiles/sd_fat_spi.dir/lib/no-OS-FatFS-SD-SPI-RPi-Pico/FatFs_SPI/ff14a/source/ff.c.obj
 .text.mem_cpy  0x1000772e       0x16 CMakeFiles/sd_fat_spi.dir/lib/no-OS-FatFS-SD-SPI-RPi-Pico/FatFs_SPI/ff14a/source/ff.c.obj
 .text.mem_set  0x10007744        0xc CMakeFiles/sd_fat_spi.dir/lib/no-OS-FatFS-SD-SPI-RPi-Pico/FatFs_SPI/ff14a/source/ff.c.obj
 .text.mem_cmp  0x10007750       0x1a CMakeFiles/sd_fat_spi.dir/lib/no-OS-FatFS-SD-SPI-RPi-Pico/FatFs_SPI/ff14a/source/ff.c.obj
 .text.chk_chr  0x1000776a       0x12 CMakeFiles/sd_fat_spi.dir/lib/no-OS-FatFS-SD-SPI-RPi-Pico/FatFs_SPI/ff14a/source/ff.c.obj
 .text.dbc_1st  0x1000777c        0x4 CMakeFiles/sd_fat_spi.dir/lib/no-OS-FatFS-SD-SPI-RPi-Pico/FatFs_SPI/ff14a/source/ff.c.obj
 .text.tchar2uni
                0x10007780       0xd0 CMakeFiles/sd_fat_spi.dir/lib/no-OS-FatFS-SD-SPI-RPi-Pico/FatFs_SPI/ff14a/source/ff.c.obj
 .text.chk_lock
                0x10007850       0x78 CMakeFiles/sd_fat_spi.dir/lib/no-OS-FatFS-SD-SPI-RPi-Pico/FatFs_SPI/ff14a/source/ff.c.obj
 .text.enq_lock
                0x100078c8       0x20 CMakeFiles/sd_fat_spi.dir/lib/no-OS-FatFS-SD-SPI-RPi-Pico/FatFs_SPI/ff14a/source/ff.c.obj
 .text.inc_lock
                0x100078e8       0xa8 CMakeFiles/sd_fat_spi.dir/lib/no-OS-FatFS-SD-SPI-RPi-Pico/FatFs_SPI/ff14a/source/ff.c.obj
 .text.dec_lock
                0x10007990       0x44 CMakeFiles/sd_fat_spi.dir/lib/no-OS-FatFS-SD-SPI-RPi-Pico/FatFs_SPI/ff14a/source/ff.c.obj
 .text.clear_lock
                0x100079d4       0x24 CMakeFiles/sd_fat_spi.dir/lib/no-OS-FatFS-SD-SPI-RPi-Pico/FatFs_SPI/ff14a/source/ff.c.obj
 .text.clst2sect
                0x100079f8       0x28 CMakeFiles/sd_fat_spi.dir/lib/no-OS-FatFS-SD-SPI-RPi-Pico/FatFs_SPI/ff14a/source/ff.c.obj
 .text.clmt_clust
                0x10007a20       0x30 CMakeFiles/sd_fat_spi.dir/lib/no-OS-FatFS-SD-SPI-RPi-Pico/FatFs_SPI/ff14a/source/ff.c.obj
 .text.ld_clust
                0x10007a50       0x26 CMakeFiles/sd_fat_spi.dir/lib/no-OS-FatFS-SD-SPI-RPi-Pico/FatFs_SPI/ff14a/source/ff.c.obj
 .text.st_clust
                0x10007a76       0x26 CMakeFiles/sd_fat_spi.dir/lib/no-OS-FatFS-SD-SPI-RPi-Pico/FatFs_SPI/ff14a/source/ff.c.obj
 .text.pick_lfn
                0x10007a9c       0x94 CMakeFiles/sd_fat_spi.dir/lib/no-OS-FatFS-SD-SPI-RPi-Pico/FatFs_SPI/ff14a/source/ff.c.obj
 .text.put_lfn  0x10007b30       0x8c CMakeFiles/sd_fat_spi.dir/lib/no-OS-FatFS-SD-SPI-RPi-Pico/FatFs_SPI/ff14a/source/ff.c.obj
 .text.gen_numname
                0x10007bbc       0xa8 CMakeFiles/sd_fat_spi.dir/lib/no-OS-FatFS-SD-SPI-RPi-Pico/FatFs_SPI/ff14a/source/ff.c.obj
 .text.sum_sfn  0x10007c64       0x20 CMakeFiles/sd_fat_spi.dir/lib/no-OS-FatFS-SD-SPI-RPi-Pico/FatFs_SPI/ff14a/source/ff.c.obj
 .text.xdir_sum
                0x10007c84       0x2e CMakeFiles/sd_fat_spi.dir/lib/no-OS-FatFS-SD-SPI-RPi-Pico/FatFs_SPI/ff14a/source/ff.c.obj
 .text.init_alloc_info
                0x10007cb2       0x2e CMakeFiles/sd_fat_spi.dir/lib/no-OS-FatFS-SD-SPI-RPi-Pico/FatFs_SPI/ff14a/source/ff.c.obj
 .text.get_ldnumber
                0x10007ce0       0x5c CMakeFiles/sd_fat_spi.dir/lib/no-OS-FatFS-SD-SPI-RPi-Pico/FatFs_SPI/ff14a/source/ff.c.obj
 .text.crc32    0x10007d3c       0x2c CMakeFiles/sd_fat_spi.dir/lib/no-OS-FatFS-SD-SPI-RPi-Pico/FatFs_SPI/ff14a/source/ff.c.obj
 .text.test_gpt_header
                0x10007d68       0x64 CMakeFiles/sd_fat_spi.dir/lib/no-OS-FatFS-SD-SPI-RPi-Pico/FatFs_SPI/ff14a/source/ff.c.obj
 .text.putc_init
                0x10007dcc       0x12 CMakeFiles/sd_fat_spi.dir/lib/no-OS-FatFS-SD-SPI-RPi-Pico/FatFs_SPI/ff14a/source/ff.c.obj
 .text.validate
                0x10007dde       0x52 CMakeFiles/sd_fat_spi.dir/lib/no-OS-FatFS-SD-SPI-RPi-Pico/FatFs_SPI/ff14a/source/ff.c.obj
 .text.sync_window
                0x10007e30       0x70 CMakeFiles/sd_fat_spi.dir/lib/no-OS-FatFS-SD-SPI-RPi-Pico/FatFs_SPI/ff14a/source/ff.c.obj
 .text.move_window
                0x10007ea0       0x4c CMakeFiles/sd_fat_spi.dir/lib/no-OS-FatFS-SD-SPI-RPi-Pico/FatFs_SPI/ff14a/source/ff.c.obj
 .text.check_fs
                0x10007eec       0xdc CMakeFiles/sd_fat_spi.dir/lib/no-OS-FatFS-SD-SPI-RPi-Pico/FatFs_SPI/ff14a/source/ff.c.obj
 .text.find_volume
                0x10007fc8      0x14c CMakeFiles/sd_fat_spi.dir/lib/no-OS-FatFS-SD-SPI-RPi-Pico/FatFs_SPI/ff14a/source/ff.c.obj
 .text.mount_volume
                0x10008114      0x540 CMakeFiles/sd_fat_spi.dir/lib/no-OS-FatFS-SD-SPI-RPi-Pico/FatFs_SPI/ff14a/source/ff.c.obj
 .text.find_bitmap
                0x10008654       0xa6 CMakeFiles/sd_fat_spi.dir/lib/no-OS-FatFS-SD-SPI-RPi-Pico/FatFs_SPI/ff14a/source/ff.c.obj
 .text.change_bitmap
                0x100086fa       0x96 CMakeFiles/sd_fat_spi.dir/lib/no-OS-FatFS-SD-SPI-RPi-Pico/FatFs_SPI/ff14a/source/ff.c.obj
 .text.put_fat  0x10008790      0x176 CMakeFiles/sd_fat_spi.dir/lib/no-OS-FatFS-SD-SPI-RPi-Pico/FatFs_SPI/ff14a/source/ff.c.obj
 .text.fill_last_frag
                0x10008906       0x32 CMakeFiles/sd_fat_spi.dir/lib/no-OS-FatFS-SD-SPI-RPi-Pico/FatFs_SPI/ff14a/source/ff.c.obj
 .text.fill_first_frag
                0x10008938       0x32 CMakeFiles/sd_fat_spi.dir/lib/no-OS-FatFS-SD-SPI-RPi-Pico/FatFs_SPI/ff14a/source/ff.c.obj
 *fill*         0x1000896a        0x2 
 .text.get_fat  0x1000896c      0x1ac CMakeFiles/sd_fat_spi.dir/lib/no-OS-FatFS-SD-SPI-RPi-Pico/FatFs_SPI/ff14a/source/ff.c.obj
 .text.create_chain
                0x10008b18      0x1c6 CMakeFiles/sd_fat_spi.dir/lib/no-OS-FatFS-SD-SPI-RPi-Pico/FatFs_SPI/ff14a/source/ff.c.obj
 .text.dir_sdi  0x10008cde       0xd4 CMakeFiles/sd_fat_spi.dir/lib/no-OS-FatFS-SD-SPI-RPi-Pico/FatFs_SPI/ff14a/source/ff.c.obj
 .text.remove_chain
                0x10008db2      0x14c CMakeFiles/sd_fat_spi.dir/lib/no-OS-FatFS-SD-SPI-RPi-Pico/FatFs_SPI/ff14a/source/ff.c.obj
 .text.dir_clear
                0x10008efe       0xf0 CMakeFiles/sd_fat_spi.dir/lib/no-OS-FatFS-SD-SPI-RPi-Pico/FatFs_SPI/ff14a/source/ff.c.obj
 .text.dir_next
                0x10008fee      0x104 CMakeFiles/sd_fat_spi.dir/lib/no-OS-FatFS-SD-SPI-RPi-Pico/FatFs_SPI/ff14a/source/ff.c.obj
 .text.load_xdir
                0x100090f2      0x10c CMakeFiles/sd_fat_spi.dir/lib/no-OS-FatFS-SD-SPI-RPi-Pico/FatFs_SPI/ff14a/source/ff.c.obj
 .text.load_obj_xdir
                0x100091fe       0x36 CMakeFiles/sd_fat_spi.dir/lib/no-OS-FatFS-SD-SPI-RPi-Pico/FatFs_SPI/ff14a/source/ff.c.obj
 .text.dir_read
                0x10009234      0x114 CMakeFiles/sd_fat_spi.dir/lib/no-OS-FatFS-SD-SPI-RPi-Pico/FatFs_SPI/ff14a/source/ff.c.obj
 .text.dir_alloc
                0x10009348       0x70 CMakeFiles/sd_fat_spi.dir/lib/no-OS-FatFS-SD-SPI-RPi-Pico/FatFs_SPI/ff14a/source/ff.c.obj
 .text.store_xdir
                0x100093b8       0x66 CMakeFiles/sd_fat_spi.dir/lib/no-OS-FatFS-SD-SPI-RPi-Pico/FatFs_SPI/ff14a/source/ff.c.obj
 *fill*         0x1000941e        0x2 
 .text.create_name
                0x10009420      0x31c CMakeFiles/sd_fat_spi.dir/lib/no-OS-FatFS-SD-SPI-RPi-Pico/FatFs_SPI/ff14a/source/ff.c.obj
 .text.xname_sum
                0x1000973c       0x38 CMakeFiles/sd_fat_spi.dir/lib/no-OS-FatFS-SD-SPI-RPi-Pico/FatFs_SPI/ff14a/source/ff.c.obj
 .text.create_xdir
                0x10009774       0x90 CMakeFiles/sd_fat_spi.dir/lib/no-OS-FatFS-SD-SPI-RPi-Pico/FatFs_SPI/ff14a/source/ff.c.obj
 .text.cmp_lfn  0x10009804       0xb0 CMakeFiles/sd_fat_spi.dir/lib/no-OS-FatFS-SD-SPI-RPi-Pico/FatFs_SPI/ff14a/source/ff.c.obj
 .text.dir_find
                0x100098b4      0x18c CMakeFiles/sd_fat_spi.dir/lib/no-OS-FatFS-SD-SPI-RPi-Pico/FatFs_SPI/ff14a/source/ff.c.obj
 .text.follow_path
                0x10009a40      0x11a CMakeFiles/sd_fat_spi.dir/lib/no-OS-FatFS-SD-SPI-RPi-Pico/FatFs_SPI/ff14a/source/ff.c.obj
 .text.dir_register
                0x10009b5a      0x214 CMakeFiles/sd_fat_spi.dir/lib/no-OS-FatFS-SD-SPI-RPi-Pico/FatFs_SPI/ff14a/source/ff.c.obj
 *fill*         0x10009d6e        0x2 
 .text.sync_fs  0x10009d70       0xa8 CMakeFiles/sd_fat_spi.dir/lib/no-OS-FatFS-SD-SPI-RPi-Pico/FatFs_SPI/ff14a/source/ff.c.obj
 .text.f_mount  0x10009e18       0x5c CMakeFiles/sd_fat_spi.dir/lib/no-OS-FatFS-SD-SPI-RPi-Pico/FatFs_SPI/ff14a/source/ff.c.obj
                0x10009e18                f_mount
 .text.f_open   0x10009e74      0x35c CMakeFiles/sd_fat_spi.dir/lib/no-OS-FatFS-SD-SPI-RPi-Pico/FatFs_SPI/ff14a/source/ff.c.obj
                0x10009e74                f_open
 .text.f_read   0x1000a1d0      0x250 CMakeFiles/sd_fat_spi.dir/lib/no-OS-FatFS-SD-SPI-RPi-Pico/FatFs_SPI/ff14a/source/ff.c.obj
                0x1000a1d0                f_read
 .text.f_write  0x1000a420      0x2a0 CMakeFiles/sd_fat_spi.dir/lib/no-OS-FatFS-SD-SPI-RPi-Pico/FatFs_SPI/ff14a/source/ff.c.obj
                0x1000a420                f_write
 .text.putc_bfd
                0x1000a6c0      0x18c CMakeFiles/sd_fat_spi.dir/lib/no-OS-FatFS-SD-SPI-RPi-Pico/FatFs_SPI/ff14a/source/ff.c.obj
 .text.putc_flush
                0x1000a84c       0x3c CMakeFiles/sd_fat_spi.dir/lib/no-OS-FatFS-SD-SPI-RPi-Pico/FatFs_SPI/ff14a/source/ff.c.obj
 .text.f_sync   0x1000a888      0x17e CMakeFiles/sd_fat_spi.dir/lib/no-OS-FatFS-SD-SPI-RPi-Pico/FatFs_SPI/ff14a/source/ff.c.obj
                0x1000a888                f_sync
 .text.f_close  0x1000aa06       0x2e CMakeFiles/sd_fat_spi.dir/lib/no-OS-FatFS-SD-SPI-RPi-Pico/FatFs_SPI/ff14a/source/ff.c.obj
                0x1000aa06                f_close
 .text.f_gets   0x1000aa34      0x17c CMakeFiles/sd_fat_spi.dir/lib/no-OS-FatFS-SD-SPI-RPi-Pico/FatFs_SPI/ff14a/source/ff.c.obj
                0x1000aa34                f_gets
 .text.f_printf
                0x1000abb0      0x280 CMakeFiles/sd_fat_spi.dir/lib/no-OS-FatFS-SD-SPI-RPi-Pico/FatFs_SPI/ff14a/source/ff.c.obj
                0x1000abb0                f_printf
 .text.sd_spi_deselect
                0x1000ae30       0x2c CMakeFiles/sd_fat_spi.dir/lib/no-OS-FatFS-SD-SPI-RPi-Pico/FatFs_SPI/sd_driver/sd_spi.c.obj
 .text.sd_spi_select
                0x1000ae5c       0x2c CMakeFiles/sd_fat_spi.dir/lib/no-OS-FatFS-SD-SPI-RPi-Pico/FatFs_SPI/sd_driver/sd_spi.c.obj
 .text.sd_spi_lock
                0x1000ae88        0xa CMakeFiles/sd_fat_spi.dir/lib/no-OS-FatFS-SD-SPI-RPi-Pico/FatFs_SPI/sd_driver/sd_spi.c.obj
 .text.sd_spi_unlock
                0x1000ae92        0xa CMakeFiles/sd_fat_spi.dir/lib/no-OS-FatFS-SD-SPI-RPi-Pico/FatFs_SPI/sd_driver/sd_spi.c.obj
 .text.sd_spi_go_high_frequency
                0x1000ae9c       0x20 CMakeFiles/sd_fat_spi.dir/lib/no-OS-FatFS-SD-SPI-RPi-Pico/FatFs_SPI/sd_driver/sd_spi.c.obj
                0x1000ae9c                sd_spi_go_high_frequency
 .text.sd_spi_go_low_frequency
                0x1000aebc       0x24 CMakeFiles/sd_fat_spi.dir/lib/no-OS-FatFS-SD-SPI-RPi-Pico/FatFs_SPI/sd_driver/sd_spi.c.obj
                0x1000aebc                sd_spi_go_low_frequency
 .text.sd_spi_deselect_pulse
                0x1000aee0       0x10 CMakeFiles/sd_fat_spi.dir/lib/no-OS-FatFS-SD-SPI-RPi-Pico/FatFs_SPI/sd_driver/sd_spi.c.obj
                0x1000aee0                sd_spi_deselect_pulse
 .text.sd_spi_acquire
                0x1000aef0       0x10 CMakeFiles/sd_fat_spi.dir/lib/no-OS-FatFS-SD-SPI-RPi-Pico/FatFs_SPI/sd_driver/sd_spi.c.obj
                0x1000aef0                sd_spi_acquire
 .text.sd_spi_release
                0x1000af00       0x10 CMakeFiles/sd_fat_spi.dir/lib/no-OS-FatFS-SD-SPI-RPi-Pico/FatFs_SPI/sd_driver/sd_spi.c.obj
                0x1000af00                sd_spi_release
 .text.sd_spi_transfer
                0x1000af10        0xa CMakeFiles/sd_fat_spi.dir/lib/no-OS-FatFS-SD-SPI-RPi-Pico/FatFs_SPI/sd_driver/sd_spi.c.obj
                0x1000af10                sd_spi_transfer
 *fill*         0x1000af1a        0x2 
 .text.sd_spi_write
                0x1000af1c       0x44 CMakeFiles/sd_fat_spi.dir/lib/no-OS-FatFS-SD-SPI-RPi-Pico/FatFs_SPI/sd_driver/sd_spi.c.obj
                0x1000af1c                sd_spi_write
 .text.sd_spi_send_initializing_sequence
                0x1000af60       0xc0 CMakeFiles/sd_fat_spi.dir/lib/no-OS-FatFS-SD-SPI-RPi-Pico/FatFs_SPI/sd_driver/sd_spi.c.obj
                0x1000af60                sd_spi_send_initializing_sequence
 .text.spi_dma_isr
                0x1000b020       0x10 CMakeFiles/sd_fat_spi.dir/lib/no-OS-FatFS-SD-SPI-RPi-Pico/FatFs_SPI/sd_driver/hw_config.c.obj
                0x1000b020                spi_dma_isr
 .text.sd_get_num
                0x1000b030        0x4 CMakeFiles/sd_fat_spi.dir/lib/no-OS-FatFS-SD-SPI-RPi-Pico/FatFs_SPI/sd_driver/hw_config.c.obj
                0x1000b030                sd_get_num
 .text.sd_get_by_num
                0x1000b034       0x24 CMakeFiles/sd_fat_spi.dir/lib/no-OS-FatFS-SD-SPI-RPi-Pico/FatFs_SPI/sd_driver/hw_config.c.obj
                0x1000b034                sd_get_by_num
 .text.spi_get_num
                0x1000b058        0x4 CMakeFiles/sd_fat_spi.dir/lib/no-OS-FatFS-SD-SPI-RPi-Pico/FatFs_SPI/sd_driver/hw_config.c.obj
                0x1000b058                spi_get_num
 .text.spi_get_by_num
                0x1000b05c       0x1c CMakeFiles/sd_fat_spi.dir/lib/no-OS-FatFS-SD-SPI-RPi-Pico/FatFs_SPI/sd_driver/hw_config.c.obj
                0x1000b05c                spi_get_by_num
 .text.spi_lock
                0x1000b078       0x30 CMakeFiles/sd_fat_spi.dir/lib/no-OS-FatFS-SD-SPI-RPi-Pico/FatFs_SPI/sd_driver/spi.c.obj
                0x1000b078                spi_lock
 .text.spi_unlock
                0x1000b0a8       0x30 CMakeFiles/sd_fat_spi.dir/lib/no-OS-FatFS-SD-SPI-RPi-Pico/FatFs_SPI/sd_driver/spi.c.obj
                0x1000b0a8                spi_unlock
 .text.my_spi_init
                0x1000b0d8      0x250 CMakeFiles/sd_fat_spi.dir/lib/no-OS-FatFS-SD-SPI-RPi-Pico/FatFs_SPI/sd_driver/spi.c.obj
                0x1000b0d8                my_spi_init
 .text.ext_bits
                0x1000b328       0x30 CMakeFiles/sd_fat_spi.dir/lib/no-OS-FatFS-SD-SPI-RPi-Pico/FatFs_SPI/sd_driver/sd_card.c.obj
 .text.sd_lock  0x1000b358       0x30 CMakeFiles/sd_fat_spi.dir/lib/no-OS-FatFS-SD-SPI-RPi-Pico/FatFs_SPI/sd_driver/sd_card.c.obj
 .text.sd_acquire
                0x1000b388       0x10 CMakeFiles/sd_fat_spi.dir/lib/no-OS-FatFS-SD-SPI-RPi-Pico/FatFs_SPI/sd_driver/sd_card.c.obj
 .text.sd_cmd_spi
                0x1000b398       0x74 CMakeFiles/sd_fat_spi.dir/lib/no-OS-FatFS-SD-SPI-RPi-Pico/FatFs_SPI/sd_driver/sd_card.c.obj
 .text.sd_unlock
                0x1000b40c       0x30 CMakeFiles/sd_fat_spi.dir/lib/no-OS-FatFS-SD-SPI-RPi-Pico/FatFs_SPI/sd_driver/sd_card.c.obj
 .text.sd_release
                0x1000b43c       0x10 CMakeFiles/sd_fat_spi.dir/lib/no-OS-FatFS-SD-SPI-RPi-Pico/FatFs_SPI/sd_driver/sd_card.c.obj
 .text.sd_wait_token
                0x1000b44c       0x9c CMakeFiles/sd_fat_spi.dir/lib/no-OS-FatFS-SD-SPI-RPi-Pico/FatFs_SPI/sd_driver/sd_card.c.obj
 .text.sd_read_bytes
                0x1000b4e8       0x90 CMakeFiles/sd_fat_spi.dir/lib/no-OS-FatFS-SD-SPI-RPi-Pico/FatFs_SPI/sd_driver/sd_card.c.obj
 .text.sd_read_block
                0x1000b578       0x8c CMakeFiles/sd_fat_spi.dir/lib/no-OS-FatFS-SD-SPI-RPi-Pico/FatFs_SPI/sd_driver/sd_card.c.obj
 .text.sd_wait_ready
                0x1000b604       0xc0 CMakeFiles/sd_fat_spi.dir/lib/no-OS-FatFS-SD-SPI-RPi-Pico/FatFs_SPI/sd_driver/sd_card.c.obj
 .text.sd_cmd   0x1000b6c4      0x2f0 CMakeFiles/sd_fat_spi.dir/lib/no-OS-FatFS-SD-SPI-RPi-Pico/FatFs_SPI/sd_driver/sd_card.c.obj
 .text.sd_cmd8  0x1000b9b4       0x50 CMakeFiles/sd_fat_spi.dir/lib/no-OS-FatFS-SD-SPI-RPi-Pico/FatFs_SPI/sd_driver/sd_card.c.obj
 .text.sd_sectors_nolock
                0x1000ba04      0x144 CMakeFiles/sd_fat_spi.dir/lib/no-OS-FatFS-SD-SPI-RPi-Pico/FatFs_SPI/sd_driver/sd_card.c.obj
 .text.in_sd_read_blocks
                0x1000bb48       0xbc CMakeFiles/sd_fat_spi.dir/lib/no-OS-FatFS-SD-SPI-RPi-Pico/FatFs_SPI/sd_driver/sd_card.c.obj
 .text.sd_go_idle_state
                0x1000bc04       0x44 CMakeFiles/sd_fat_spi.dir/lib/no-OS-FatFS-SD-SPI-RPi-Pico/FatFs_SPI/sd_driver/sd_card.c.obj
 .text.sd_init_card2
                0x1000bc48      0x188 CMakeFiles/sd_fat_spi.dir/lib/no-OS-FatFS-SD-SPI-RPi-Pico/FatFs_SPI/sd_driver/sd_card.c.obj
 .text.sd_write_block
                0x1000bdd0       0x8c CMakeFiles/sd_fat_spi.dir/lib/no-OS-FatFS-SD-SPI-RPi-Pico/FatFs_SPI/sd_driver/sd_card.c.obj
 .text.in_sd_write_blocks
                0x1000be5c       0xf8 CMakeFiles/sd_fat_spi.dir/lib/no-OS-FatFS-SD-SPI-RPi-Pico/FatFs_SPI/sd_driver/sd_card.c.obj
 .text.sd_card_detect
                0x1000bf54       0x50 CMakeFiles/sd_fat_spi.dir/lib/no-OS-FatFS-SD-SPI-RPi-Pico/FatFs_SPI/sd_driver/sd_card.c.obj
                0x1000bf54                sd_card_detect
 .text.sd_sectors
                0x1000bfa4       0x1e CMakeFiles/sd_fat_spi.dir/lib/no-OS-FatFS-SD-SPI-RPi-Pico/FatFs_SPI/sd_driver/sd_card.c.obj
                0x1000bfa4                sd_sectors
 .text.sd_read_blocks
                0x1000bfc2       0x2e CMakeFiles/sd_fat_spi.dir/lib/no-OS-FatFS-SD-SPI-RPi-Pico/FatFs_SPI/sd_driver/sd_card.c.obj
                0x1000bfc2                sd_read_blocks
 .text.sd_write_blocks
                0x1000bff0       0x2e CMakeFiles/sd_fat_spi.dir/lib/no-OS-FatFS-SD-SPI-RPi-Pico/FatFs_SPI/sd_driver/sd_card.c.obj
                0x1000bff0                sd_write_blocks
 *fill*         0x1000c01e        0x2 
 .text.sd_init_driver
                0x1000c020       0xbc CMakeFiles/sd_fat_spi.dir/lib/no-OS-FatFS-SD-SPI-RPi-Pico/FatFs_SPI/sd_driver/sd_card.c.obj
                0x1000c020                sd_init_driver
 .text.sd_init_card
                0x1000c0dc       0xfc CMakeFiles/sd_fat_spi.dir/lib/no-OS-FatFS-SD-SPI-RPi-Pico/FatFs_SPI/sd_driver/sd_card.c.obj
                0x1000c0dc                sd_init_card
 .text.crc7     0x1000c1d8       0x20 CMakeFiles/sd_fat_spi.dir/lib/no-OS-FatFS-SD-SPI-RPi-Pico/FatFs_SPI/sd_driver/crc.c.obj
                0x1000c1d8                crc7
 .text.crc16    0x1000c1f8       0x28 CMakeFiles/sd_fat_spi.dir/lib/no-OS-FatFS-SD-SPI-RPi-Pico/FatFs_SPI/sd_driver/crc.c.obj
                0x1000c1f8                crc16
 .text.sdrc2dresult
                0x1000c220       0x60 CMakeFiles/sd_fat_spi.dir/lib/no-OS-FatFS-SD-SPI-RPi-Pico/FatFs_SPI/src/glue.c.obj
 .text.disk_status
                0x1000c280       0x16 CMakeFiles/sd_fat_spi.dir/lib/no-OS-FatFS-SD-SPI-RPi-Pico/FatFs_SPI/src/glue.c.obj
                0x1000c280                disk_status
 .text.disk_initialize
                0x1000c296       0x16 CMakeFiles/sd_fat_spi.dir/lib/no-OS-FatFS-SD-SPI-RPi-Pico/FatFs_SPI/src/glue.c.obj
                0x1000c296                disk_initialize
 .text.disk_read
                0x1000c2ac       0x2e CMakeFiles/sd_fat_spi.dir/lib/no-OS-FatFS-SD-SPI-RPi-Pico/FatFs_SPI/src/glue.c.obj
                0x1000c2ac                disk_read
 .text.disk_write
                0x1000c2da       0x2e CMakeFiles/sd_fat_spi.dir/lib/no-OS-FatFS-SD-SPI-RPi-Pico/FatFs_SPI/src/glue.c.obj
                0x1000c2da                disk_write
 .text.disk_ioctl
                0x1000c308       0x4c CMakeFiles/sd_fat_spi.dir/lib/no-OS-FatFS-SD-SPI-RPi-Pico/FatFs_SPI/src/glue.c.obj
                0x1000c308                disk_ioctl
 .text.my_printf
                0x1000c354       0x4c CMakeFiles/sd_fat_spi.dir/lib/no-OS-FatFS-SD-SPI-RPi-Pico/FatFs_SPI/src/my_debug.c.obj
                0x1000c354                my_printf
 .text.my_assert_func
                0x1000c3a0       0x2c CMakeFiles/sd_fat_spi.dir/lib/no-OS-FatFS-SD-SPI-RPi-Pico/FatFs_SPI/src/my_debug.c.obj
                0x1000c3a0                my_assert_func
 .text.get_fattime
                0x1000c3cc       0x6c CMakeFiles/sd_fat_spi.dir/lib/no-OS-FatFS-SD-SPI-RPi-Pico/FatFs_SPI/src/rtc.c.obj
                0x1000c3cc                get_fattime
 .text.spi_set_baudrate
                0x1000c438       0x92 CMakeFiles/sd_fat_spi.dir/C_/VSARM/sdk/pico/pico-sdk/src/rp2_common/hardware_spi/spi.c.obj
                0x1000c438                spi_set_baudrate
 *fill*         0x1000c4ca        0x2 
 .text.spi_init
                0x1000c4cc       0x68 CMakeFiles/sd_fat_spi.dir/C_/VSARM/sdk/pico/pico-sdk/src/rp2_common/hardware_spi/spi.c.obj
                0x1000c4cc                spi_init
 .text.dma_claim_unused_channel
                0x1000c534       0x20 CMakeFiles/sd_fat_spi.dir/C_/VSARM/sdk/pico/pico-sdk/src/rp2_common/hardware_dma/dma.c.obj
                0x1000c534                dma_claim_unused_channel
 .text.rtc_running
                0x1000c554       0x10 CMakeFiles/sd_fat_spi.dir/C_/VSARM/sdk/pico/pico-sdk/src/rp2_common/hardware_rtc/rtc.c.obj
                0x1000c554                rtc_running
 .text.rtc_get_datetime
                0x1000c564       0x4c CMakeFiles/sd_fat_spi.dir/C_/VSARM/sdk/pico/pico-sdk/src/rp2_common/hardware_rtc/rtc.c.obj
                0x1000c564                rtc_get_datetime
 .text.__sflush_r
                0x1000c5b0      0x140 c:/vsarm/armcc/bin/../lib/gcc/arm-none-eabi/10.3.1/../../../../arm-none-eabi/lib/thumb/v6-m/nofp\libg.a(lib_a-fflush.o)
                0x1000c5b0                __sflush_r
 .text._fflush_r
                0x1000c6f0       0x6c c:/vsarm/armcc/bin/../lib/gcc/arm-none-eabi/10.3.1/../../../../arm-none-eabi/lib/thumb/v6-m/nofp\libg.a(lib_a-fflush.o)
                0x1000c6f0                _fflush_r
 .text.fflush   0x1000c75c       0x78 c:/vsarm/armcc/bin/../lib/gcc/arm-none-eabi/10.3.1/../../../../arm-none-eabi/lib/thumb/v6-m/nofp\libg.a(lib_a-fflush.o)
                0x1000c75c                fflush
 .text._cleanup_r
                0x1000c7d4       0x10 c:/vsarm/armcc/bin/../lib/gcc/arm-none-eabi/10.3.1/../../../../arm-none-eabi/lib/thumb/v6-m/nofp\libg.a(lib_a-findfp.o)
                0x1000c7d4                _cleanup_r
 .text.__sinit  0x1000c7e4      0x120 c:/vsarm/armcc/bin/../lib/gcc/arm-none-eabi/10.3.1/../../../../arm-none-eabi/lib/thumb/v6-m/nofp\libg.a(lib_a-findfp.o)
                0x1000c7e4                __sinit
 .text.__sfp_lock_acquire
                0x1000c904       0x10 c:/vsarm/armcc/bin/../lib/gcc/arm-none-eabi/10.3.1/../../../../arm-none-eabi/lib/thumb/v6-m/nofp\libg.a(lib_a-findfp.o)
                0x1000c904                __sfp_lock_acquire
 .text.__sfp_lock_release
                0x1000c914       0x10 c:/vsarm/armcc/bin/../lib/gcc/arm-none-eabi/10.3.1/../../../../arm-none-eabi/lib/thumb/v6-m/nofp\libg.a(lib_a-findfp.o)
                0x1000c914                __sfp_lock_release
 .text._malloc_trim_r
                0x1000c924       0x9c c:/vsarm/armcc/bin/../lib/gcc/arm-none-eabi/10.3.1/../../../../arm-none-eabi/lib/thumb/v6-m/nofp\libg.a(lib_a-freer.o)
                0x1000c924                _malloc_trim_r
 .text._free_r  0x1000c9c0      0x1c4 c:/vsarm/armcc/bin/../lib/gcc/arm-none-eabi/10.3.1/../../../../arm-none-eabi/lib/thumb/v6-m/nofp\libg.a(lib_a-freer.o)
                0x1000c9c0                _free_r
 .text._fwalk_reent
                0x1000cb84       0x48 c:/vsarm/armcc/bin/../lib/gcc/arm-none-eabi/10.3.1/../../../../arm-none-eabi/lib/thumb/v6-m/nofp\libg.a(lib_a-fwalk.o)
                0x1000cb84                _fwalk_reent
 .text.__retarget_lock_init_recursive
                0x1000cbcc        0x4 c:/vsarm/armcc/bin/../lib/gcc/arm-none-eabi/10.3.1/../../../../arm-none-eabi/lib/thumb/v6-m/nofp\libg.a(lib_a-lock.o)
                0x1000cbcc                __retarget_lock_init_recursive
 .text.__retarget_lock_close_recursive
                0x1000cbd0        0x4 c:/vsarm/armcc/bin/../lib/gcc/arm-none-eabi/10.3.1/../../../../arm-none-eabi/lib/thumb/v6-m/nofp\libg.a(lib_a-lock.o)
                0x1000cbd0                __retarget_lock_close_recursive
 .text.__retarget_lock_acquire_recursive
                0x1000cbd4        0x4 c:/vsarm/armcc/bin/../lib/gcc/arm-none-eabi/10.3.1/../../../../arm-none-eabi/lib/thumb/v6-m/nofp\libg.a(lib_a-lock.o)
                0x1000cbd4                __retarget_lock_acquire_recursive
 .text.__retarget_lock_release_recursive
                0x1000cbd8        0x4 c:/vsarm/armcc/bin/../lib/gcc/arm-none-eabi/10.3.1/../../../../arm-none-eabi/lib/thumb/v6-m/nofp\libg.a(lib_a-lock.o)
                0x1000cbd8                __retarget_lock_release_recursive
 .text.malloc   0x1000cbdc       0x14 c:/vsarm/armcc/bin/../lib/gcc/arm-none-eabi/10.3.1/../../../../arm-none-eabi/lib/thumb/v6-m/nofp\libg.a(lib_a-malloc.o)
                0x1000cbdc                malloc
 .text.free     0x1000cbf0       0x14 c:/vsarm/armcc/bin/../lib/gcc/arm-none-eabi/10.3.1/../../../../arm-none-eabi/lib/thumb/v6-m/nofp\libg.a(lib_a-malloc.o)
                0x1000cbf0                free
 .text._malloc_r
                0x1000cc04      0x584 c:/vsarm/armcc/bin/../lib/gcc/arm-none-eabi/10.3.1/../../../../arm-none-eabi/lib/thumb/v6-m/nofp\libg.a(lib_a-mallocr.o)
                0x1000cc04                _malloc_r
 .text.__malloc_lock
                0x1000d188       0x10 c:/vsarm/armcc/bin/../lib/gcc/arm-none-eabi/10.3.1/../../../../arm-none-eabi/lib/thumb/v6-m/nofp\libg.a(lib_a-mlock.o)
                0x1000d188                __malloc_lock
 .text.__malloc_unlock
                0x1000d198       0x10 c:/vsarm/armcc/bin/../lib/gcc/arm-none-eabi/10.3.1/../../../../arm-none-eabi/lib/thumb/v6-m/nofp\libg.a(lib_a-mlock.o)
                0x1000d198                __malloc_unlock
 .text._sbrk_r  0x1000d1a8       0x24 c:/vsarm/armcc/bin/../lib/gcc/arm-none-eabi/10.3.1/../../../../arm-none-eabi/lib/thumb/v6-m/nofp\libg.a(lib_a-sbrkr.o)
                0x1000d1a8                _sbrk_r
 .text.__sread  0x1000d1cc       0x28 c:/vsarm/armcc/bin/../lib/gcc/arm-none-eabi/10.3.1/../../../../arm-none-eabi/lib/thumb/v6-m/nofp\libg.a(lib_a-stdio.o)
                0x1000d1cc                __sread
 .text.__swrite
                0x1000d1f4       0x40 c:/vsarm/armcc/bin/../lib/gcc/arm-none-eabi/10.3.1/../../../../arm-none-eabi/lib/thumb/v6-m/nofp\libg.a(lib_a-stdio.o)
                0x1000d1f4                __swrite
 .text.__sseek  0x1000d234       0x2c c:/vsarm/armcc/bin/../lib/gcc/arm-none-eabi/10.3.1/../../../../arm-none-eabi/lib/thumb/v6-m/nofp\libg.a(lib_a-stdio.o)
                0x1000d234                __sseek
 .text.__sclose
                0x1000d260        0xc c:/vsarm/armcc/bin/../lib/gcc/arm-none-eabi/10.3.1/../../../../arm-none-eabi/lib/thumb/v6-m/nofp\libg.a(lib_a-stdio.o)
                0x1000d260                __sclose
 .text.strlen   0x1000d26c       0x5c c:/vsarm/armcc/bin/../lib/gcc/arm-none-eabi/10.3.1/../../../../arm-none-eabi/lib/thumb/v6-m/nofp\libg.a(lib_a-strlen-stub.o)
                0x1000d26c                strlen
 .text._write_r
                0x1000d2c8       0x28 c:/vsarm/armcc/bin/../lib/gcc/arm-none-eabi/10.3.1/../../../../arm-none-eabi/lib/thumb/v6-m/nofp\libg.a(lib_a-writer.o)
                0x1000d2c8                _write_r
 .text._close_r
                0x1000d2f0       0x24 c:/vsarm/armcc/bin/../lib/gcc/arm-none-eabi/10.3.1/../../../../arm-none-eabi/lib/thumb/v6-m/nofp\libg.a(lib_a-closer.o)
                0x1000d2f0                _close_r
 .text._fclose_r
                0x1000d314       0xdc c:/vsarm/armcc/bin/../lib/gcc/arm-none-eabi/10.3.1/../../../../arm-none-eabi/lib/thumb/v6-m/nofp\libg.a(lib_a-fclose.o)
                0x1000d314                _fclose_r
 .text._lseek_r
                0x1000d3f0       0x28 c:/vsarm/armcc/bin/../lib/gcc/arm-none-eabi/10.3.1/../../../../arm-none-eabi/lib/thumb/v6-m/nofp\libg.a(lib_a-lseekr.o)
                0x1000d3f0                _lseek_r
 .text._read_r  0x1000d418       0x28 c:/vsarm/armcc/bin/../lib/gcc/arm-none-eabi/10.3.1/../../../../arm-none-eabi/lib/thumb/v6-m/nofp\libg.a(lib_a-readr.o)
                0x1000d418                _read_r
 .text._close   0x1000d440       0x10 c:/vsarm/armcc/bin/../lib/gcc/arm-none-eabi/10.3.1/../../../../arm-none-eabi/lib/thumb/v6-m/nofp\libnosys.a(close.o)
                0x1000d440                _close
 .text._lseek   0x1000d450       0x10 c:/vsarm/armcc/bin/../lib/gcc/arm-none-eabi/10.3.1/../../../../arm-none-eabi/lib/thumb/v6-m/nofp\libnosys.a(lseek.o)
                0x1000d450                _lseek
 *(.fini)
 .fini          0x1000d460        0x4 c:/vsarm/armcc/bin/../lib/gcc/arm-none-eabi/10.3.1/thumb/v6-m/nofp/crti.o
                0x1000d460                _fini
 *fill*         0x1000d464        0x4 
 .fini.__stub   0x1000d468       0xa0 linker stubs
 *crtbegin.o(.ctors)
 *crtbegin?.o(.ctors)
 *(EXCLUDE_FILE(*crtend.o *crtend?.o) .ctors)
 *(SORT_BY_NAME(.ctors.*))
 *(.ctors)
 *crtbegin.o(.dtors)
 *crtbegin?.o(.dtors)
 *(EXCLUDE_FILE(*crtend.o *crtend?.o) .dtors)
 *(SORT_BY_NAME(.dtors.*))
 *(.dtors)
 *(.eh_frame*)
 .eh_frame      0x1000d508        0x0 c:/vsarm/armcc/bin/../lib/gcc/arm-none-eabi/10.3.1/thumb/v6-m/nofp/crtbegin.o
                0x1000d508                . = ALIGN (0x4)

.glue_7         0x1000d508        0x0
 .glue_7        0x1000d508        0x0 linker stubs

.glue_7t        0x1000d508        0x0
 .glue_7t       0x1000d508        0x0 linker stubs

.vfp11_veneer   0x1000d508        0x0
 .vfp11_veneer  0x1000d508        0x0 linker stubs

.v4_bx          0x1000d508        0x0
 .v4_bx         0x1000d508        0x0 linker stubs

.iplt           0x1000d508        0x0
 .iplt          0x1000d508        0x0 c:/vsarm/armcc/bin/../lib/gcc/arm-none-eabi/10.3.1/thumb/v6-m/nofp/crtbegin.o

.rodata         0x1000d508     0x2ce4
 *(EXCLUDE_FILE(*libm.a: *libc.a:*lib_a-mem*.o *libgcc.a:) .rodata*)
 .rodata.main.str1.4
                0x1000d508      0x15f CMakeFiles/sd_fat_spi.dir/main.c.obj
 *fill*         0x1000d667        0x1 
 .rodata.spin_lock_claim_unused.str1.4
                0x1000d668       0x1b CMakeFiles/sd_fat_spi.dir/C_/VSARM/sdk/pico/pico-sdk/src/rp2_common/hardware_sync/sync.c.obj
 *fill*         0x1000d683        0x1 
 .rodata.make_branch.str1.4
                0x1000d684       0x6d CMakeFiles/sd_fat_spi.dir/C_/VSARM/sdk/pico/pico-sdk/src/rp2_common/hardware_irq/irq.c.obj
 *fill*         0x1000d6f1        0x3 
 .rodata.insert_branch_and_link.str1.4
                0x1000d6f4       0x10 CMakeFiles/sd_fat_spi.dir/C_/VSARM/sdk/pico/pico-sdk/src/rp2_common/hardware_irq/irq.c.obj
 .rodata.irq_set_exclusive_handler.str1.4
                0x1000d704       0x36 CMakeFiles/sd_fat_spi.dir/C_/VSARM/sdk/pico/pico-sdk/src/rp2_common/hardware_irq/irq.c.obj
 *fill*         0x1000d73a        0x2 
 .rodata.irq_add_shared_handler.str1.4
                0x1000d73c       0xd9 CMakeFiles/sd_fat_spi.dir/C_/VSARM/sdk/pico/pico-sdk/src/rp2_common/hardware_irq/irq.c.obj
 *fill*         0x1000d815        0x3 
 .rodata.irq_remove_handler.str1.4
                0x1000d818       0x2a CMakeFiles/sd_fat_spi.dir/C_/VSARM/sdk/pico/pico-sdk/src/rp2_common/hardware_irq/irq.c.obj
 *fill*         0x1000d842        0x2 
 .rodata.irq_add_tail_to_free_list.str1.4
                0x1000d844       0x3a CMakeFiles/sd_fat_spi.dir/C_/VSARM/sdk/pico/pico-sdk/src/rp2_common/hardware_irq/irq.c.obj
 *fill*         0x1000d87e        0x2 
 .rodata.user_irq_claim_unused.str1.4
                0x1000d880       0x1b CMakeFiles/sd_fat_spi.dir/C_/VSARM/sdk/pico/pico-sdk/src/rp2_common/hardware_irq/irq.c.obj
 *fill*         0x1000d89b        0x1 
 .rodata.__func__.0
                0x1000d89c       0x1a CMakeFiles/sd_fat_spi.dir/C_/VSARM/sdk/pico/pico-sdk/src/rp2_common/hardware_irq/irq.c.obj
 *fill*         0x1000d8b6        0x2 
 .rodata.__func__.1
                0x1000d8b8       0x17 CMakeFiles/sd_fat_spi.dir/C_/VSARM/sdk/pico/pico-sdk/src/rp2_common/hardware_irq/irq.c.obj
 *fill*         0x1000d8cf        0x1 
 .rodata.__func__.2
                0x1000d8d0       0x13 CMakeFiles/sd_fat_spi.dir/C_/VSARM/sdk/pico/pico-sdk/src/rp2_common/hardware_irq/irq.c.obj
 *fill*         0x1000d8e3        0x1 
 .rodata.__func__.3
                0x1000d8e4        0xc CMakeFiles/sd_fat_spi.dir/C_/VSARM/sdk/pico/pico-sdk/src/rp2_common/hardware_irq/irq.c.obj
 .rodata.__func__.4
                0x1000d8f0        0xf CMakeFiles/sd_fat_spi.dir/C_/VSARM/sdk/pico/pico-sdk/src/rp2_common/hardware_irq/irq.c.obj
 *fill*         0x1000d8ff        0x1 
 .rodata.__func__.5
                0x1000d900       0x17 CMakeFiles/sd_fat_spi.dir/C_/VSARM/sdk/pico/pico-sdk/src/rp2_common/hardware_irq/irq.c.obj
 *fill*         0x1000d917        0x1 
 .rodata.__func__.6
                0x1000d918       0x1a CMakeFiles/sd_fat_spi.dir/C_/VSARM/sdk/pico/pico-sdk/src/rp2_common/hardware_irq/irq.c.obj
 *fill*         0x1000d932        0x2 
 .rodata.str1.4
                0x1000d934       0xc6 CMakeFiles/sd_fat_spi.dir/C_/VSARM/sdk/pico/pico-sdk/src/common/pico_sync/sem.c.obj
 *fill*         0x1000d9fa        0x2 
 .rodata.__func__.1